Component: ARM Compiler 5.06 update 7 (build 960) Tool: armlink [4d3601]

==============================================================================

Section Cross References

    startup_stm32g474xx.o(RESET) refers to startup_stm32g474xx.o(STACK) for __initial_sp
    startup_stm32g474xx.o(RESET) refers to startup_stm32g474xx.o(.text) for Reset_Handler
    startup_stm32g474xx.o(RESET) refers to stm32g4xx_it.o(i.NMI_Handler) for NMI_Handler
    startup_stm32g474xx.o(RESET) refers to stm32g4xx_it.o(i.HardFault_Handler) for HardFault_Handler
    startup_stm32g474xx.o(RESET) refers to stm32g4xx_it.o(i.MemManage_Handler) for MemManage_Handler
    startup_stm32g474xx.o(RESET) refers to stm32g4xx_it.o(i.BusFault_Handler) for BusFault_Handler
    startup_stm32g474xx.o(RESET) refers to stm32g4xx_it.o(i.UsageFault_Handler) for UsageFault_Handler
    startup_stm32g474xx.o(RESET) refers to stm32g4xx_it.o(i.SVC_Handler) for SVC_Handler
    startup_stm32g474xx.o(RESET) refers to stm32g4xx_it.o(i.DebugMon_Handler) for DebugMon_Handler
    startup_stm32g474xx.o(RESET) refers to stm32g4xx_it.o(i.PendSV_Handler) for PendSV_Handler
    startup_stm32g474xx.o(RESET) refers to stm32g4xx_it.o(i.SysTick_Handler) for SysTick_Handler
    startup_stm32g474xx.o(RESET) refers to stm32g4xx_it.o(i.ADC1_2_IRQHandler) for ADC1_2_IRQHandler
    startup_stm32g474xx.o(RESET) refers to stm32g4xx_it.o(i.TIM3_IRQHandler) for TIM3_IRQHandler
    startup_stm32g474xx.o(RESET) refers to stm32g4xx_it.o(i.TIM6_DAC_IRQHandler) for TIM6_DAC_IRQHandler
    startup_stm32g474xx.o(RESET) refers to stm32g4xx_it.o(i.TIM7_DAC_IRQHandler) for TIM7_DAC_IRQHandler
    startup_stm32g474xx.o(.text) refers to system_stm32g4xx.o(i.SystemInit) for SystemInit
    startup_stm32g474xx.o(.text) refers to entry.o(.ARM.Collect$$$$00000000) for __main
    main.o(i.HAL_ADCEx_InjectedConvCpltCallback) refers to dwt_timer.o(i.DWT_Timer_Start) for DWT_Timer_Start
    main.o(i.HAL_ADCEx_InjectedConvCpltCallback) refers to observer.o(i.SMO_PLL_Update) for SMO_PLL_Update
    main.o(i.HAL_ADCEx_InjectedConvCpltCallback) refers to filter.o(i.LPF1_Update) for LPF1_Update
    main.o(i.HAL_ADCEx_InjectedConvCpltCallback) refers to main.o(i.Motor_SoftwareTrip_StopAll) for Motor_SoftwareTrip_StopAll
    main.o(i.HAL_ADCEx_InjectedConvCpltCallback) refers to foc_function.o(i.Normalize_theta) for Normalize_theta
    main.o(i.HAL_ADCEx_InjectedConvCpltCallback) refers to observer.o(i.IF_SMO_Blend) for IF_SMO_Blend
    main.o(i.HAL_ADCEx_InjectedConvCpltCallback) refers to foc_function.o(i.IF_OpenLoop) for IF_OpenLoop
    main.o(i.HAL_ADCEx_InjectedConvCpltCallback) refers to foc_function.o(i.SMO_C_Control) for SMO_C_Control
    main.o(i.HAL_ADCEx_InjectedConvCpltCallback) refers to foc_function.o(i.SpeedPI) for SpeedPI
    main.o(i.HAL_ADCEx_InjectedConvCpltCallback) refers to dwt_timer.o(i.DWT_Timer_Stop) for DWT_Timer_Stop
    main.o(i.HAL_ADCEx_InjectedConvCpltCallback) refers to main.o(.bss) for .bss
    main.o(i.HAL_ADCEx_InjectedConvCpltCallback) refers to foc_function.o(.bss) for MyFoc
    main.o(i.HAL_ADCEx_InjectedConvCpltCallback) refers to observer.o(.data) for PLL
    main.o(i.HAL_ADCEx_InjectedConvCpltCallback) refers to observer.o(.data) for SMO
    main.o(i.HAL_ADCEx_InjectedConvCpltCallback) refers to main.o(.data) for .data
    main.o(i.HAL_ADCEx_InjectedConvCpltCallback) refers to adc.o(.bss) for hadc1
    main.o(i.HAL_ADCEx_InjectedConvCpltCallback) refers to observer.o(.data) for Blend
    main.o(i.HAL_ADCEx_InjectedConvCpltCallback) refers to foc_function.o(.bss) for S_PI
    main.o(i.HAL_ADCEx_InjectedConvCpltCallback) refers to foc_function.o(.bss) for C_PI
    main.o(i.HAL_TIM_PeriodElapsedCallback) refers to encoder.o(i.Encode_get_speed) for Encode_get_speed
    main.o(i.HAL_TIM_PeriodElapsedCallback) refers to main.o(.data) for .data
    main.o(i.HAL_TIM_PeriodElapsedCallback) refers to tim.o(.bss) for htim3
    main.o(i.LowPassFilter) refers to main.o(.data) for .data
    main.o(i.Motor_SoftwareTrip_StopAll) refers to stm32g4xx_hal_tim.o(i.HAL_TIM_PWM_Stop) for HAL_TIM_PWM_Stop
    main.o(i.Motor_SoftwareTrip_StopAll) refers to stm32g4xx_hal_tim_ex.o(i.HAL_TIMEx_PWMN_Stop) for HAL_TIMEx_PWMN_Stop
    main.o(i.Motor_SoftwareTrip_StopAll) refers to tim.o(.bss) for htim1
    main.o(i.Motor_SoftwareTrip_StopAll) refers to main.o(.data) for .data
    main.o(i.Motor_SoftwareTrip_StopAll) refers to foc_function.o(.bss) for C_PI
    main.o(i.Motor_SoftwareTrip_StopAll) refers to foc_function.o(.bss) for S_PI
    main.o(i.SystemClock_Config) refers to memseta.o(.text) for __aeabi_memclr4
    main.o(i.SystemClock_Config) refers to stm32g4xx_hal_pwr_ex.o(i.HAL_PWREx_ControlVoltageScaling) for HAL_PWREx_ControlVoltageScaling
    main.o(i.SystemClock_Config) refers to stm32g4xx_hal_rcc.o(i.HAL_RCC_OscConfig) for HAL_RCC_OscConfig
    main.o(i.SystemClock_Config) refers to stm32g4xx_hal_rcc.o(i.HAL_RCC_ClockConfig) for HAL_RCC_ClockConfig
[...]
    ../mathlib/atan2f.c                      0x00000000   Number         0  atan2f.o ABSOLUTE
    ../mathlib/atan2f.c                      0x00000000   Number         0  atan2f_x.o ABSOLUTE
    ../mathlib/expf.c                        0x00000000   Number         0  expf.o ABSOLUTE
    ../mathlib/expf.c                        0x00000000   Number         0  expf_x.o ABSOLUTE
    ../mathlib/fmodf.c                       0x00000000   Number         0  fmodf_x.o ABSOLUTE
    ../mathlib/fmodf.c                       0x00000000   Number         0  fmodf.o ABSOLUTE
    ../mathlib/fpclassifyf.c                 0x00000000   Number         0  fpclassifyf.o ABSOLUTE
    ../mathlib/funder.c                      0x00000000   Number         0  funder.o ABSOLUTE
    ../mathlib/tanhf.c                       0x00000000   Number         0  tanhf_x.o ABSOLUTE
    ../mathlib/tanhf.c                       0x00000000   Number         0  tanhf.o ABSOLUTE
    ..\Core\Src\adc.c                        0x00000000   Number         0  adc.o ABSOLUTE
    ..\Core\Src\gpio.c                       0x00000000   Number         0  gpio.o ABSOLUTE
    ..\Core\Src\main.c                       0x00000000   Number         0  main.o ABSOLUTE
    ..\Core\Src\stm32g4xx_hal_msp.c          0x00000000   Number         0  stm32g4xx_hal_msp.o ABSOLUTE
    ..\Core\Src\stm32g4xx_it.c               0x00000000   Number         0  stm32g4xx_it.o ABSOLUTE
    ..\Core\Src\system_stm32g4xx.c           0x00000000   Number         0  system_stm32g4xx.o ABSOLUTE
    ..\Core\Src\tim.c                        0x00000000   Number         0  tim.o ABSOLUTE
    ..\Drivers\STM32G4xx_HAL_Driver\Src\stm32g4xx_hal.c 0x00000000   Number         0  stm32g4xx_hal.o ABSOLUTE
    ..\Drivers\STM32G4xx_HAL_Driver\Src\stm32g4xx_hal_adc.c 0x00000000   Number         0  stm32g4xx_hal_adc.o ABSOLUTE
    ..\Drivers\STM32G4xx_HAL_Driver\Src\stm32g4xx_hal_adc_ex.c 0x00000000   Number         0  stm32g4xx_hal_adc_ex.o ABSOLUTE
    ..\Drivers\STM32G4xx_HAL_Driver\Src\stm32g4xx_hal_cortex.c 0x00000000   Number         0  stm32g4xx_hal_cortex.o ABSOLUTE
    ..\Drivers\STM32G4xx_HAL_Driver\Src\stm32g4xx_hal_dma.c 0x00000000   Number         0  stm32g4xx_hal_dma.o ABSOLUTE
    ..\Drivers\STM32G4xx_HAL_Driver\Src\stm32g4xx_hal_dma_ex.c 0x00000000   Number         0  stm32g4xx_hal_dma_ex.o ABSOLUTE
    ..\Drivers\STM32G4xx_HAL_Driver\Src\stm32g4xx_hal_exti.c 0x00000000   Number         0  stm32g4xx_hal_exti.o ABSOLUTE
    ..\Drivers\STM32G4xx_HAL_Driver\Src\stm32g4xx_hal_flash.c 0x00000000   Number         0  stm32g4xx_hal_flash.o ABSOLUTE
    ..\Drivers\STM32G4xx_HAL_Driver\Src\stm32g4xx_hal_flash_ex.c 0x00000000   Number         0  stm32g4xx_hal_flash_ex.o ABSOLUTE
    ..\Drivers\STM32G4xx_HAL_Driver\Src\stm32g4xx_hal_flash_ramfunc.c 0x00000000   Number         0  stm32g4xx_hal_flash_ramfunc.o ABSOLUTE
    ..\Drivers\STM32G4xx_HAL_Driver\Src\stm32g4xx_hal_gpio.c 0x00000000   Number         0  stm32g4xx_hal_gpio.o ABSOLUTE
    ..\Drivers\STM32G4xx_HAL_Driver\Src\stm32g4xx_hal_pwr.c 0x00000000   Number         0  stm32g4xx_hal_pwr.o ABSOLUTE
    ..\Drivers\STM32G4xx_HAL_Driver\Src\stm32g4xx_hal_pwr_ex.c 0x00000000   Number         0  stm32g4xx_hal_pwr_ex.o ABSOLUTE
    ..\Drivers\STM32G4xx_HAL_Driver\Src\stm32g4xx_hal_rcc.c 0x00000000   Number         0  stm32g4xx_hal_rcc.o ABSOLUTE
    ..\Drivers\STM32G4xx_HAL_Driver\Src\stm32g4xx_hal_rcc_ex.c 0x00000000   Number         0  stm32g4xx_hal_rcc_ex.o ABSOLUTE
    ..\Drivers\STM32G4xx_HAL_Driver\Src\stm32g4xx_hal_tim.c 0x00000000   Number         0  stm32g4xx_hal_tim.o ABSOLUTE
    ..\Drivers\STM32G4xx_HAL_Driver\Src\stm32g4xx_hal_tim_ex.c 0x00000000   Number         0  stm32g4xx_hal_tim_ex.o ABSOLUTE
    ..\MyCode\Encoder.c                      0x00000000   Number         0  encoder.o ABSOLUTE
    ..\MyCode\Filter.c                       0x00000000   Number         0  filter.o ABSOLUTE
    ..\MyCode\Foc_Function.c                 0x00000000   Number         0  foc_function.o ABSOLUTE
    ..\MyCode\Led_Key.c                      0x00000000   Number         0  led_key.o ABSOLUTE
    ..\MyCode\Observer.c                     0x00000000   Number         0  observer.o ABSOLUTE
    ..\MyCode\Readme.c                       0x00000000   Number         0  readme.o ABSOLUTE
    ..\MyCode\dwt_timer.c                    0x00000000   Number         0  dwt_timer.o ABSOLUTE
    ..\\MyCode\\Encoder.c                    0x00000000   Number         0  encoder.o ABSOLUTE
    ..\\MyCode\\Foc_Function.c               0x00000000   Number         0  foc_function.o ABSOLUTE
    ..\\MyCode\\Led_Key.c                    0x00000000   Number         0  led_key.o ABSOLUTE
    ..\\MyCode\\Observer.c                   0x00000000   Number         0  observer.o ABSOLUTE
    ..\\MyCode\\dwt_timer.c                  0x00000000   Number         0  dwt_timer.o ABSOLUTE
    arm_common_tables.c                      0x00000000   Number         0  arm_common_tables.o ABSOLUTE
    arm_sin_cos_f32.c                        0x00000000   Number         0  arm_sin_cos_f32.o ABSOLUTE
    dc.s                                     0x00000000   Number         0  dc.o ABSOLUTE
    handlers.s                               0x00000000   Number         0  handlers.o ABSOLUTE
    init.s                                   0x00000000   Number         0  init.o ABSOLUTE
    startup_stm32g474xx.s                    0x00000000   Number         0  startup_stm32g474xx.o ABSOLUTE
    RESET                                    0x08000000   Section      472  startup_stm32g474xx.o(RESET)
    .ARM.Collect$$$$00000000                 0x080001d8   Section        0  entry.o(.ARM.Collect$$$$00000000)
    .ARM.Collect$$$$00000001                 0x080001d8   Section        4  entry2.o(.ARM.Collect$$$$00000001)
    .ARM.Collect$$$$00000004                 0x080001dc   Section        4  entry5.o(.ARM.Collect$$$$00000004)
    .ARM.Collect$$$$00000008                 0x080001e0   Section        0  entry7b.o(.ARM.Collect$$$$00000008)
    .ARM.Collect$$$$0000000A                 0x080001e0   Section        0  entry8b.o(.ARM.Collect$$$$0000000A)
    .ARM.Collect$$$$0000000B                 0x080001e0   Section        8  entry9a.o(.ARM.Collect$$$$0000000B)
    .ARM.Collect$$$$0000000E                 0x080001e8   Section        4  entry12b.o(.ARM.Collect$$$$0000000E)
    .ARM.Collect$$$$0000000F                 0x080001ec   Section        0  entry10a.o(.ARM.Collect$$$$0000000F)
    .ARM.Collect$$$$00000011                 0x080001ec   Section        0  entry11a.o(.ARM.Collect$$$$00000011)
    .ARM.Collect$$$$00002712                 0x080001ec   Section        4  entry2.o(.ARM.Collect$$$$00002712)
    __lit__00000000                          0x080001ec   Data           4  entry2.o(.ARM.Collect$$$$00002712)
    .text                                    0x080001f0   Section       36  startup_stm32g474xx.o(.text)
    $v0                                      0x080001f0   Number         0  startup_stm32g474xx.o(.text)
    .text                                    0x08000214   Section        0  memseta.o(.text)
    .text                                    0x08000238   Section        0  dmul.o(.text)
    .text                                    0x0800031c   Section        0  ddiv.o(.text)
    .text                                    0x080003fa   Section        0  dfltui.o(.text)
    .text                                    0x08000414   Section        0  d2f.o(.text)
    .text                                    0x0800044c   Section        0  llshl.o(.text)
    .text                                    0x0800046a   Section        0  iusefp.o(.text)
    .text                                    0x0800046a   Section        0  fepilogue.o(.text)
    .text                                    0x080004d8   Section        0  frem.o(.text)
    .text                                    0x0800052a   Section        0  depilogue.o(.text)
    .text                                    0x080005e4   Section       36  init.o(.text)
    .text                                    0x08000608   Section        0  llushr.o(.text)
    .text                                    0x08000628   Section        0  __dczerorl.o(.text)
    [Anonymous Symbol]                       0x08000664   Section        0  arm_sin_cos_f32.o(.text.arm_sin_cos_f32)
    i.ADC1_2_IRQHandler                      0x08000788   Section        0  stm32g4xx_it.o(i.ADC1_2_IRQHandler)
    i.ADC_Disable                            0x08000794   Section        0  stm32g4xx_hal_adc.o(i.ADC_Disable)
    i.ADC_Enable                             0x08000804   Section        0  stm32g4xx_hal_adc.o(i.ADC_Enable)
    i.BusFault_Handler                       0x080008cc   Section        0  stm32g4xx_it.o(i.BusFault_Handler)
    i.Clarke                                 0x080008d0   Section        0  foc_function.o(i.Clarke)
    i.CurrentPI                              0x080008fc   Section        0  foc_function.o(i.CurrentPI)
    i.DWT_Timer_Init                         0x08000a04   Section        0  dwt_timer.o(i.DWT_Timer_Init)
    i.DWT_Timer_Start                        0x08000a28   Section        0  dwt_timer.o(i.DWT_Timer_Start)
    i.DWT_Timer_Stop                         0x08000a38   Section        0  dwt_timer.o(i.DWT_Timer_Stop)
    i.DebugMon_Handler                       0x08000a70   Section        0  stm32g4xx_it.o(i.DebugMon_Handler)
    i.Encode_get_speed                       0x08000a74   Section        0  encoder.o(i.Encode_get_speed)
    i.Error_Handler                          0x08000b58   Section        0  main.o(i.Error_Handler)
    i.HAL_ADCEx_Calibration_Start            0x08000b5c   Section        0  stm32g4xx_hal_adc_ex.o(i.HAL_ADCEx_Calibration_Start)
    i.HAL_ADCEx_EndOfSamplingCallback        0x08000bf0   Section        0  stm32g4xx_hal_adc_ex.o(i.HAL_ADCEx_EndOfSamplingCallback)
    i.HAL_ADCEx_InjectedConfigChannel        0x08000bf4   Section        0  stm32g4xx_hal_adc_ex.o(i.HAL_ADCEx_InjectedConfigChannel)
    i.HAL_ADCEx_InjectedConvCpltCallback     0x0800114c   Section        0  main.o(i.HAL_ADCEx_InjectedConvCpltCallback)
    i.HAL_ADCEx_InjectedQueueOverflowCallback 0x080014f4   Section        0  stm32g4xx_hal_adc_ex.o(i.HAL_ADCEx_InjectedQueueOverflowCallback)
    i.HAL_ADCEx_InjectedStart_IT             0x080014f8   Section        0  stm32g4xx_hal_adc_ex.o(i.HAL_ADCEx_InjectedStart_IT)
    i.HAL_ADCEx_LevelOutOfWindow2Callback    0x08001650   Section        0  stm32g4xx_hal_adc_ex.o(i.HAL_ADCEx_LevelOutOfWindow2Callback)
    i.HAL_ADCEx_LevelOutOfWindow3Callback    0x08001652   Section        0  stm32g4xx_hal_adc_ex.o(i.HAL_ADCEx_LevelOutOfWindow3Callback)
    i.HAL_ADCEx_MultiModeConfigChannel       0x08001654   Section        0  stm32g4xx_hal_adc_ex.o(i.HAL_ADCEx_MultiModeConfigChannel)
    i.HAL_ADC_ConfigChannel                  0x080017a4   Section        0  stm32g4xx_hal_adc.o(i.HAL_ADC_ConfigChannel)
    i.HAL_ADC_ConvCpltCallback               0x08001c08   Section        0  stm32g4xx_hal_adc.o(i.HAL_ADC_ConvCpltCallback)
    i.HAL_ADC_ErrorCallback                  0x08001c0a   Section        0  stm32g4xx_hal_adc.o(i.HAL_ADC_ErrorCallback)
    i.HAL_ADC_GetValue                       0x08001c0c   Section        0  stm32g4xx_hal_adc.o(i.HAL_ADC_GetValue)
    i.HAL_ADC_IRQHandler                     0x08001c14   Section        0  stm32g4xx_hal_adc.o(i.HAL_ADC_IRQHandler)
    i.HAL_ADC_Init                           0x08001ecc   Section        0  stm32g4xx_hal_adc.o(i.HAL_ADC_Init)
    i.HAL_ADC_LevelOutOfWindowCallback       0x08002100   Section        0  stm32g4xx_hal_adc.o(i.HAL_ADC_LevelOutOfWindowCallback)
    i.HAL_ADC_MspInit                        0x08002104   Section        0  adc.o(i.HAL_ADC_MspInit)
    i.HAL_ADC_Start                          0x080021ac   Section        0  stm32g4xx_hal_adc.o(i.HAL_ADC_Start)
    i.HAL_GPIO_Init                          0x080022e4   Section        0  stm32g4xx_hal_gpio.o(i.HAL_GPIO_Init)
    i.HAL_GPIO_WritePin                      0x08002494   Section        0  stm32g4xx_hal_gpio.o(i.HAL_GPIO_WritePin)
    i.HAL_GetTick                            0x080024a0   Section        0  stm32g4xx_hal.o(i.HAL_GetTick)
    i.HAL_IncTick                            0x080024ac   Section        0  stm32g4xx_hal.o(i.HAL_IncTick)
    i.HAL_Init                               0x080024bc   Section        0  stm32g4xx_hal.o(i.HAL_Init)
    i.HAL_InitTick                           0x080024dc   Section        0  stm32g4xx_hal.o(i.HAL_InitTick)
    i.HAL_MspInit                            0x08002520   Section        0  stm32g4xx_hal_msp.o(i.HAL_MspInit)
    i.HAL_NVIC_EnableIRQ                     0x08002550   Section        0  stm32g4xx_hal_cortex.o(i.HAL_NVIC_EnableIRQ)
    i.HAL_NVIC_SetPriority                   0x0800256c   Section        0  stm32g4xx_hal_cortex.o(i.HAL_NVIC_SetPriority)
    i.HAL_NVIC_SetPriorityGrouping           0x080025ac   Section        0  stm32g4xx_hal_cortex.o(i.HAL_NVIC_SetPriorityGrouping)
    i.HAL_PWREx_ControlVoltageScaling        0x080025d0   Section        0  stm32g4xx_hal_pwr_ex.o(i.HAL_PWREx_ControlVoltageScaling)
    i.HAL_PWREx_DisableUCPDDeadBattery       0x0800268c   Section        0  stm32g4xx_hal_pwr_ex.o(i.HAL_PWREx_DisableUCPDDeadBattery)
    i.HAL_RCCEx_PeriphCLKConfig              0x0800269c   Section        0  stm32g4xx_hal_rcc_ex.o(i.HAL_RCCEx_PeriphCLKConfig)
    i.HAL_RCC_ClockConfig                    0x080029b4   Section        0  stm32g4xx_hal_rcc.o(i.HAL_RCC_ClockConfig)
    i.HAL_RCC_GetSysClockFreq                0x08002b90   Section        0  stm32g4xx_hal_rcc.o(i.HAL_RCC_GetSysClockFreq)
    i.HAL_RCC_OscConfig                      0x08002bfc   Section        0  stm32g4xx_hal_rcc.o(i.HAL_RCC_OscConfig)
    i.HAL_SYSTICK_Config                     0x08002ff0   Section        0  stm32g4xx_hal_cortex.o(i.HAL_SYSTICK_Config)
    i.HAL_TIMEx_Break2Callback               0x08003018   Section        0  stm32g4xx_hal_tim_ex.o(i.HAL_TIMEx_Break2Callback)
    i.HAL_TIMEx_BreakCallback                0x0800301a   Section        0  stm32g4xx_hal_tim_ex.o(i.HAL_TIMEx_BreakCallback)
    i.HAL_TIMEx_CommutCallback               0x0800301c   Section        0  stm32g4xx_hal_tim_ex.o(i.HAL_TIMEx_CommutCallback)
    i.HAL_TIMEx_ConfigBreakDeadTime          0x08003020   Section        0  stm32g4xx_hal_tim_ex.o(i.HAL_TIMEx_ConfigBreakDeadTime)
    i.HAL_TIMEx_DirectionChangeCallback      0x080030c8   Section        0  stm32g4xx_hal_tim_ex.o(i.HAL_TIMEx_DirectionChangeCallback)
    i.HAL_TIMEx_EncoderIndexCallback         0x080030ca   Section        0  stm32g4xx_hal_tim_ex.o(i.HAL_TIMEx_EncoderIndexCallback)
    i.HAL_TIMEx_IndexErrorCallback           0x080030cc   Section        0  stm32g4xx_hal_tim_ex.o(i.HAL_TIMEx_IndexErrorCallback)
    i.HAL_TIMEx_MasterConfigSynchronization  0x080030d0   Section        0  stm32g4xx_hal_tim_ex.o(i.HAL_TIMEx_MasterConfigSynchronization)
    i.HAL_TIMEx_PWMN_Start                   0x08003188   Section        0  stm32g4xx_hal_tim_ex.o(i.HAL_TIMEx_PWMN_Start)
    i.HAL_TIMEx_PWMN_Stop                    0x08003258   Section        0  stm32g4xx_hal_tim_ex.o(i.HAL_TIMEx_PWMN_Stop)
    i.HAL_TIMEx_TransitionErrorCallback      0x080032c0   Section        0  stm32g4xx_hal_tim_ex.o(i.HAL_TIMEx_TransitionErrorCallback)
    i.HAL_TIM_Base_Init                      0x080032c2   Section        0  stm32g4xx_hal_tim.o(i.HAL_TIM_Base_Init)
    i.HAL_TIM_Base_MspInit                   0x08003324   Section        0  tim.o(i.HAL_TIM_Base_MspInit)
    i.HAL_TIM_Base_Start                     0x080033a0   Section        0  stm32g4xx_hal_tim.o(i.HAL_TIM_Base_Start)
    i.HAL_TIM_Base_Start_IT                  0x08003420   Section        0  stm32g4xx_hal_tim.o(i.HAL_TIM_Base_Start_IT)
    i.HAL_TIM_ConfigClockSource              0x080034ac   Section        0  stm32g4xx_hal_tim.o(i.HAL_TIM_ConfigClockSource)
    i.HAL_TIM_Encoder_Init                   0x0800359c   Section        0  stm32g4xx_hal_tim.o(i.HAL_TIM_Encoder_Init)
    i.HAL_TIM_Encoder_MspInit                0x08003644   Section        0  tim.o(i.HAL_TIM_Encoder_MspInit)
    i.HAL_TIM_Encoder_Stop                   0x080036b4   Section        0  stm32g4xx_hal_tim.o(i.HAL_TIM_Encoder_Stop)
    i.HAL_TIM_IC_CaptureCallback             0x0800371a   Section        0  stm32g4xx_hal_tim.o(i.HAL_TIM_IC_CaptureCallback)
    i.HAL_TIM_IRQHandler                     0x0800371c   Section        0  stm32g4xx_hal_tim.o(i.HAL_TIM_IRQHandler)
    i.HAL_TIM_MspPostInit                    0x080038c0   Section        0  tim.o(i.HAL_TIM_MspPostInit)
    i.HAL_TIM_OC_DelayElapsedCallback        0x08003954   Section        0  stm32g4xx_hal_tim.o(i.HAL_TIM_OC_DelayElapsedCallback)
    i.HAL_TIM_PWM_ConfigChannel              0x08003956   Section        0  stm32g4xx_hal_tim.o(i.HAL_TIM_PWM_ConfigChannel)
    i.HAL_TIM_PWM_Init                       0x08003a7a   Section        0  stm32g4xx_hal_tim.o(i.HAL_TIM_PWM_Init)
    i.HAL_TIM_PWM_MspInit                    0x08003adc   Section        0  stm32g4xx_hal_tim.o(i.HAL_TIM_PWM_MspInit)
    i.HAL_TIM_PWM_PulseFinishedCallback      0x08003ade   Section        0  stm32g4xx_hal_tim.o(i.HAL_TIM_PWM_PulseFinishedCallback)
    i.HAL_TIM_PWM_Start                      0x08003ae0   Section        0  stm32g4xx_hal_tim.o(i.HAL_TIM_PWM_Start)
    i.HAL_TIM_PWM_Stop                       0x08003c00   Section        0  stm32g4xx_hal_tim.o(i.HAL_TIM_PWM_Stop)
    i.HAL_TIM_PeriodElapsedCallback          0x08003cb8   Section        0  main.o(i.HAL_TIM_PeriodElapsedCallback)
    i.HAL_TIM_TriggerCallback                0x08003d00   Section        0  stm32g4xx_hal_tim.o(i.HAL_TIM_TriggerCallback)
    i.HardFault_Handler                      0x08003d02   Section        0  stm32g4xx_it.o(i.HardFault_Handler)
    i.IF_OpenLoop                            0x08003d04   Section        0  foc_function.o(i.IF_OpenLoop)
    i.IF_SMO_Blend                           0x08003d48   Section        0  observer.o(i.IF_SMO_Blend)
    i.Invpark                                0x08003e34   Section        0  foc_function.o(i.Invpark)
    i.LL_ADC_GetOffsetChannel                0x08003e88   Section        0  stm32g4xx_hal_adc.o(i.LL_ADC_GetOffsetChannel)
    LL_ADC_GetOffsetChannel                  0x08003e89   Thumb Code    12  stm32g4xx_hal_adc.o(i.LL_ADC_GetOffsetChannel)
    i.LL_ADC_GetOffsetChannel                0x08003e94   Section        0  stm32g4xx_hal_adc_ex.o(i.LL_ADC_GetOffsetChannel)
    LL_ADC_GetOffsetChannel                  0x08003e95   Thumb Code    12  stm32g4xx_hal_adc_ex.o(i.LL_ADC_GetOffsetChannel)
    i.LL_ADC_INJ_IsConversionOngoing         0x08003ea0   Section        0  stm32g4xx_hal_adc.o(i.LL_ADC_INJ_IsConversionOngoing)
    LL_ADC_INJ_IsConversionOngoing           0x08003ea1   Thumb Code     8  stm32g4xx_hal_adc.o(i.LL_ADC_INJ_IsConversionOngoing)
    i.LL_ADC_INJ_IsConversionOngoing         0x08003ea8   Section        0  stm32g4xx_hal_adc_ex.o(i.LL_ADC_INJ_IsConversionOngoing)
    LL_ADC_INJ_IsConversionOngoing           0x08003ea9   Thumb Code     8  stm32g4xx_hal_adc_ex.o(i.LL_ADC_INJ_IsConversionOngoing)
    i.LL_ADC_IsEnabled                       0x08003eb0   Section        0  stm32g4xx_hal_adc.o(i.LL_ADC_IsEnabled)
    LL_ADC_IsEnabled                         0x08003eb1   Thumb Code     8  stm32g4xx_hal_adc.o(i.LL_ADC_IsEnabled)
    i.LL_ADC_IsEnabled                       0x08003eb8   Section        0  stm32g4xx_hal_adc_ex.o(i.LL_ADC_IsEnabled)
    LL_ADC_IsEnabled                         0x08003eb9   Thumb Code     8  stm32g4xx_hal_adc_ex.o(i.LL_ADC_IsEnabled)
    i.LL_ADC_REG_IsConversionOngoing         0x08003ec0   Section        0  stm32g4xx_hal_adc.o(i.LL_ADC_REG_IsConversionOngoing)
    LL_ADC_REG_IsConversionOngoing           0x08003ec1   Thumb Code     8  stm32g4xx_hal_adc.o(i.LL_ADC_REG_IsConversionOngoing)
    i.LL_ADC_REG_IsConversionOngoing         0x08003ec8   Section        0  stm32g4xx_hal_adc_ex.o(i.LL_ADC_REG_IsConversionOngoing)
    LL_ADC_REG_IsConversionOngoing           0x08003ec9   Thumb Code     8  stm32g4xx_hal_adc_ex.o(i.LL_ADC_REG_IsConversionOngoing)
    i.LL_ADC_REG_IsTriggerSourceSWStart      0x08003ed0   Section        0  stm32g4xx_hal_adc.o(i.LL_ADC_REG_IsTriggerSourceSWStart)
    LL_ADC_REG_IsTriggerSourceSWStart        0x08003ed1   Thumb Code    16  stm32g4xx_hal_adc.o(i.LL_ADC_REG_IsTriggerSourceSWStart)
    i.LL_ADC_SetChannelSamplingTime          0x08003ee0   Section        0  stm32g4xx_hal_adc.o(i.LL_ADC_SetChannelSamplingTime)
    LL_ADC_SetChannelSamplingTime            0x08003ee1   Thumb Code    30  stm32g4xx_hal_adc.o(i.LL_ADC_SetChannelSamplingTime)
    i.LL_ADC_SetChannelSamplingTime          0x08003efe   Section        0  stm32g4xx_hal_adc_ex.o(i.LL_ADC_SetChannelSamplingTime)
    LL_ADC_SetChannelSamplingTime            0x08003eff   Thumb Code    30  stm32g4xx_hal_adc_ex.o(i.LL_ADC_SetChannelSamplingTime)
    i.LL_ADC_SetOffsetState                  0x08003f1c   Section        0  stm32g4xx_hal_adc.o(i.LL_ADC_SetOffsetState)
    LL_ADC_SetOffsetState                    0x08003f1d   Thumb Code    16  stm32g4xx_hal_adc.o(i.LL_ADC_SetOffsetState)
    i.LL_ADC_SetOffsetState                  0x08003f2c   Section        0  stm32g4xx_hal_adc_ex.o(i.LL_ADC_SetOffsetState)
    LL_ADC_SetOffsetState                    0x08003f2d   Thumb Code    16  stm32g4xx_hal_adc_ex.o(i.LL_ADC_SetOffsetState)
    i.LPF1_Update                            0x08003f3c   Section        0  filter.o(i.LPF1_Update)
    i.MX_ADC1_Init                           0x08003f90   Section        0  adc.o(i.MX_ADC1_Init)
    i.MX_GPIO_Init                           0x080040a0   Section        0  gpio.o(i.MX_GPIO_Init)
    i.MX_TIM1_Init                           0x08004140   Section        0  tim.o(i.MX_TIM1_Init)
    i.MX_TIM3_Init                           0x08004258   Section        0  tim.o(i.MX_TIM3_Init)
    i.MX_TIM6_Init                           0x080042c8   Section        0  tim.o(i.MX_TIM6_Init)
    i.MX_TIM7_Init                           0x08004310   Section        0  tim.o(i.MX_TIM7_Init)
    i.MemManage_Handler                      0x08004358   Section        0  stm32g4xx_it.o(i.MemManage_Handler)
    i.Motor_SoftwareTrip_StopAll             0x0800435c   Section        0  main.o(i.Motor_SoftwareTrip_StopAll)
    i.NMI_Handler                            0x080043d4   Section        0  stm32g4xx_it.o(i.NMI_Handler)
    i.Normalize_theta                        0x080043d8   Section        0  foc_function.o(i.Normalize_theta)
    i.PLL_calculate                          0x08004404   Section        0  observer.o(i.PLL_calculate)
    i.Park                                   0x0800452c   Section        0  foc_function.o(i.Park)
    i.PendSV_Handler                         0x08004580   Section        0  stm32g4xx_it.o(i.PendSV_Handler)
    i.SMO_C_Control                          0x08004584   Section        0  foc_function.o(i.SMO_C_Control)
    i.SMO_PLL_Update                         0x080045d4   Section        0  observer.o(i.SMO_PLL_Update)
    i.SVC_Handler                            0x08004694   Section        0  stm32g4xx_it.o(i.SVC_Handler)
    i.SpeedPI                                0x08004698   Section        0  foc_function.o(i.SpeedPI)
    i.Svpwm                                  0x08004724   Section        0  foc_function.o(i.Svpwm)
    i.SysTick_Handler                        0x080048d8   Section        0  stm32g4xx_it.o(i.SysTick_Handler)
    i.SystemClock_Config                     0x080048dc   Section        0  main.o(i.SystemClock_Config)
    i.SystemInit                             0x08004944   Section        0  system_stm32g4xx.o(i.SystemInit)
    i.TIM3_IRQHandler                        0x08004954   Section        0  stm32g4xx_it.o(i.TIM3_IRQHandler)
    i.TIM6_DAC_IRQHandler                    0x08004960   Section        0  stm32g4xx_it.o(i.TIM6_DAC_IRQHandler)
    i.TIM7_DAC_IRQHandler                    0x0800496c   Section        0  stm32g4xx_it.o(i.TIM7_DAC_IRQHandler)
    i.TIM_Base_SetConfig                     0x08004978   Section        0  stm32g4xx_hal_tim.o(i.TIM_Base_SetConfig)
    i.TIM_CCxChannelCmd                      0x08004a5c   Section        0  stm32g4xx_hal_tim.o(i.TIM_CCxChannelCmd)
    i.TIM_CCxNChannelCmd                     0x08004a76   Section        0  stm32g4xx_hal_tim_ex.o(i.TIM_CCxNChannelCmd)
    TIM_CCxNChannelCmd                       0x08004a77   Thumb Code    26  stm32g4xx_hal_tim_ex.o(i.TIM_CCxNChannelCmd)
    i.TIM_ETR_SetConfig                      0x08004a90   Section        0  stm32g4xx_hal_tim.o(i.TIM_ETR_SetConfig)
    i.TIM_ITRx_SetConfig                     0x08004aa4   Section        0  stm32g4xx_hal_tim.o(i.TIM_ITRx_SetConfig)
    TIM_ITRx_SetConfig                       0x08004aa5   Thumb Code    16  stm32g4xx_hal_tim.o(i.TIM_ITRx_SetConfig)
    i.TIM_OC1_SetConfig                      0x08004ab8   Section        0  stm32g4xx_hal_tim.o(i.TIM_OC1_SetConfig)
    TIM_OC1_SetConfig                        0x08004ab9   Thumb Code   144  stm32g4xx_hal_tim.o(i.TIM_OC1_SetConfig)
    i.TIM_OC2_SetConfig                      0x08004b64   Section        0  stm32g4xx_hal_tim.o(i.TIM_OC2_SetConfig)
    i.TIM_OC3_SetConfig                      0x08004c04   Section        0  stm32g4xx_hal_tim.o(i.TIM_OC3_SetConfig)
    TIM_OC3_SetConfig                        0x08004c05   Thumb Code   130  stm32g4xx_hal_tim.o(i.TIM_OC3_SetConfig)
    i.TIM_OC4_SetConfig                      0x08004ca4   Section        0  stm32g4xx_hal_tim.o(i.TIM_OC4_SetConfig)
    TIM_OC4_SetConfig                        0x08004ca5   Thumb Code   132  stm32g4xx_hal_tim.o(i.TIM_OC4_SetConfig)
    i.TIM_OC5_SetConfig                      0x08004d44   Section        0  stm32g4xx_hal_tim.o(i.TIM_OC5_SetConfig)
    TIM_OC5_SetConfig                        0x08004d45   Thumb Code    92  stm32g4xx_hal_tim.o(i.TIM_OC5_SetConfig)
    i.TIM_OC6_SetConfig                      0x08004dbc   Section        0  stm32g4xx_hal_tim.o(i.TIM_OC6_SetConfig)
    TIM_OC6_SetConfig                        0x08004dbd   Thumb Code    94  stm32g4xx_hal_tim.o(i.TIM_OC6_SetConfig)
    i.TIM_TI1_ConfigInputStage               0x08004e38   Section        0  stm32g4xx_hal_tim.o(i.TIM_TI1_ConfigInputStage)
    TIM_TI1_ConfigInputStage                 0x08004e39   Thumb Code    34  stm32g4xx_hal_tim.o(i.TIM_TI1_ConfigInputStage)
    i.TIM_TI2_ConfigInputStage               0x08004e5a   Section        0  stm32g4xx_hal_tim.o(i.TIM_TI2_ConfigInputStage)
    TIM_TI2_ConfigInputStage                 0x08004e5b   Thumb Code    36  stm32g4xx_hal_tim.o(i.TIM_TI2_ConfigInputStage)
    i.UsageFault_Handler                     0x08004e7e   Section        0  stm32g4xx_it.o(i.UsageFault_Handler)
    i.__NVIC_SetPriority                     0x08004e80   Section        0  stm32g4xx_hal_cortex.o(i.__NVIC_SetPriority)
    __NVIC_SetPriority                       0x08004e81   Thumb Code    32  stm32g4xx_hal_cortex.o(i.__NVIC_SetPriority)
    i.__hardfp_fmodf                         0x08004ea0   Section        0  fmodf.o(i.__hardfp_fmodf)
    i.__mathlib_flt_invalid                  0x08004f50   Section        0  funder.o(i.__mathlib_flt_invalid)
    i.__scatterload_copy                     0x08004f60   Section       14  handlers.o(i.__scatterload_copy)
    i.__scatterload_null                     0x08004f6e   Section        2  handlers.o(i.__scatterload_null)
    i.__scatterload_zeroinit                 0x08004f70   Section       14  handlers.o(i.__scatterload_zeroinit)
    i.__set_errno                            0x08004f80   Section        0  errno.o(i.__set_errno)
    i.main                                   0x08004f8c   Section        0  main.o(i.main)
    i.sat                                    0x080050b8   Section        0  observer.o(i.sat)
    .constdata                               0x080050e2   Section       16  system_stm32g4xx.o(.constdata)
    .data                                    0x20000000   Section      160  main.o(.data)
    offset_cnt                               0x20000004   Data           1  main.o(.data)
    speed_loop_en                            0x20000005   Data           1  main.o(.data)
    speed_cnt                                0x20000006   Data           1  main.o(.data)
    init_flag                                0x20000007   Data           1  main.o(.data)
    openloop_cnt                             0x20000018   Data           2  main.o(.data)
    smo_settle_cnt                           0x2000001a   Data           2  main.o(.data)
    value                                    0x2000001c   Data           2  main.o(.data)
    speedref_cmd                             0x20000070   Data           4  main.o(.data)
    prev_output                              0x20000074   Data           4  main.o(.data)
    .data                                    0x200000a0   Section       12  stm32g4xx_hal.o(.data)
    .data                                    0x200000ac   Section        4  system_stm32g4xx.o(.data)
    .data                                    0x200000b0   Section       16  observer.o(.data)
    .data                                    0x200000c0   Section       56  observer.o(.data)
    .data                                    0x200000f8   Section       44  observer.o(.data)
    .data                                    0x20000124   Section       24  observer.o(.data)
    .data                                    0x2000013c   Section       20  encoder.o(.data)
    ms_count                                 0x2000013c   Data           1  encoder.o(.data)
    k                                        0x2000013d   Data           1  encoder.o(.data)
    encode_now                               0x20000140   Data           4  encoder.o(.data)
    encode_old                               0x20000144   Data           4  encoder.o(.data)
    encode_delta                             0x20000148   Data           4  encoder.o(.data)
    speed                                    0x2000014c   Data           4  encoder.o(.data)
    .data                                    0x20000150   Section        4  errno.o(.data)
    _errno                                   0x20000150   Data           4  errno.o(.data)
    .bss                                     0x20000154   Section       12  main.o(.bss)
    .bss                                     0x20000160   Section      108  adc.o(.bss)
    .bss                                     0x200001cc   Section      304  tim.o(.bss)
    .bss                                     0x200002fc   Section       84  foc_function.o(.bss)
    .bss                                     0x20000350   Section       32  foc_function.o(.bss)
    .bss                                     0x20000370   Section       20  foc_function.o(.bss)
    .bss                                     0x20000384   Section       40  encoder.o(.bss)
    speed_arr                                0x20000384   Data          40  encoder.o(.bss)
    STACK                                    0x200003b0   Section     1024  startup_stm32g474xx.o(STACK)

    Global Symbols

    Symbol Name                              Value     Ov Type        Size  Object(Section)

    BuildAttributes$$THM_ISAv4$E$P$D$K$B$S$7EM$VFPi3$EXTD16$VFPS$VFMA$PE$A:L22UL41UL21$X:L11$S22US41US21$IEEE1$IW$USESV6$~STKCKD$USESV7$~SHL$OTIME$ROPI$IEEEX$EBA8$MICROLIB$REQ8$PRES8$EABIv2 0x00000000   Number         0  anon$$obj.o ABSOLUTE
    __ARM_use_no_argv                        0x00000000   Number         0  main.o ABSOLUTE
    __arm_fini_                               - Undefined Weak Reference
    __cpp_initialize__aeabi_                  - Undefined Weak Reference
    __cxa_finalize                            - Undefined Weak Reference
    _clock_init                               - Undefined Weak Reference
    _microlib_exit                            - Undefined Weak Reference
    __Vectors_Size                           0x000001d8   Number         0  startup_stm32g474xx.o ABSOLUTE
    __Vectors                                0x08000000   Data           4  startup_stm32g474xx.o(RESET)
    __Vectors_End                            0x080001d8   Data           0  startup_stm32g474xx.o(RESET)
    __main                                   0x080001d9   Thumb Code     0  entry.o(.ARM.Collect$$$$00000000)
    _main_stk                                0x080001d9   Thumb Code     0  entry2.o(.ARM.Collect$$$$00000001)
    _main_scatterload                        0x080001dd   Thumb Code     0  entry5.o(.ARM.Collect$$$$00000004)
    __main_after_scatterload                 0x080001e1   Thumb Code     0  entry5.o(.ARM.Collect$$$$00000004)
    _main_clock                              0x080001e1   Thumb Code     0  entry7b.o(.ARM.Collect$$$$00000008)
    _main_cpp_init                           0x080001e1   Thumb Code     0  entry8b.o(.ARM.Collect$$$$0000000A)
    _main_init                               0x080001e1   Thumb Code     0  entry9a.o(.ARM.Collect$$$$0000000B)
    __rt_lib_shutdown_fini                   0x080001e9   Thumb Code     0  entry12b.o(.ARM.Collect$$$$0000000E)
    __rt_final_cpp                           0x080001ed   Thumb Code     0  entry10a.o(.ARM.Collect$$$$0000000F)
    __rt_final_exit                          0x080001ed   Thumb Code     0  entry11a.o(.ARM.Collect$$$$00000011)
    Reset_Handler                            0x080001f1   Thumb Code     8  startup_stm32g474xx.o(.text)
    ADC3_IRQHandler                          0x0800020b   Thumb Code     0  startup_stm32g474xx.o(.text)
    ADC4_IRQHandler                          0x0800020b   Thumb Code     0  startup_stm32g474xx.o(.text)
    ADC5_IRQHandler                          0x0800020b   Thumb Code     0  startup_stm32g474xx.o(.text)
    COMP1_2_3_IRQHandler                     0x0800020b   Thumb Code     0  startup_stm32g474xx.o(.text)
    COMP4_5_6_IRQHandler                     0x0800020b   Thumb Code     0  startup_stm32g474xx.o(.text)
    COMP7_IRQHandler                         0x0800020b   Thumb Code     0  startup_stm32g474xx.o(.text)
    CORDIC_IRQHandler                        0x0800020b   Thumb Code     0  startup_stm32g474xx.o(.text)
    CRS_IRQHandler                           0x0800020b   Thumb Code     0  startup_stm32g474xx.o(.text)
    DMA1_Channel1_IRQHandler                 0x0800020b   Thumb Code     0  startup_stm32g474xx.o(.text)
    DMA1_Channel2_IRQHandler                 0x0800020b   Thumb Code     0  startup_stm32g474xx.o(.text)
    DMA1_Channel3_IRQHandler                 0x0800020b   Thumb Code     0  startup_stm32g474xx.o(.text)
    DMA1_Channel4_IRQHandler                 0x0800020b   Thumb Code     0  startup_stm32g474xx.o(.text)
    DMA1_Channel5_IRQHandler                 0x0800020b   Thumb Code     0  startup_stm32g474xx.o(.text)
    DMA1_Channel6_IRQHandler                 0x0800020b   Thumb Code     0  startup_stm32g474xx.o(.text)
    DMA1_Channel7_IRQHandler                 0x0800020b   Thumb Code     0  startup_stm32g474xx.o(.text)
    DMA1_Channel8_IRQHandler                 0x0800020b   Thumb Code     0  startup_stm32g474xx.o(.text)
    DMA2_Channel1_IRQHandler                 0x0800020b   Thumb Code     0  startup_stm32g474xx.o(.text)
    DMA2_Channel2_IRQHandler                 0x0800020b   Thumb Code     0  startup_stm32g474xx.o(.text)
    DMA2_Channel3_IRQHandler                 0x0800020b   Thumb Code     0  startup_stm32g474xx.o(.text)
    DMA2_Channel4_IRQHandler                 0x0800020b   Thumb Code     0  startup_stm32g474xx.o(.text)
    DMA2_Channel5_IRQHandler                 0x0800020b   Thumb Code     0  startup_stm32g474xx.o(.text)
    DMA2_Channel6_IRQHandler                 0x0800020b   Thumb Code     0  startup_stm32g474xx.o(.text)
    DMA2_Channel7_IRQHandler                 0x0800020b   Thumb Code     0  startup_stm32g474xx.o(.text)
    DMA2_Channel8_IRQHandler                 0x0800020b   Thumb Code     0  startup_stm32g474xx.o(.text)
    DMAMUX_OVR_IRQHandler                    0x0800020b   Thumb Code     0  startup_stm32g474xx.o(.text)
    EXTI0_IRQHandler                         0x0800020b   Thumb Code     0  startup_stm32g474xx.o(.text)
    EXTI15_10_IRQHandler                     0x0800020b   Thumb Code     0  startup_stm32g474xx.o(.text)
    EXTI1_IRQHandler                         0x0800020b   Thumb Code     0  startup_stm32g474xx.o(.text)
    EXTI2_IRQHandler                         0x0800020b   Thumb Code     0  startup_stm32g474xx.o(.text)
    EXTI3_IRQHandler                         0x0800020b   Thumb Code     0  startup_stm32g474xx.o(.text)
    EXTI4_IRQHandler                         0x0800020b   Thumb Code     0  startup_stm32g474xx.o(.text)
    EXTI9_5_IRQHandler                       0x0800020b   Thumb Code     0  startup_stm32g474xx.o(.text)
    FDCAN1_IT0_IRQHandler                    0x0800020b   Thumb Code     0  startup_stm32g474xx.o(.text)
    FDCAN1_IT1_IRQHandler                    0x0800020b   Thumb Code     0  startup_stm32g474xx.o(.text)
    FDCAN2_IT0_IRQHandler                    0x0800020b   Thumb Code     0  startup_stm32g474xx.o(.text)
    FDCAN2_IT1_IRQHandler                    0x0800020b   Thumb Code     0  startup_stm32g474xx.o(.text)
    FDCAN3_IT0_IRQHandler                    0x0800020b   Thumb Code     0  startup_stm32g474xx.o(.text)
    FDCAN3_IT1_IRQHandler                    0x0800020b   Thumb Code     0  startup_stm32g474xx.o(.text)
    FLASH_IRQHandler                         0x0800020b   Thumb Code     0  startup_stm32g474xx.o(.text)
    FMAC_IRQHandler                          0x0800020b   Thumb Code     0  startup_stm32g474xx.o(.text)
    FMC_IRQHandler                           0x0800020b   Thumb Code     0  startup_stm32g474xx.o(.text)
    FPU_IRQHandler                           0x0800020b   Thumb Code     0  startup_stm32g474xx.o(.text)
    HRTIM1_FLT_IRQHandler                    0x0800020b   Thumb Code     0  startup_stm32g474xx.o(.text)
    HRTIM1_Master_IRQHandler                 0x0800020b   Thumb Code     0  startup_stm32g474xx.o(.text)
    HRTIM1_TIMA_IRQHandler                   0x0800020b   Thumb Code     0  startup_stm32g474xx.o(.text)
    HRTIM1_TIMB_IRQHandler                   0x0800020b   Thumb Code     0  startup_stm32g474xx.o(.text)
    HRTIM1_TIMC_IRQHandler                   0x0800020b   Thumb Code     0  startup_stm32g474xx.o(.text)
    HRTIM1_TIMD_IRQHandler                   0x0800020b   Thumb Code     0  startup_stm32g474xx.o(.text)
    HRTIM1_TIME_IRQHandler                   0x0800020b   Thumb Code     0  startup_stm32g474xx.o(.text)
    HRTIM1_TIMF_IRQHandler                   0x0800020b   Thumb Code     0  startup_stm32g474xx.o(.text)
    I2C1_ER_IRQHandler                       0x0800020b   Thumb Code     0  startup_stm32g474xx.o(.text)
    I2C1_EV_IRQHandler                       0x0800020b   Thumb Code     0  startup_stm32g474xx.o(.text)
    I2C2_ER_IRQHandler                       0x0800020b   Thumb Code     0  startup_stm32g474xx.o(.text)
    I2C2_EV_IRQHandler                       0x0800020b   Thumb Code     0  startup_stm32g474xx.o(.text)
    I2C3_ER_IRQHandler                       0x0800020b   Thumb Code     0  startup_stm32g474xx.o(.text)
    I2C3_EV_IRQHandler                       0x0800020b   Thumb Code     0  startup_stm32g474xx.o(.text)
    I2C4_ER_IRQHandler                       0x0800020b   Thumb Code     0  startup_stm32g474xx.o(.text)
    I2C4_EV_IRQHandler                       0x0800020b   Thumb Code     0  startup_stm32g474xx.o(.text)
    LPTIM1_IRQHandler                        0x0800020b   Thumb Code     0  startup_stm32g474xx.o(.text)
    LPUART1_IRQHandler                       0x0800020b   Thumb Code     0  startup_stm32g474xx.o(.text)
    PVD_PVM_IRQHandler                       0x0800020b   Thumb Code     0  startup_stm32g474xx.o(.text)
    QUADSPI_IRQHandler                       0x0800020b   Thumb Code     0  startup_stm32g474xx.o(.text)
    RCC_IRQHandler                           0x0800020b   Thumb Code     0  startup_stm32g474xx.o(.text)
    RNG_IRQHandler                           0x0800020b   Thumb Code     0  startup_stm32g474xx.o(.text)
    RTC_Alarm_IRQHandler                     0x0800020b   Thumb Code     0  startup_stm32g474xx.o(.text)
    RTC_TAMP_LSECSS_IRQHandler               0x0800020b   Thumb Code     0  startup_stm32g474xx.o(.text)
    RTC_WKUP_IRQHandler                      0x0800020b   Thumb Code     0  startup_stm32g474xx.o(.text)
    SAI1_IRQHandler                          0x0800020b   Thumb Code     0  startup_stm32g474xx.o(.text)
    SPI1_IRQHandler                          0x0800020b   Thumb Code     0  startup_stm32g474xx.o(.text)
    SPI2_IRQHandler                          0x0800020b   Thumb Code     0  startup_stm32g474xx.o(.text)
    SPI3_IRQHandler                          0x0800020b   Thumb Code     0  startup_stm32g474xx.o(.text)
    SPI4_IRQHandler                          0x0800020b   Thumb Code     0  startup_stm32g474xx.o(.text)
    TIM1_BRK_TIM15_IRQHandler                0x0800020b   Thumb Code     0  startup_stm32g474xx.o(.text)
    TIM1_CC_IRQHandler                       0x0800020b   Thumb Code     0  startup_stm32g474xx.o(.text)
    TIM1_TRG_COM_TIM17_IRQHandler            0x0800020b   Thumb Code     0  startup_stm32g474xx.o(.text)
    TIM1_UP_TIM16_IRQHandler                 0x0800020b   Thumb Code     0  startup_stm32g474xx.o(.text)
    TIM20_BRK_IRQHandler                     0x0800020b   Thumb Code     0  startup_stm32g474xx.o(.text)
    TIM20_CC_IRQHandler                      0x0800020b   Thumb Code     0  startup_stm32g474xx.o(.text)
    TIM20_TRG_COM_IRQHandler                 0x0800020b   Thumb Code     0  startup_stm32g474xx.o(.text)
    TIM20_UP_IRQHandler                      0x0800020b   Thumb Code     0  startup_stm32g474xx.o(.text)
    TIM2_IRQHandler                          0x0800020b   Thumb Code     0  startup_stm32g474xx.o(.text)
    TIM4_IRQHandler                          0x0800020b   Thumb Code     0  startup_stm32g474xx.o(.text)
    TIM5_IRQHandler                          0x0800020b   Thumb Code     0  startup_stm32g474xx.o(.text)
    TIM8_BRK_IRQHandler                      0x0800020b   Thumb Code     0  startup_stm32g474xx.o(.text)
    TIM8_CC_IRQHandler                       0x0800020b   Thumb Code     0  startup_stm32g474xx.o(.text)
    TIM8_TRG_COM_IRQHandler                  0x0800020b   Thumb Code     0  startup_stm32g474xx.o(.text)
    TIM8_UP_IRQHandler                       0x0800020b   Thumb Code     0  startup_stm32g474xx.o(.text)
    UART4_IRQHandler                         0x0800020b   Thumb Code     0  startup_stm32g474xx.o(.text)
    UART5_IRQHandler                         0x0800020b   Thumb Code     0  startup_stm32g474xx.o(.text)
    UCPD1_IRQHandler                         0x0800020b   Thumb Code     0  startup_stm32g474xx.o(.text)
    USART1_IRQHandler                        0x0800020b   Thumb Code     0  startup_stm32g474xx.o(.text)
    USART2_IRQHandler                        0x0800020b   Thumb Code     0  startup_stm32g474xx.o(.text)
    USART3_IRQHandler                        0x0800020b   Thumb Code     0  startup_stm32g474xx.o(.text)
    USBWakeUp_IRQHandler                     0x0800020b   Thumb Code     0  startup_stm32g474xx.o(.text)
    USB_HP_IRQHandler                        0x0800020b   Thumb Code     0  startup_stm32g474xx.o(.text)
    USB_LP_IRQHandler                        0x0800020b   Thumb Code     0  startup_stm32g474xx.o(.text)
    WWDG_IRQHandler                          0x0800020b   Thumb Code     0  startup_stm32g474xx.o(.text)
    __aeabi_memset                           0x08000215   Thumb Code    14  memseta.o(.text)
    __aeabi_memset4                          0x08000215   Thumb Code     0  memseta.o(.text)
    __aeabi_memset8                          0x08000215   Thumb Code     0  memseta.o(.text)
    __aeabi_memclr                           0x08000223   Thumb Code     4  memseta.o(.text)
    __aeabi_memclr4                          0x08000223   Thumb Code     0  memseta.o(.text)
    __aeabi_memclr8                          0x08000223   Thumb Code     0  memseta.o(.text)
    _memset$wrapper                          0x08000227   Thumb Code    18  memseta.o(.text)
    __aeabi_dmul                             0x08000239   Thumb Code   228  dmul.o(.text)
    __aeabi_ddiv                             0x0800031d   Thumb Code   222  ddiv.o(.text)
    __aeabi_ui2d                             0x080003fb   Thumb Code    26  dfltui.o(.text)
    __aeabi_d2f                              0x08000415   Thumb Code    56  d2f.o(.text)
    __aeabi_llsl                             0x0800044d   Thumb Code    30  llshl.o(.text)
    _ll_shift_l                              0x0800044d   Thumb Code     0  llshl.o(.text)
    __I$use$fp                               0x0800046b   Thumb Code     0  iusefp.o(.text)
    _float_round                             0x0800046b   Thumb Code    18  fepilogue.o(.text)
    _float_epilogue                          0x0800047d   Thumb Code    92  fepilogue.o(.text)
    _frem                                    0x080004d9   Thumb Code    82  frem.o(.text)
    _double_round                            0x0800052b   Thumb Code    30  depilogue.o(.text)
    _double_epilogue                         0x08000549   Thumb Code   156  depilogue.o(.text)
    __scatterload                            0x080005e5   Thumb Code    28  init.o(.text)
    __scatterload_rt2                        0x080005e5   Thumb Code     0  init.o(.text)
    __aeabi_llsr                             0x08000609   Thumb Code    32  llushr.o(.text)
    _ll_ushift_r                             0x08000609   Thumb Code     0  llushr.o(.text)
    __decompress                             0x08000629   Thumb Code     0  __dczerorl.o(.text)
    __decompress0                            0x08000629   Thumb Code    58  __dczerorl.o(.text)
    arm_sin_cos_f32                          0x08000665   Thumb Code   292  arm_sin_cos_f32.o(.text.arm_sin_cos_f32)
    ADC1_2_IRQHandler                        0x08000789   Thumb Code     6  stm32g4xx_it.o(i.ADC1_2_IRQHandler)
    ADC_Disable                              0x08000795   Thumb Code   106  stm32g4xx_hal_adc.o(i.ADC_Disable)
    ADC_Enable                               0x08000805   Thumb Code   176  stm32g4xx_hal_adc.o(i.ADC_Enable)
    BusFault_Handler                         0x080008cd   Thumb Code     2  stm32g4xx_it.o(i.BusFault_Handler)
    Clarke                                   0x080008d1   Thumb Code    34  foc_function.o(i.Clarke)
    CurrentPI                                0x080008fd   Thumb Code   224  foc_function.o(i.CurrentPI)
    DWT_Timer_Init                           0x08000a05   Thumb Code    26  dwt_timer.o(i.DWT_Timer_Init)
    DWT_Timer_Start                          0x08000a29   Thumb Code    12  dwt_timer.o(i.DWT_Timer_Start)
    DWT_Timer_Stop                           0x08000a39   Thumb Code    44  dwt_timer.o(i.DWT_Timer_Stop)
    DebugMon_Handler                         0x08000a71   Thumb Code     2  stm32g4xx_it.o(i.DebugMon_Handler)
    Encode_get_speed                         0x08000a75   Thumb Code   204  encoder.o(i.Encode_get_speed)
    Error_Handler                            0x08000b59   Thumb Code     4  main.o(i.Error_Handler)
    HAL_ADCEx_Calibration_Start              0x08000b5d   Thumb Code   138  stm32g4xx_hal_adc_ex.o(i.HAL_ADCEx_Calibration_Start)
    HAL_ADCEx_EndOfSamplingCallback          0x08000bf1   Thumb Code     2  stm32g4xx_hal_adc_ex.o(i.HAL_ADCEx_EndOfSamplingCallback)
    HAL_ADCEx_InjectedConfigChannel          0x08000bf5   Thumb Code  1314  stm32g4xx_hal_adc_ex.o(i.HAL_ADCEx_InjectedConfigChannel)
    HAL_ADCEx_InjectedConvCpltCallback       0x0800114d   Thumb Code   858  main.o(i.HAL_ADCEx_InjectedConvCpltCallback)
    HAL_ADCEx_InjectedQueueOverflowCallback  0x080014f5   Thumb Code     2  stm32g4xx_hal_adc_ex.o(i.HAL_ADCEx_InjectedQueueOverflowCallback)
    HAL_ADCEx_InjectedStart_IT               0x080014f9   Thumb Code   320  stm32g4xx_hal_adc_ex.o(i.HAL_ADCEx_InjectedStart_IT)
    HAL_ADCEx_LevelOutOfWindow2Callback      0x08001651   Thumb Code     2  stm32g4xx_hal_adc_ex.o(i.HAL_ADCEx_LevelOutOfWindow2Callback)
    HAL_ADCEx_LevelOutOfWindow3Callback      0x08001653   Thumb Code     2  stm32g4xx_hal_adc_ex.o(i.HAL_ADCEx_LevelOutOfWindow3Callback)
    HAL_ADCEx_MultiModeConfigChannel         0x08001655   Thumb Code   312  stm32g4xx_hal_adc_ex.o(i.HAL_ADCEx_MultiModeConfigChannel)
    HAL_ADC_ConfigChannel                    0x080017a5   Thumb Code  1058  stm32g4xx_hal_adc.o(i.HAL_ADC_ConfigChannel)
    HAL_ADC_ConvCpltCallback                 0x08001c09   Thumb Code     2  stm32g4xx_hal_adc.o(i.HAL_ADC_ConvCpltCallback)
    HAL_ADC_ErrorCallback                    0x08001c0b   Thumb Code     2  stm32g4xx_hal_adc.o(i.HAL_ADC_ErrorCallback)
    HAL_ADC_GetValue                         0x08001c0d   Thumb Code     6  stm32g4xx_hal_adc.o(i.HAL_ADC_GetValue)
    HAL_ADC_IRQHandler                       0x08001c15   Thumb Code   674  stm32g4xx_hal_adc.o(i.HAL_ADC_IRQHandler)
    HAL_ADC_Init                             0x08001ecd   Thumb Code   514  stm32g4xx_hal_adc.o(i.HAL_ADC_Init)
    HAL_ADC_LevelOutOfWindowCallback         0x08002101   Thumb Code     2  stm32g4xx_hal_adc.o(i.HAL_ADC_LevelOutOfWindowCallback)
    HAL_ADC_MspInit                          0x08002105   Thumb Code   160  adc.o(i.HAL_ADC_MspInit)
    HAL_ADC_Start                            0x080021ad   Thumb Code   288  stm32g4xx_hal_adc.o(i.HAL_ADC_Start)
    HAL_GPIO_Init                            0x080022e5   Thumb Code   400  stm32g4xx_hal_gpio.o(i.HAL_GPIO_Init)
    HAL_GPIO_WritePin                        0x08002495   Thumb Code    10  stm32g4xx_hal_gpio.o(i.HAL_GPIO_WritePin)
    HAL_GetTick                              0x080024a1   Thumb Code     6  stm32g4xx_hal.o(i.HAL_GetTick)
    HAL_IncTick                              0x080024ad   Thumb Code    12  stm32g4xx_hal.o(i.HAL_IncTick)
    HAL_Init                                 0x080024bd   Thumb Code    30  stm32g4xx_hal.o(i.HAL_Init)
    HAL_InitTick                             0x080024dd   Thumb Code    58  stm32g4xx_hal.o(i.HAL_InitTick)
    HAL_MspInit                              0x08002521   Thumb Code    42  stm32g4xx_hal_msp.o(i.HAL_MspInit)
    HAL_NVIC_EnableIRQ                       0x08002551   Thumb Code    26  stm32g4xx_hal_cortex.o(i.HAL_NVIC_EnableIRQ)
    HAL_NVIC_SetPriority                     0x0800256d   Thumb Code    60  stm32g4xx_hal_cortex.o(i.HAL_NVIC_SetPriority)
    HAL_NVIC_SetPriorityGrouping             0x080025ad   Thumb Code    26  stm32g4xx_hal_cortex.o(i.HAL_NVIC_SetPriorityGrouping)
    HAL_PWREx_ControlVoltageScaling          0x080025d1   Thumb Code   174  stm32g4xx_hal_pwr_ex.o(i.HAL_PWREx_ControlVoltageScaling)
    HAL_PWREx_DisableUCPDDeadBattery         0x0800268d   Thumb Code    12  stm32g4xx_hal_pwr_ex.o(i.HAL_PWREx_DisableUCPDDeadBattery)
    HAL_RCCEx_PeriphCLKConfig                0x0800269d   Thumb Code   782  stm32g4xx_hal_rcc_ex.o(i.HAL_RCCEx_PeriphCLKConfig)
    HAL_RCC_ClockConfig                      0x080029b5   Thumb Code   442  stm32g4xx_hal_rcc.o(i.HAL_RCC_ClockConfig)
    HAL_RCC_GetSysClockFreq                  0x08002b91   Thumb Code    98  stm32g4xx_hal_rcc.o(i.HAL_RCC_GetSysClockFreq)
    HAL_RCC_OscConfig                        0x08002bfd   Thumb Code   992  stm32g4xx_hal_rcc.o(i.HAL_RCC_OscConfig)
    HAL_SYSTICK_Config                       0x08002ff1   Thumb Code    40  stm32g4xx_hal_cortex.o(i.HAL_SYSTICK_Config)
    HAL_TIMEx_Break2Callback                 0x08003019   Thumb Code     2  stm32g4xx_hal_tim_ex.o(i.HAL_TIMEx_Break2Callback)
    HAL_TIMEx_BreakCallback                  0x0800301b   Thumb Code     2  stm32g4xx_hal_tim_ex.o(i.HAL_TIMEx_BreakCallback)
    HAL_TIMEx_CommutCallback                 0x0800301d   Thumb Code     2  stm32g4xx_hal_tim_ex.o(i.HAL_TIMEx_CommutCallback)
    HAL_TIMEx_ConfigBreakDeadTime            0x08003021   Thumb Code   154  stm32g4xx_hal_tim_ex.o(i.HAL_TIMEx_ConfigBreakDeadTime)
    HAL_TIMEx_DirectionChangeCallback        0x080030c9   Thumb Code     2  stm32g4xx_hal_tim_ex.o(i.HAL_TIMEx_DirectionChangeCallback)
    HAL_TIMEx_EncoderIndexCallback           0x080030cb   Thumb Code     2  stm32g4xx_hal_tim_ex.o(i.HAL_TIMEx_EncoderIndexCallback)
    HAL_TIMEx_IndexErrorCallback             0x080030cd   Thumb Code     2  stm32g4xx_hal_tim_ex.o(i.HAL_TIMEx_IndexErrorCallback)
    HAL_TIMEx_MasterConfigSynchronization    0x080030d1   Thumb Code   150  stm32g4xx_hal_tim_ex.o(i.HAL_TIMEx_MasterConfigSynchronization)
    HAL_TIMEx_PWMN_Start                     0x08003189   Thumb Code   176  stm32g4xx_hal_tim_ex.o(i.HAL_TIMEx_PWMN_Start)
    HAL_TIMEx_PWMN_Stop                      0x08003259   Thumb Code   104  stm32g4xx_hal_tim_ex.o(i.HAL_TIMEx_PWMN_Stop)
    HAL_TIMEx_TransitionErrorCallback        0x080032c1   Thumb Code     2  stm32g4xx_hal_tim_ex.o(i.HAL_TIMEx_TransitionErrorCallback)
    HAL_TIM_Base_Init                        0x080032c3   Thumb Code    98  stm32g4xx_hal_tim.o(i.HAL_TIM_Base_Init)
    HAL_TIM_Base_MspInit                     0x08003325   Thumb Code   108  tim.o(i.HAL_TIM_Base_MspInit)
    HAL_TIM_Base_Start                       0x080033a1   Thumb Code    96  stm32g4xx_hal_tim.o(i.HAL_TIM_Base_Start)
    HAL_TIM_Base_Start_IT                    0x08003421   Thumb Code   106  stm32g4xx_hal_tim.o(i.HAL_TIM_Base_Start_IT)
    HAL_TIM_ConfigClockSource                0x080034ad   Thumb Code   236  stm32g4xx_hal_tim.o(i.HAL_TIM_ConfigClockSource)
    HAL_TIM_Encoder_Init                     0x0800359d   Thumb Code   162  stm32g4xx_hal_tim.o(i.HAL_TIM_Encoder_Init)
    HAL_TIM_Encoder_MspInit                  0x08003645   Thumb Code   102  tim.o(i.HAL_TIM_Encoder_MspInit)
    HAL_TIM_Encoder_Stop                     0x080036b5   Thumb Code   102  stm32g4xx_hal_tim.o(i.HAL_TIM_Encoder_Stop)
    HAL_TIM_IC_CaptureCallback               0x0800371b   Thumb Code     2  stm32g4xx_hal_tim.o(i.HAL_TIM_IC_CaptureCallback)
    HAL_TIM_IRQHandler                       0x0800371d   Thumb Code   418  stm32g4xx_hal_tim.o(i.HAL_TIM_IRQHandler)
    HAL_TIM_MspPostInit                      0x080038c1   Thumb Code   136  tim.o(i.HAL_TIM_MspPostInit)
    HAL_TIM_OC_DelayElapsedCallback          0x08003955   Thumb Code     2  stm32g4xx_hal_tim.o(i.HAL_TIM_OC_DelayElapsedCallback)
    HAL_TIM_PWM_ConfigChannel                0x08003957   Thumb Code   292  stm32g4xx_hal_tim.o(i.HAL_TIM_PWM_ConfigChannel)
    HAL_TIM_PWM_Init                         0x08003a7b   Thumb Code    98  stm32g4xx_hal_tim.o(i.HAL_TIM_PWM_Init)
    HAL_TIM_PWM_MspInit                      0x08003add   Thumb Code     2  stm32g4xx_hal_tim.o(i.HAL_TIM_PWM_MspInit)
    HAL_TIM_PWM_PulseFinishedCallback        0x08003adf   Thumb Code     2  stm32g4xx_hal_tim.o(i.HAL_TIM_PWM_PulseFinishedCallback)
    HAL_TIM_PWM_Start                        0x08003ae1   Thumb Code   246  stm32g4xx_hal_tim.o(i.HAL_TIM_PWM_Start)
    HAL_TIM_PWM_Stop                         0x08003c01   Thumb Code   158  stm32g4xx_hal_tim.o(i.HAL_TIM_PWM_Stop)
    HAL_TIM_PeriodElapsedCallback            0x08003cb9   Thumb Code    54  main.o(i.HAL_TIM_PeriodElapsedCallback)
    HAL_TIM_TriggerCallback                  0x08003d01   Thumb Code     2  stm32g4xx_hal_tim.o(i.HAL_TIM_TriggerCallback)
    HardFault_Handler                        0x08003d03   Thumb Code     2  stm32g4xx_it.o(i.HardFault_Handler)
    IF_OpenLoop                              0x08003d05   Thumb Code    68  foc_function.o(i.IF_OpenLoop)
    IF_SMO_Blend                             0x08003d49   Thumb Code   222  observer.o(i.IF_SMO_Blend)
    Invpark                                  0x08003e35   Thumb Code    74  foc_function.o(i.Invpark)
    LPF1_Update                              0x08003f3d   Thumb Code    78  filter.o(i.LPF1_Update)
    MX_ADC1_Init                             0x08003f91   Thumb Code   252  adc.o(i.MX_ADC1_Init)
    MX_GPIO_Init                             0x080040a1   Thumb Code   150  gpio.o(i.MX_GPIO_Init)
    MX_TIM1_Init                             0x08004141   Thumb Code   270  tim.o(i.MX_TIM1_Init)
    MX_TIM3_Init                             0x08004259   Thumb Code   102  tim.o(i.MX_TIM3_Init)
    MX_TIM6_Init                             0x080042c9   Thumb Code    62  tim.o(i.MX_TIM6_Init)
    MX_TIM7_Init                             0x08004311   Thumb Code    62  tim.o(i.MX_TIM7_Init)
    MemManage_Handler                        0x08004359   Thumb Code     2  stm32g4xx_it.o(i.MemManage_Handler)
    Motor_SoftwareTrip_StopAll               0x0800435d   Thumb Code    98  main.o(i.Motor_SoftwareTrip_StopAll)
    NMI_Handler                              0x080043d5   Thumb Code     2  stm32g4xx_it.o(i.NMI_Handler)
    Normalize_theta                          0x080043d9   Thumb Code    36  foc_function.o(i.Normalize_theta)
    PLL_calculate                            0x08004405   Thumb Code   252  observer.o(i.PLL_calculate)
    Park                                     0x0800452d   Thumb Code    74  foc_function.o(i.Park)
    PendSV_Handler                           0x08004581   Thumb Code     2  stm32g4xx_it.o(i.PendSV_Handler)
    SMO_C_Control                            0x08004585   Thumb Code    76  foc_function.o(i.SMO_C_Control)
    SMO_PLL_Update                           0x080045d5   Thumb Code   184  observer.o(i.SMO_PLL_Update)
    SVC_Handler                              0x08004695   Thumb Code     2  stm32g4xx_it.o(i.SVC_Handler)
    SpeedPI                                  0x08004699   Thumb Code   118  foc_function.o(i.SpeedPI)
    Svpwm                                    0x08004725   Thumb Code   402  foc_function.o(i.Svpwm)
    SysTick_Handler                          0x080048d9   Thumb Code     4  stm32g4xx_it.o(i.SysTick_Handler)
    SystemClock_Config                       0x080048dd   Thumb Code   102  main.o(i.SystemClock_Config)
    SystemInit                               0x08004945   Thumb Code    12  system_stm32g4xx.o(i.SystemInit)
    TIM3_IRQHandler                          0x08004955   Thumb Code     6  stm32g4xx_it.o(i.TIM3_IRQHandler)
    TIM6_DAC_IRQHandler                      0x08004961   Thumb Code     6  stm32g4xx_it.o(i.TIM6_DAC_IRQHandler)
    TIM7_DAC_IRQHandler                      0x0800496d   Thumb Code     6  stm32g4xx_it.o(i.TIM7_DAC_IRQHandler)
    TIM_Base_SetConfig                       0x08004979   Thumb Code   190  stm32g4xx_hal_tim.o(i.TIM_Base_SetConfig)
    TIM_CCxChannelCmd                        0x08004a5d   Thumb Code    26  stm32g4xx_hal_tim.o(i.TIM_CCxChannelCmd)
    TIM_ETR_SetConfig                        0x08004a91   Thumb Code    20  stm32g4xx_hal_tim.o(i.TIM_ETR_SetConfig)
    TIM_OC2_SetConfig                        0x08004b65   Thumb Code   132  stm32g4xx_hal_tim.o(i.TIM_OC2_SetConfig)
    UsageFault_Handler                       0x08004e7f   Thumb Code     2  stm32g4xx_it.o(i.UsageFault_Handler)
    __hardfp_fmodf                           0x08004ea1   Thumb Code   176  fmodf.o(i.__hardfp_fmodf)
    __mathlib_flt_invalid                    0x08004f51   Thumb Code    10  funder.o(i.__mathlib_flt_invalid)
    __scatterload_copy                       0x08004f61   Thumb Code    14  handlers.o(i.__scatterload_copy)
    __scatterload_null                       0x08004f6f   Thumb Code     2  handlers.o(i.__scatterload_null)
    __scatterload_zeroinit                   0x08004f71   Thumb Code    14  handlers.o(i.__scatterload_zeroinit)
    __set_errno                              0x08004f81   Thumb Code     6  errno.o(i.__set_errno)
    main                                     0x08004f8d   Thumb Code   260  main.o(i.main)
    sat                                      0x080050b9   Thumb Code    42  observer.o(i.sat)
    AHBPrescTable                            0x080050e2   Data          16  system_stm32g4xx.o(.constdata)
    sinTable_f32                             0x080050f4   Data        2052  arm_common_tables.o(.rodata.sinTable_f32)
    Region$$Table$$Base                      0x080058f8   Number         0  anon$$obj.o(Region$$Table)
    Region$$Table$$Limit                     0x08005918   Number         0  anon$$obj.o(Region$$Table)
    Offset_Flag                              0x20000000   Data           1  main.o(.data)
    Run_Flag                                 0x20000001   Data           1  main.o(.data)
    Run_Switch                               0x20000002   Data           1  main.o(.data)
    g_fault_oc                               0x20000003   Data           1  main.o(.data)
    ADC_Vbus                                 0x20000008   Data           2  main.o(.data)
    ADC_IsensU                               0x2000000a   Data           2  main.o(.data)
    ADC_IsensV                               0x2000000c   Data           2  main.o(.data)
    ADC_IsensW                               0x2000000e   Data           2  main.o(.data)
    U_Offset                                 0x20000010   Data           2  main.o(.data)
    V_Offset                                 0x20000012   Data           2  main.o(.data)
    W_Offset                                 0x20000014   Data           2  main.o(.data)
    encode_cnt                               0x20000016   Data           2  main.o(.data)
    Vbus                                     0x20000020   Data           4  main.o(.data)
    IsensU                                   0x20000024   Data           4  main.o(.data)
    IsensV                                   0x20000028   Data           4  main.o(.data)
    IsensW                                   0x2000002c   Data           4  main.o(.data)
    my_theta                                 0x20000030   Data           4  main.o(.data)
    my_step                                  0x20000034   Data           4  main.o(.data)
    my_add                                   0x20000038   Data           4  main.o(.data)
    encode_speed                             0x2000003c   Data           4  main.o(.data)
    smo_pll_e_theta                          0x20000040   Data           4  main.o(.data)
    smo_speed_raw                            0x20000044   Data           4  main.o(.data)
    smo_speed                                0x20000048   Data           4  main.o(.data)
    final_theta                              0x2000004c   Data           4  main.o(.data)
    kp                                       0x20000050   Data           4  main.o(.data)
    ki                                       0x20000054   Data           4  main.o(.data)
    skp                                      0x20000058   Data           4  main.o(.data)
    ski                                      0x2000005c   Data           4  main.o(.data)
    Iqref_start                              0x20000060   Data           4  main.o(.data)
    Iqref                                    0x20000064   Data           4  main.o(.data)
    Speedref                                 0x20000068   Data           4  main.o(.data)
    SMO_K                                    0x2000006c   Data           4  main.o(.data)
    Ud                                       0x20000078   Data           4  main.o(.data)
    Uq                                       0x2000007c   Data           4  main.o(.data)
    Ualpha                                   0x20000080   Data           4  main.o(.data)
    Ubeta                                    0x20000084   Data           4  main.o(.data)
    Id                                       0x20000088   Data           4  main.o(.data)
    Iq                                       0x2000008c   Data           4  main.o(.data)
    Ialpha                                   0x20000090   Data           4  main.o(.data)
    Ibeta                                    0x20000094   Data           4  main.o(.data)
    g_smo_speed_lpf                          0x20000098   Data           8  main.o(.data)
    uwTickPrio                               0x200000a0   Data           4  stm32g4xx_hal.o(.data)
    uwTickFreq                               0x200000a4   Data           4  stm32g4xx_hal.o(.data)
    uwTick                                   0x200000a8   Data           4  stm32g4xx_hal.o(.data)
    SystemCoreClock                          0x200000ac   Data           4  system_stm32g4xx.o(.data)
    g_smo_ealpha_lpf                         0x200000b0   Data           8  observer.o(.data)
    g_smo_ebeta_lpf                          0x200000b8   Data           8  observer.o(.data)
    SMO                                      0x200000c0   Data          56  observer.o(.data)
    PLL                                      0x200000f8   Data          44  observer.o(.data)
    Blend                                    0x20000124   Data          24  observer.o(.data)
    t                                        0x20000154   Data          12  main.o(.bss)
    hadc1                                    0x20000160   Data         108  adc.o(.bss)
    htim1                                    0x200001cc   Data          76  tim.o(.bss)
    htim3                                    0x20000218   Data          76  tim.o(.bss)
    htim6                                    0x20000264   Data          76  tim.o(.bss)
    htim7                                    0x200002b0   Data          76  tim.o(.bss)
    MyFoc                                    0x200002fc   Data          84  foc_function.o(.bss)
    C_PI                                     0x20000350   Data          32  foc_function.o(.bss)
    S_PI                                     0x20000370   Data          20  foc_function.o(.bss)
    __initial_sp                             0x200007b0   Data           0  startup_stm32g474xx.o(STACK)



==============================================================================

Memory Map of the image

  Image Entry point : 0x080001d9

  Load Region LR_IROM1 (Base: 0x08000000, Size: 0x00005a6c, Max: 0x00080000, ABSOLUTE, COMPRESSED[0x00005974])

    Execution Region ER_IROM1 (Exec base: 0x08000000, Load base: 0x08000000, Size: 0x00005918, Max: 0x00080000, ABSOLUTE)

    Exec Addr    Load Addr    Size         Type   Attr      Idx    E Section Name        Object

    0x08000000   0x08000000   0x000001d8   Data   RO            3    RESET               startup_stm32g474xx.o
    0x080001d8   0x080001d8   0x00000000   Code   RO         4152  * .ARM.Collect$$$$00000000  mc_w.l(entry.o)
    0x080001d8   0x080001d8   0x00000004   Code   RO         4199    .ARM.Collect$$$$00000001  mc_w.l(entry2.o)
    0x080001dc   0x080001dc   0x00000004   Code   RO         4202    .ARM.Collect$$$$00000004  mc_w.l(entry5.o)
    0x080001e0   0x080001e0   0x00000000   Code   RO         4204    .ARM.Collect$$$$00000008  mc_w.l(entry7b.o)
    0x080001e0   0x080001e0   0x00000000   Code   RO         4206    .ARM.Collect$$$$0000000A  mc_w.l(entry8b.o)
    0x080001e0   0x080001e0   0x00000008   Code   RO         4207    .ARM.Collect$$$$0000000B  mc_w.l(entry9a.o)
    0x080001e8   0x080001e8   0x00000004   Code   RO         4214    .ARM.Collect$$$$0000000E  mc_w.l(entry12b.o)
    0x080001ec   0x080001ec   0x00000000   Code   RO         4209    .ARM.Collect$$$$0000000F  mc_w.l(entry10a.o)
    0x080001ec   0x080001ec   0x00000000   Code   RO         4211    .ARM.Collect$$$$00000011  mc_w.l(entry11a.o)
    0x080001ec   0x080001ec   0x00000004   Code   RO         4200    .ARM.Collect$$$$00002712  mc_w.l(entry2.o)
    0x080001f0   0x080001f0   0x00000024   Code   RO            4    .text               startup_stm32g474xx.o
    0x08000214   0x08000214   0x00000024   Code   RO         4155    .text               mc_w.l(memseta.o)
    0x08000238   0x08000238   0x000000e4   Code   RO         4159    .text               mf_w.l(dmul.o)
    0x0800031c   0x0800031c   0x000000de   Code   RO         4161    .text               mf_w.l(ddiv.o)
    0x080003fa   0x080003fa   0x0000001a   Code   RO         4163    .text               mf_w.l(dfltui.o)
    0x08000414   0x08000414   0x00000038   Code   RO         4167    .text               mf_w.l(d2f.o)
    0x0800044c   0x0800044c   0x0000001e   Code   RO         4215    .text               mc_w.l(llshl.o)
    0x0800046a   0x0800046a   0x00000000   Code   RO         4226    .text               mc_w.l(iusefp.o)
    0x0800046a   0x0800046a   0x0000006e   Code   RO         4227    .text               mf_w.l(fepilogue.o)
    0x080004d8   0x080004d8   0x00000052   Code   RO         4229    .text               mf_w.l(frem.o)
    0x0800052a   0x0800052a   0x000000ba   Code   RO         4231    .text               mf_w.l(depilogue.o)
    0x080005e4   0x080005e4   0x00000024   Code   RO         4233    .text               mc_w.l(init.o)
    0x08000608   0x08000608   0x00000020   Code   RO         4235    .text               mc_w.l(llushr.o)
    0x08000628   0x08000628   0x0000003a   Code   RO         4247    .text               mc_w.l(__dczerorl.o)
    0x08000662   0x08000662   0x00000002   PAD
    0x08000664   0x08000664   0x00000124   Code   RO         3988    .text.arm_sin_cos_f32  arm_cortexM4lf_math.lib(arm_sin_cos_f32.o)
    0x08000788   0x08000788   0x0000000c   Code   RO          391    i.ADC1_2_IRQHandler  stm32g4xx_it.o
    0x08000794   0x08000794   0x00000070   Code   RO          519    i.ADC_Disable       stm32g4xx_hal_adc.o
    0x08000804   0x08000804   0x000000c8   Code   RO          520    i.ADC_Enable        stm32g4xx_hal_adc.o
    0x080008cc   0x080008cc   0x00000002   Code   RO          392    i.BusFault_Handler  stm32g4xx_it.o
    0x080008ce   0x080008ce   0x00000002   PAD
    0x080008d0   0x080008d0   0x0000002c   Code   RO         3664    i.Clarke            foc_function.o
    0x080008fc   0x080008fc   0x00000108   Code   RO         3666    i.CurrentPI         foc_function.o
    0x08000a04   0x08000a04   0x00000024   Code   RO         3930    i.DWT_Timer_Init    dwt_timer.o
    0x08000a28   0x08000a28   0x00000010   Code   RO         3931    i.DWT_Timer_Start   dwt_timer.o
    0x08000a38   0x08000a38   0x00000038   Code   RO         3932    i.DWT_Timer_Stop    dwt_timer.o
    0x08000a70   0x08000a70   0x00000002   Code   RO          393    i.DebugMon_Handler  stm32g4xx_it.o
    0x08000a72   0x08000a72   0x00000002   PAD
    0x08000a74   0x08000a74   0x000000e4   Code   RO         3868    i.Encode_get_speed  encoder.o
    0x08000b58   0x08000b58   0x00000004   Code   RO           13    i.Error_Handler     main.o
    0x08000b5c   0x08000b5c   0x00000094   Code   RO          758    i.HAL_ADCEx_Calibration_Start  stm32g4xx_hal_adc_ex.o
    0x08000bf0   0x08000bf0   0x00000002   Code   RO          762    i.HAL_ADCEx_EndOfSamplingCallback  stm32g4xx_hal_adc_ex.o
    0x08000bf2   0x08000bf2   0x00000002   PAD
    0x08000bf4   0x08000bf4   0x00000558   Code   RO          764    i.HAL_ADCEx_InjectedConfigChannel  stm32g4xx_hal_adc_ex.o
    0x0800114c   0x0800114c   0x000003a8   Code   RO           14    i.HAL_ADCEx_InjectedConvCpltCallback  main.o
    0x080014f4   0x080014f4   0x00000002   Code   RO          768    i.HAL_ADCEx_InjectedQueueOverflowCallback  stm32g4xx_hal_adc_ex.o
    0x080014f6   0x080014f6   0x00000002   PAD
    0x080014f8   0x080014f8   0x00000158   Code   RO          770    i.HAL_ADCEx_InjectedStart_IT  stm32g4xx_hal_adc_ex.o
    0x08001650   0x08001650   0x00000002   Code   RO          773    i.HAL_ADCEx_LevelOutOfWindow2Callback  stm32g4xx_hal_adc_ex.o
    0x08001652   0x08001652   0x00000002   Code   RO          774    i.HAL_ADCEx_LevelOutOfWindow3Callback  stm32g4xx_hal_adc_ex.o
    0x08001654   0x08001654   0x00000150   Code   RO          775    i.HAL_ADCEx_MultiModeConfigChannel  stm32g4xx_hal_adc_ex.o
    0x080017a4   0x080017a4   0x00000464   Code   RO          522    i.HAL_ADC_ConfigChannel  stm32g4xx_hal_adc.o
    0x08001c08   0x08001c08   0x00000002   Code   RO          523    i.HAL_ADC_ConvCpltCallback  stm32g4xx_hal_adc.o
    0x08001c0a   0x08001c0a   0x00000002   Code   RO          526    i.HAL_ADC_ErrorCallback  stm32g4xx_hal_adc.o
    0x08001c0c   0x08001c0c   0x00000006   Code   RO          529    i.HAL_ADC_GetValue  stm32g4xx_hal_adc.o
    0x08001c12   0x08001c12   0x00000002   PAD
    0x08001c14   0x08001c14   0x000002b8   Code   RO          530    i.HAL_ADC_IRQHandler  stm32g4xx_hal_adc.o
    0x08001ecc   0x08001ecc   0x00000234   Code   RO          531    i.HAL_ADC_Init      stm32g4xx_hal_adc.o
    0x08002100   0x08002100   0x00000002   Code   RO          532    i.HAL_ADC_LevelOutOfWindowCallback  stm32g4xx_hal_adc.o
    0x08002102   0x08002102   0x00000002   PAD
    0x08002104   0x08002104   0x000000a8   Code   RO          272    i.HAL_ADC_MspInit   adc.o
    0x080021ac   0x080021ac   0x00000138   Code   RO          537    i.HAL_ADC_Start     stm32g4xx_hal_adc.o
    0x080022e4   0x080022e4   0x000001b0   Code   RO         1704    i.HAL_GPIO_Init     stm32g4xx_hal_gpio.o
    0x08002494   0x08002494   0x0000000a   Code   RO         1708    i.HAL_GPIO_WritePin  stm32g4xx_hal_gpio.o
    0x0800249e   0x0800249e   0x00000002   PAD
    0x080024a0   0x080024a0   0x0000000c   Code   RO          983    i.HAL_GetTick       stm32g4xx_hal.o
    0x080024ac   0x080024ac   0x00000010   Code   RO          989    i.HAL_IncTick       stm32g4xx_hal.o
    0x080024bc   0x080024bc   0x0000001e   Code   RO          990    i.HAL_Init          stm32g4xx_hal.o
    0x080024da   0x080024da   0x00000002   PAD
    0x080024dc   0x080024dc   0x00000044   Code   RO          991    i.HAL_InitTick      stm32g4xx_hal.o
    0x08002520   0x08002520   0x00000030   Code   RO          491    i.HAL_MspInit       stm32g4xx_hal_msp.o
    0x08002550   0x08002550   0x0000001a   Code   RO         2351    i.HAL_NVIC_EnableIRQ  stm32g4xx_hal_cortex.o
    0x0800256a   0x0800256a   0x00000002   PAD
    0x0800256c   0x0800256c   0x00000040   Code   RO         2357    i.HAL_NVIC_SetPriority  stm32g4xx_hal_cortex.o
    0x080025ac   0x080025ac   0x00000024   Code   RO         2358    i.HAL_NVIC_SetPriorityGrouping  stm32g4xx_hal_cortex.o
    0x080025d0   0x080025d0   0x000000bc   Code   RO         2107    i.HAL_PWREx_ControlVoltageScaling  stm32g4xx_hal_pwr_ex.o
    0x0800268c   0x0800268c   0x00000010   Code   RO         2119    i.HAL_PWREx_DisableUCPDDeadBattery  stm32g4xx_hal_pwr_ex.o
    0x0800269c   0x0800269c   0x00000318   Code   RO         1350    i.HAL_RCCEx_PeriphCLKConfig  stm32g4xx_hal_rcc_ex.o
    0x080029b4   0x080029b4   0x000001dc   Code   RO         1225    i.HAL_RCC_ClockConfig  stm32g4xx_hal_rcc.o
    0x08002b90   0x08002b90   0x0000006c   Code   RO         1235    i.HAL_RCC_GetSysClockFreq  stm32g4xx_hal_rcc.o
    0x08002bfc   0x08002bfc   0x000003f4   Code   RO         1238    i.HAL_RCC_OscConfig  stm32g4xx_hal_rcc.o
    0x08002ff0   0x08002ff0   0x00000028   Code   RO         2362    i.HAL_SYSTICK_Config  stm32g4xx_hal_cortex.o
    0x08003018   0x08003018   0x00000002   Code   RO         3197    i.HAL_TIMEx_Break2Callback  stm32g4xx_hal_tim_ex.o
    0x0800301a   0x0800301a   0x00000002   Code   RO         3198    i.HAL_TIMEx_BreakCallback  stm32g4xx_hal_tim_ex.o
    0x0800301c   0x0800301c   0x00000002   Code   RO         3199    i.HAL_TIMEx_CommutCallback  stm32g4xx_hal_tim_ex.o
    0x0800301e   0x0800301e   0x00000002   PAD
    0x08003020   0x08003020   0x000000a8   Code   RO         3202    i.HAL_TIMEx_ConfigBreakDeadTime  stm32g4xx_hal_tim_ex.o
    0x080030c8   0x080030c8   0x00000002   Code   RO         3210    i.HAL_TIMEx_DirectionChangeCallback  stm32g4xx_hal_tim_ex.o
    0x080030ca   0x080030ca   0x00000002   Code   RO         3224    i.HAL_TIMEx_EncoderIndexCallback  stm32g4xx_hal_tim_ex.o
    0x080030cc   0x080030cc   0x00000002   Code   RO         3238    i.HAL_TIMEx_IndexErrorCallback  stm32g4xx_hal_tim_ex.o
    0x080030ce   0x080030ce   0x00000002   PAD
    0x080030d0   0x080030d0   0x000000b8   Code   RO         3239    i.HAL_TIMEx_MasterConfigSynchronization  stm32g4xx_hal_tim_ex.o
    0x08003188   0x08003188   0x000000d0   Code   RO         3251    i.HAL_TIMEx_PWMN_Start  stm32g4xx_hal_tim_ex.o
    0x08003258   0x08003258   0x00000068   Code   RO         3254    i.HAL_TIMEx_PWMN_Stop  stm32g4xx_hal_tim_ex.o
    0x080032c0   0x080032c0   0x00000002   Code   RO         3260    i.HAL_TIMEx_TransitionErrorCallback  stm32g4xx_hal_tim_ex.o
    0x080032c2   0x080032c2   0x00000062   Code   RO         2483    i.HAL_TIM_Base_Init  stm32g4xx_hal_tim.o
    0x08003324   0x08003324   0x0000007c   Code   RO          314    i.HAL_TIM_Base_MspInit  tim.o
    0x080033a0   0x080033a0   0x00000080   Code   RO         2486    i.HAL_TIM_Base_Start  stm32g4xx_hal_tim.o
    0x08003420   0x08003420   0x0000008c   Code   RO         2488    i.HAL_TIM_Base_Start_IT  stm32g4xx_hal_tim.o
    0x080034ac   0x080034ac   0x000000f0   Code   RO         2492    i.HAL_TIM_ConfigClockSource  stm32g4xx_hal_tim.o
    0x0800359c   0x0800359c   0x000000a8   Code   RO         2504    i.HAL_TIM_Encoder_Init  stm32g4xx_hal_tim.o
    0x08003644   0x08003644   0x00000070   Code   RO          316    i.HAL_TIM_Encoder_MspInit  tim.o
    0x080036b4   0x080036b4   0x00000066   Code   RO         2510    i.HAL_TIM_Encoder_Stop  stm32g4xx_hal_tim.o
    0x0800371a   0x0800371a   0x00000002   Code   RO         2517    i.HAL_TIM_IC_CaptureCallback  stm32g4xx_hal_tim.o
    0x0800371c   0x0800371c   0x000001a2   Code   RO         2531    i.HAL_TIM_IRQHandler  stm32g4xx_hal_tim.o
    0x080038be   0x080038be   0x00000002   PAD
    0x080038c0   0x080038c0   0x00000094   Code   RO          317    i.HAL_TIM_MspPostInit  tim.o
    0x08003954   0x08003954   0x00000002   Code   RO         2534    i.HAL_TIM_OC_DelayElapsedCallback  stm32g4xx_hal_tim.o
    0x08003956   0x08003956   0x00000124   Code   RO         2555    i.HAL_TIM_PWM_ConfigChannel  stm32g4xx_hal_tim.o
    0x08003a7a   0x08003a7a   0x00000062   Code   RO         2558    i.HAL_TIM_PWM_Init  stm32g4xx_hal_tim.o
    0x08003adc   0x08003adc   0x00000002   Code   RO         2560    i.HAL_TIM_PWM_MspInit  stm32g4xx_hal_tim.o
    0x08003ade   0x08003ade   0x00000002   Code   RO         2561    i.HAL_TIM_PWM_PulseFinishedCallback  stm32g4xx_hal_tim.o
    0x08003ae0   0x08003ae0   0x00000120   Code   RO         2563    i.HAL_TIM_PWM_Start  stm32g4xx_hal_tim.o
    0x08003c00   0x08003c00   0x000000b8   Code   RO         2566    i.HAL_TIM_PWM_Stop  stm32g4xx_hal_tim.o
    0x08003cb8   0x08003cb8   0x00000048   Code   RO           15    i.HAL_TIM_PeriodElapsedCallback  main.o
    0x08003d00   0x08003d00   0x00000002   Code   RO         2574    i.HAL_TIM_TriggerCallback  stm32g4xx_hal_tim.o
    0x08003d02   0x08003d02   0x00000002   Code   RO          394    i.HardFault_Handler  stm32g4xx_it.o
    0x08003d04   0x08003d04   0x00000044   Code   RO         3667    i.IF_OpenLoop       foc_function.o
    0x08003d48   0x08003d48   0x000000ec   Code   RO         3780    i.IF_SMO_Blend      observer.o
    0x08003e34   0x08003e34   0x00000054   Code   RO         3668    i.Invpark           foc_function.o
    0x08003e88   0x08003e88   0x0000000c   Code   RO          545    i.LL_ADC_GetOffsetChannel  stm32g4xx_hal_adc.o
    0x08003e94   0x08003e94   0x0000000c   Code   RO          783    i.LL_ADC_GetOffsetChannel  stm32g4xx_hal_adc_ex.o
    0x08003ea0   0x08003ea0   0x00000008   Code   RO          546    i.LL_ADC_INJ_IsConversionOngoing  stm32g4xx_hal_adc.o
    0x08003ea8   0x08003ea8   0x00000008   Code   RO          784    i.LL_ADC_INJ_IsConversionOngoing  stm32g4xx_hal_adc_ex.o
    0x08003eb0   0x08003eb0   0x00000008   Code   RO          547    i.LL_ADC_IsEnabled  stm32g4xx_hal_adc.o
    0x08003eb8   0x08003eb8   0x00000008   Code   RO          785    i.LL_ADC_IsEnabled  stm32g4xx_hal_adc_ex.o
    0x08003ec0   0x08003ec0   0x00000008   Code   RO          548    i.LL_ADC_REG_IsConversionOngoing  stm32g4xx_hal_adc.o
    0x08003ec8   0x08003ec8   0x00000008   Code   RO          786    i.LL_ADC_REG_IsConversionOngoing  stm32g4xx_hal_adc_ex.o
    0x08003ed0   0x08003ed0   0x00000010   Code   RO          549    i.LL_ADC_REG_IsTriggerSourceSWStart  stm32g4xx_hal_adc.o
    0x08003ee0   0x08003ee0   0x0000001e   Code   RO          551    i.LL_ADC_SetChannelSamplingTime  stm32g4xx_hal_adc.o
    0x08003efe   0x08003efe   0x0000001e   Code   RO          787    i.LL_ADC_SetChannelSamplingTime  stm32g4xx_hal_adc_ex.o
    0x08003f1c   0x08003f1c   0x00000010   Code   RO          552    i.LL_ADC_SetOffsetState  stm32g4xx_hal_adc.o
    0x08003f2c   0x08003f2c   0x00000010   Code   RO          788    i.LL_ADC_SetOffsetState  stm32g4xx_hal_adc_ex.o
    0x08003f3c   0x08003f3c   0x00000054   Code   RO         3967    i.LPF1_Update       filter.o
    0x08003f90   0x08003f90   0x00000110   Code   RO          273    i.MX_ADC1_Init      adc.o
    0x080040a0   0x080040a0   0x000000a0   Code   RO          243    i.MX_GPIO_Init      gpio.o
    0x08004140   0x08004140   0x00000118   Code   RO          318    i.MX_TIM1_Init      tim.o
    0x08004258   0x08004258   0x00000070   Code   RO          319    i.MX_TIM3_Init      tim.o
    0x080042c8   0x080042c8   0x00000048   Code   RO          320    i.MX_TIM6_Init      tim.o
    0x08004310   0x08004310   0x00000048   Code   RO          321    i.MX_TIM7_Init      tim.o
    0x08004358   0x08004358   0x00000002   Code   RO          395    i.MemManage_Handler  stm32g4xx_it.o
    0x0800435a   0x0800435a   0x00000002   PAD
    0x0800435c   0x0800435c   0x00000078   Code   RO           17    i.Motor_SoftwareTrip_StopAll  main.o
    0x080043d4   0x080043d4   0x00000002   Code   RO          396    i.NMI_Handler       stm32g4xx_it.o
    0x080043d6   0x080043d6   0x00000002   PAD
    0x080043d8   0x080043d8   0x0000002c   Code   RO         3671    i.Normalize_theta   foc_function.o
    0x08004404   0x08004404   0x00000128   Code   RO         3781    i.PLL_calculate     observer.o
    0x0800452c   0x0800452c   0x00000054   Code   RO         3672    i.Park              foc_function.o
    0x08004580   0x08004580   0x00000002   Code   RO          397    i.PendSV_Handler    stm32g4xx_it.o
    0x08004582   0x08004582   0x00000002   PAD
    0x08004584   0x08004584   0x00000050   Code   RO         3673    i.SMO_C_Control     foc_function.o
    0x080045d4   0x080045d4   0x000000c0   Code   RO         3783    i.SMO_PLL_Update    observer.o
    0x08004694   0x08004694   0x00000002   Code   RO          398    i.SVC_Handler       stm32g4xx_it.o
    0x08004696   0x08004696   0x00000002   PAD
    0x08004698   0x08004698   0x0000008c   Code   RO         3675    i.SpeedPI           foc_function.o
    0x08004724   0x08004724   0x000001b4   Code   RO         3676    i.Svpwm             foc_function.o
    0x080048d8   0x080048d8   0x00000004   Code   RO          399    i.SysTick_Handler   stm32g4xx_it.o
    0x080048dc   0x080048dc   0x00000066   Code   RO           18    i.SystemClock_Config  main.o
    0x08004942   0x08004942   0x00000002   PAD
    0x08004944   0x08004944   0x00000010   Code   RO         3627    i.SystemInit        system_stm32g4xx.o
    0x08004954   0x08004954   0x0000000c   Code   RO          400    i.TIM3_IRQHandler   stm32g4xx_it.o
    0x08004960   0x08004960   0x0000000c   Code   RO          401    i.TIM6_DAC_IRQHandler  stm32g4xx_it.o
    0x0800496c   0x0800496c   0x0000000c   Code   RO          402    i.TIM7_DAC_IRQHandler  stm32g4xx_it.o
    0x08004978   0x08004978   0x000000e4   Code   RO         2576    i.TIM_Base_SetConfig  stm32g4xx_hal_tim.o
    0x08004a5c   0x08004a5c   0x0000001a   Code   RO         2577    i.TIM_CCxChannelCmd  stm32g4xx_hal_tim.o
    0x08004a76   0x08004a76   0x0000001a   Code   RO         3263    i.TIM_CCxNChannelCmd  stm32g4xx_hal_tim_ex.o
    0x08004a90   0x08004a90   0x00000014   Code   RO         2587    i.TIM_ETR_SetConfig  stm32g4xx_hal_tim.o
    0x08004aa4   0x08004aa4   0x00000014   Code   RO         2588    i.TIM_ITRx_SetConfig  stm32g4xx_hal_tim.o
    0x08004ab8   0x08004ab8   0x000000ac   Code   RO         2589    i.TIM_OC1_SetConfig  stm32g4xx_hal_tim.o
    0x08004b64   0x08004b64   0x000000a0   Code   RO         2590    i.TIM_OC2_SetConfig  stm32g4xx_hal_tim.o
    0x08004c04   0x08004c04   0x000000a0   Code   RO         2591    i.TIM_OC3_SetConfig  stm32g4xx_hal_tim.o
    0x08004ca4   0x08004ca4   0x000000a0   Code   RO         2592    i.TIM_OC4_SetConfig  stm32g4xx_hal_tim.o
    0x08004d44   0x08004d44   0x00000078   Code   RO         2593    i.TIM_OC5_SetConfig  stm32g4xx_hal_tim.o
    0x08004dbc   0x08004dbc   0x0000007c   Code   RO         2594    i.TIM_OC6_SetConfig  stm32g4xx_hal_tim.o
    0x08004e38   0x08004e38   0x00000022   Code   RO         2596    i.TIM_TI1_ConfigInputStage  stm32g4xx_hal_tim.o
    0x08004e5a   0x08004e5a   0x00000024   Code   RO         2598    i.TIM_TI2_ConfigInputStage  stm32g4xx_hal_tim.o
    0x08004e7e   0x08004e7e   0x00000002   Code   RO          403    i.UsageFault_Handler  stm32g4xx_it.o
    0x08004e80   0x08004e80   0x00000020   Code   RO         2364    i.__NVIC_SetPriority  stm32g4xx_hal_cortex.o
    0x08004ea0   0x08004ea0   0x000000b0   Code   RO         4128    i.__hardfp_fmodf    m_wm.l(fmodf.o)
    0x08004f50   0x08004f50   0x00000010   Code   RO         4188    i.__mathlib_flt_invalid  m_wm.l(funder.o)
    0x08004f60   0x08004f60   0x0000000e   Code   RO         4241    i.__scatterload_copy  mc_w.l(handlers.o)
    0x08004f6e   0x08004f6e   0x00000002   Code   RO         4242    i.__scatterload_null  mc_w.l(handlers.o)
    0x08004f70   0x08004f70   0x0000000e   Code   RO         4243    i.__scatterload_zeroinit  mc_w.l(handlers.o)
    0x08004f7e   0x08004f7e   0x00000002   PAD
    0x08004f80   0x08004f80   0x0000000c   Code   RO         4221    i.__set_errno       mc_w.l(errno.o)
    0x08004f8c   0x08004f8c   0x0000012c   Code   RO           19    i.main              main.o
    0x080050b8   0x080050b8   0x0000002a   Code   RO         3785    i.sat               observer.o
    0x080050e2   0x080050e2   0x00000010   Data   RO         3628    .constdata          system_stm32g4xx.o
    0x080050f2   0x080050f2   0x00000002   PAD
    0x080050f4   0x080050f4   0x00000804   Data   RO         4109    .rodata.sinTable_f32  arm_cortexM4lf_math.lib(arm_common_tables.o)
    0x080058f8   0x080058f8   0x00000020   Data   RO         4239    Region$$Table       anon$$obj.o


    Execution Region RW_IRAM1 (Exec base: 0x20000000, Load base: 0x08005918, Size: 0x000007b0, Max: 0x00020000, ABSOLUTE, COMPRESSED[0x0000005c])

    Exec Addr    Load Addr    Size         Type   Attr      Idx    E Section Name        Object

    0x20000000   COMPRESSED   0x000000a0   Data   RW           21    .data               main.o
    0x200000a0   COMPRESSED   0x0000000c   Data   RW         1010    .data               stm32g4xx_hal.o
    0x200000ac   COMPRESSED   0x00000004   Data   RW         3630    .data               system_stm32g4xx.o
    0x200000b0   COMPRESSED   0x00000010   Data   RW         3788    .data               observer.o
    0x200000c0   COMPRESSED   0x00000038   Data   RW         3790    .data               observer.o
    0x200000f8   COMPRESSED   0x0000002c   Data   RW         3791    .data               observer.o
    0x20000124   COMPRESSED   0x00000018   Data   RW         3792    .data               observer.o
    0x2000013c   COMPRESSED   0x00000014   Data   RW         3870    .data               encoder.o
    0x20000150   COMPRESSED   0x00000004   Data   RW         4222    .data               mc_w.l(errno.o)
    0x20000154        -       0x0000000c   Zero   RW           20    .bss                main.o
    0x20000160        -       0x0000006c   Zero   RW          274    .bss                adc.o
    0x200001cc        -       0x00000130   Zero   RW          322    .bss                tim.o
    0x200002fc        -       0x00000054   Zero   RW         3678    .bss                foc_function.o
    0x20000350        -       0x00000020   Zero   RW         3679    .bss                foc_function.o
    0x20000370        -       0x00000014   Zero   RW         3680    .bss                foc_function.o
    0x20000384        -       0x00000028   Zero   RW         3869    .bss                encoder.o
    0x200003ac   COMPRESSED   0x00000004   PAD
    0x200003b0        -       0x00000400   Zero   RW            1    STACK               startup_stm32g474xx.o


==============================================================================

Image component sizes


      Code (inc. data)   RO Data    RW Data    ZI Data      Debug   Object Name

       440         28          0          0        108       2177   adc.o
       108         26          0          0          0       2380   dwt_timer.o
       228         24          0         20         40       1407   encoder.o
        84          6          0          0          0       1086   filter.o
      1244        154          0          0        136       9319   foc_function.o
       160         10          0          0          0       1087   gpio.o
      1534        158          0        160         12     900438   main.o
       766         66          0        140          0       7445   observer.o
        36          8        472          0       1024        868   startup_stm32g474xx.o
       126         20          0         12          0       3933   stm32g4xx_hal.o
      3118        192          0          0          0      83788   stm32g4xx_hal_adc.o
      2286        128          0          0          0      80664   stm32g4xx_hal_adc_ex.o
       198         14          0          0          0      34043   stm32g4xx_hal_cortex.o
       442         32          0          0          0       2340   stm32g4xx_hal_gpio.o
        48          6          0          0          0        950   stm32g4xx_hal_msp.o
       204         18          0          0          0       1521   stm32g4xx_hal_pwr_ex.o
      1596         64          0          0          0       5494   stm32g4xx_hal_rcc.o
       792         10          0          0          0       2148   stm32g4xx_hal_rcc_ex.o
      3426        358          0          0          0      24216   stm32g4xx_hal_tim.o
       704         80          0          0          0       9401   stm32g4xx_hal_tim_ex.o
        68         24          0          0          0       6580   stm32g4xx_it.o
        16          4         16          4          0       1247   system_stm32g4xx.o
       920         78          0          0        304       5585   tim.o

    ----------------------------------------------------------------------
     18578       1508        522        336       1628    1188117   Object Totals
         0          0         32          0          0          0   (incl. Generated)
        34          0          2          0          4          0   (incl. Padding)

    ----------------------------------------------------------------------

      Code (inc. data)   RO Data    RW Data    ZI Data      Debug   Library Member Name

         0          0       2052          0          0       6294   arm_common_tables.o
       292         16          0          0          0       1600   arm_sin_cos_f32.o
       176          0          0          0          0        168   fmodf.o
        16          6          0          0          0        116   funder.o
        58          0          0          0          0          0   __dczerorl.o
         0          0          0          0          0          0   entry.o
         0          0          0          0          0          0   entry10a.o
         0          0          0          0          0          0   entry11a.o
         4          0          0          0          0          0   entry12b.o
         8          4          0          0          0          0   entry2.o
         4          0          0          0          0          0   entry5.o
         0          0          0          0          0          0   entry7b.o
         0          0          0          0          0          0   entry8b.o
         8          4          0          0          0          0   entry9a.o
        12          6          0          4          0         68   errno.o
        30          0          0          0          0          0   handlers.o
        36          8          0          0          0         68   init.o
         0          0          0          0          0          0   iusefp.o
        30          0          0          0          0         68   llshl.o
        32          0          0          0          0         68   llushr.o
        36          0          0          0          0        108   memseta.o
        56          0          0          0          0         88   d2f.o
       222          0          0          0          0        100   ddiv.o
       186          0          0          0          0        176   depilogue.o
        26          0          0          0          0         76   dfltui.o
       228          0          0          0          0         96   dmul.o
       110          0          0          0          0        168   fepilogue.o
        82          0          0          0          0         96   frem.o

    ----------------------------------------------------------------------
      1656         44       2052          4          0       9358   Library Totals
         4          0          0          0          0          0   (incl. Padding)

    ----------------------------------------------------------------------

      Code (inc. data)   RO Data    RW Data    ZI Data      Debug   Library Name

       292         16       2052          0          0       7894   arm_cortexM4lf_math.lib
       192          6          0          0          0        284   m_wm.l
       258         22          0          4          0        380   mc_w.l
       910          0          0          0          0        800   mf_w.l

    ----------------------------------------------------------------------
      1656         44       2052          4          0       9358   Library Totals

    ----------------------------------------------------------------------

==============================================================================


      Code (inc. data)   RO Data    RW Data    ZI Data      Debug   

     20234       1552       2574        340       1628    1184739   Grand Totals
     20234       1552       2574         92       1628    1184739   ELF Image Totals (compressed)
     20234       1552       2574         92          0          0   ROM Totals

==============================================================================

    Total RO  Size (Code + RO Data)                22808 (  22.27kB)
    Total RW  Size (RW Data + ZI Data)              1968 (   1.92kB)
    Total ROM Size (Code + RO Data + RW Data)      22900 (  22.36kB)

==============================================================================

