Component: ARM Compiler 5.06 update 7 (build 960) Tool: armlink [4d3601]

==============================================================================

Section Cross References

    startup_stm32g474xx.o(RESET) refers to startup_stm32g474xx.o(STACK) for __initial_sp
    startup_stm32g474xx.o(RESET) refers to startup_stm32g474xx.o(.text) for Reset_Handler
    startup_stm32g474xx.o(RESET) refers to stm32g4xx_it.o(i.NMI_Handler) for NMI_Handler
    startup_stm32g474xx.o(RESET) refers to stm32g4xx_it.o(i.HardFault_Handler) for HardFault_Handler
    startup_stm32g474xx.o(RESET) refers to stm32g4xx_it.o(i.MemManage_Handler) for MemManage_Handler
    startup_stm32g474xx.o(RESET) refers to stm32g4xx_it.o(i.BusFault_Handler) for BusFault_Handler
    startup_stm32g474xx.o(RESET) refers to stm32g4xx_it.o(i.UsageFault_Handler) for UsageFault_Handler
    startup_stm32g474xx.o(RESET) refers to port.o(.emb_text) for SVC_Handler
    startup_stm32g474xx.o(RESET) refers to stm32g4xx_it.o(i.DebugMon_Handler) for DebugMon_Handler
    startup_stm32g474xx.o(RESET) refers to cmsis_os2.o(i.SysTick_Handler) for SysTick_Handler
    startup_stm32g474xx.o(RESET) refers to stm32g4xx_it.o(i.PVD_PVM_IRQHandler) for PVD_PVM_IRQHandler
    startup_stm32g474xx.o(RESET) refers to stm32g4xx_it.o(i.DMA1_Channel1_IRQHandler) for DMA1_Channel1_IRQHandler
    startup_stm32g474xx.o(RESET) refers to stm32g4xx_it.o(i.ADC1_2_IRQHandler) for ADC1_2_IRQHandler
    startup_stm32g474xx.o(RESET) refers to stm32g4xx_it.o(i.TIM3_IRQHandler) for TIM3_IRQHandler
    startup_stm32g474xx.o(RESET) refers to stm32g4xx_it.o(i.SPI1_IRQHandler) for SPI1_IRQHandler
    startup_stm32g474xx.o(RESET) refers to stm32g4xx_it.o(i.TIM6_DAC_IRQHandler) for TIM6_DAC_IRQHandler
    startup_stm32g474xx.o(RESET) refers to stm32g4xx_it.o(i.TIM7_DAC_IRQHandler) for TIM7_DAC_IRQHandler
    startup_stm32g474xx.o(.text) refers to system_stm32g4xx.o(i.SystemInit) for SystemInit
    startup_stm32g474xx.o(.text) refers to entry.o(.ARM.Collect$$$$00000000) for __main
    main.o(i.HAL_ADCEx_InjectedConvCpltCallback) refers to dwt_timer.o(i.DWT_Timer_Start) for DWT_Timer_Start
    main.o(i.HAL_ADCEx_InjectedConvCpltCallback) refers to observer.o(i.SMO_PLL_Update) for SMO_PLL_Update
    main.o(i.HAL_ADCEx_InjectedConvCpltCallback) refers to filter.o(i.LPF1_Update) for LPF1_Update
    main.o(i.HAL_ADCEx_InjectedConvCpltCallback) refers to main.o(i.Motor_SoftwareTrip_StopAll) for Motor_SoftwareTrip_StopAll
    main.o(i.HAL_ADCEx_InjectedConvCpltCallback) refers to stm32g4xx_hal_tim.o(i.HAL_TIM_PWM_Start) for HAL_TIM_PWM_Start
    main.o(i.HAL_ADCEx_InjectedConvCpltCallback) refers to stm32g4xx_hal_tim_ex.o(i.HAL_TIMEx_PWMN_Start) for HAL_TIMEx_PWMN_Start
    main.o(i.HAL_ADCEx_InjectedConvCpltCallback) refers to foc_function.o(i.Normalize_theta) for Normalize_theta
    main.o(i.HAL_ADCEx_InjectedConvCpltCallback) refers to observer.o(i.IF_SMO_Blend) for IF_SMO_Blend
    main.o(i.HAL_ADCEx_InjectedConvCpltCallback) refers to foc_function.o(i.IF_OpenLoop) for IF_OpenLoop
    main.o(i.HAL_ADCEx_InjectedConvCpltCallback) refers to foc_function.o(i.SMO_C_Control) for SMO_C_Control
    main.o(i.HAL_ADCEx_InjectedConvCpltCallback) refers to foc_function.o(i.SpeedPI) for SpeedPI
    main.o(i.HAL_ADCEx_InjectedConvCpltCallback) refers to dwt_timer.o(i.DWT_Timer_Stop) for DWT_Timer_Stop
    main.o(i.HAL_ADCEx_InjectedConvCpltCallback) refers to main.o(.bss) for .bss
    main.o(i.HAL_ADCEx_InjectedConvCpltCallback) refers to foc_function.o(.bss) for MyFoc
    main.o(i.HAL_ADCEx_InjectedConvCpltCallback) refers to observer.o(.data) for PLL
    main.o(i.HAL_ADCEx_InjectedConvCpltCallback) refers to observer.o(.data) for SMO
    main.o(i.HAL_ADCEx_InjectedConvCpltCallback) refers to main.o(.data) for .data
    main.o(i.HAL_ADCEx_InjectedConvCpltCallback) refers to adc.o(.bss) for hadc1
    main.o(i.HAL_ADCEx_InjectedConvCpltCallback) refers to observer.o(.data) for Blend
    main.o(i.HAL_ADCEx_InjectedConvCpltCallback) refers to tim.o(.bss) for htim1
    main.o(i.HAL_ADCEx_InjectedConvCpltCallback) refers to foc_function.o(.bss) for S_PI
    main.o(i.HAL_ADCEx_InjectedConvCpltCallback) refers to foc_function.o(.bss) for C_PI
    main.o(i.HAL_TIM_PeriodElapsedCallback) refers to stm32g4xx_hal.o(i.HAL_IncTick) for HAL_IncTick
    main.o(i.LowPassFilter) refers to main.o(.data) for .data
    main.o(i.Motor_SoftwareTrip_StopAll) refers to stm32g4xx_hal_tim.o(i.HAL_TIM_PWM_Stop) for HAL_TIM_PWM_Stop
    main.o(i.Motor_SoftwareTrip_StopAll) refers to stm32g4xx_hal_tim_ex.o(i.HAL_TIMEx_PWMN_Stop) for HAL_TIMEx_PWMN_Stop
    main.o(i.Motor_SoftwareTrip_StopAll) refers to tim.o(.bss) for htim1
    main.o(i.Motor_SoftwareTrip_StopAll) refers to main.o(.data) for .data
    main.o(i.Motor_SoftwareTrip_StopAll) refers to foc_function.o(.bss) for C_PI
    main.o(i.Motor_SoftwareTrip_StopAll) refers to foc_function.o(.bss) for S_PI
    main.o(i.SystemClock_Config) refers to memseta.o(.text) for __aeabi_memclr4
[...]
    DMA1_Channel7_IRQHandler                 0x080002cb   Thumb Code     0  startup_stm32g474xx.o(.text)
    DMA1_Channel8_IRQHandler                 0x080002cb   Thumb Code     0  startup_stm32g474xx.o(.text)
    DMA2_Channel1_IRQHandler                 0x080002cb   Thumb Code     0  startup_stm32g474xx.o(.text)
    DMA2_Channel2_IRQHandler                 0x080002cb   Thumb Code     0  startup_stm32g474xx.o(.text)
    DMA2_Channel3_IRQHandler                 0x080002cb   Thumb Code     0  startup_stm32g474xx.o(.text)
    DMA2_Channel4_IRQHandler                 0x080002cb   Thumb Code     0  startup_stm32g474xx.o(.text)
    DMA2_Channel5_IRQHandler                 0x080002cb   Thumb Code     0  startup_stm32g474xx.o(.text)
    DMA2_Channel6_IRQHandler                 0x080002cb   Thumb Code     0  startup_stm32g474xx.o(.text)
    DMA2_Channel7_IRQHandler                 0x080002cb   Thumb Code     0  startup_stm32g474xx.o(.text)
    DMA2_Channel8_IRQHandler                 0x080002cb   Thumb Code     0  startup_stm32g474xx.o(.text)
    DMAMUX_OVR_IRQHandler                    0x080002cb   Thumb Code     0  startup_stm32g474xx.o(.text)
    EXTI0_IRQHandler                         0x080002cb   Thumb Code     0  startup_stm32g474xx.o(.text)
    EXTI15_10_IRQHandler                     0x080002cb   Thumb Code     0  startup_stm32g474xx.o(.text)
    EXTI1_IRQHandler                         0x080002cb   Thumb Code     0  startup_stm32g474xx.o(.text)
    EXTI2_IRQHandler                         0x080002cb   Thumb Code     0  startup_stm32g474xx.o(.text)
    EXTI3_IRQHandler                         0x080002cb   Thumb Code     0  startup_stm32g474xx.o(.text)
    EXTI4_IRQHandler                         0x080002cb   Thumb Code     0  startup_stm32g474xx.o(.text)
    EXTI9_5_IRQHandler                       0x080002cb   Thumb Code     0  startup_stm32g474xx.o(.text)
    FDCAN1_IT0_IRQHandler                    0x080002cb   Thumb Code     0  startup_stm32g474xx.o(.text)
    FDCAN1_IT1_IRQHandler                    0x080002cb   Thumb Code     0  startup_stm32g474xx.o(.text)
    FDCAN2_IT0_IRQHandler                    0x080002cb   Thumb Code     0  startup_stm32g474xx.o(.text)
    FDCAN2_IT1_IRQHandler                    0x080002cb   Thumb Code     0  startup_stm32g474xx.o(.text)
    FDCAN3_IT0_IRQHandler                    0x080002cb   Thumb Code     0  startup_stm32g474xx.o(.text)
    FDCAN3_IT1_IRQHandler                    0x080002cb   Thumb Code     0  startup_stm32g474xx.o(.text)
    FLASH_IRQHandler                         0x080002cb   Thumb Code     0  startup_stm32g474xx.o(.text)
    FMAC_IRQHandler                          0x080002cb   Thumb Code     0  startup_stm32g474xx.o(.text)
    FMC_IRQHandler                           0x080002cb   Thumb Code     0  startup_stm32g474xx.o(.text)
    FPU_IRQHandler                           0x080002cb   Thumb Code     0  startup_stm32g474xx.o(.text)
    HRTIM1_FLT_IRQHandler                    0x080002cb   Thumb Code     0  startup_stm32g474xx.o(.text)
    HRTIM1_Master_IRQHandler                 0x080002cb   Thumb Code     0  startup_stm32g474xx.o(.text)
    HRTIM1_TIMA_IRQHandler                   0x080002cb   Thumb Code     0  startup_stm32g474xx.o(.text)
    HRTIM1_TIMB_IRQHandler                   0x080002cb   Thumb Code     0  startup_stm32g474xx.o(.text)
    HRTIM1_TIMC_IRQHandler                   0x080002cb   Thumb Code     0  startup_stm32g474xx.o(.text)
    HRTIM1_TIMD_IRQHandler                   0x080002cb   Thumb Code     0  startup_stm32g474xx.o(.text)
    HRTIM1_TIME_IRQHandler                   0x080002cb   Thumb Code     0  startup_stm32g474xx.o(.text)
    HRTIM1_TIMF_IRQHandler                   0x080002cb   Thumb Code     0  startup_stm32g474xx.o(.text)
    I2C1_ER_IRQHandler                       0x080002cb   Thumb Code     0  startup_stm32g474xx.o(.text)
    I2C1_EV_IRQHandler                       0x080002cb   Thumb Code     0  startup_stm32g474xx.o(.text)
    I2C2_ER_IRQHandler                       0x080002cb   Thumb Code     0  startup_stm32g474xx.o(.text)
    I2C2_EV_IRQHandler                       0x080002cb   Thumb Code     0  startup_stm32g474xx.o(.text)
    I2C3_ER_IRQHandler                       0x080002cb   Thumb Code     0  startup_stm32g474xx.o(.text)
    I2C3_EV_IRQHandler                       0x080002cb   Thumb Code     0  startup_stm32g474xx.o(.text)
    I2C4_ER_IRQHandler                       0x080002cb   Thumb Code     0  startup_stm32g474xx.o(.text)
    I2C4_EV_IRQHandler                       0x080002cb   Thumb Code     0  startup_stm32g474xx.o(.text)
    LPTIM1_IRQHandler                        0x080002cb   Thumb Code     0  startup_stm32g474xx.o(.text)
    LPUART1_IRQHandler                       0x080002cb   Thumb Code     0  startup_stm32g474xx.o(.text)
    QUADSPI_IRQHandler                       0x080002cb   Thumb Code     0  startup_stm32g474xx.o(.text)
    RCC_IRQHandler                           0x080002cb   Thumb Code     0  startup_stm32g474xx.o(.text)
    RNG_IRQHandler                           0x080002cb   Thumb Code     0  startup_stm32g474xx.o(.text)
    RTC_Alarm_IRQHandler                     0x080002cb   Thumb Code     0  startup_stm32g474xx.o(.text)
    RTC_TAMP_LSECSS_IRQHandler               0x080002cb   Thumb Code     0  startup_stm32g474xx.o(.text)
    RTC_WKUP_IRQHandler                      0x080002cb   Thumb Code     0  startup_stm32g474xx.o(.text)
    SAI1_IRQHandler                          0x080002cb   Thumb Code     0  startup_stm32g474xx.o(.text)
    SPI2_IRQHandler                          0x080002cb   Thumb Code     0  startup_stm32g474xx.o(.text)
    SPI3_IRQHandler                          0x080002cb   Thumb Code     0  startup_stm32g474xx.o(.text)
    SPI4_IRQHandler                          0x080002cb   Thumb Code     0  startup_stm32g474xx.o(.text)
    TIM1_BRK_TIM15_IRQHandler                0x080002cb   Thumb Code     0  startup_stm32g474xx.o(.text)
    TIM1_CC_IRQHandler                       0x080002cb   Thumb Code     0  startup_stm32g474xx.o(.text)
    TIM1_TRG_COM_TIM17_IRQHandler            0x080002cb   Thumb Code     0  startup_stm32g474xx.o(.text)
    TIM1_UP_TIM16_IRQHandler                 0x080002cb   Thumb Code     0  startup_stm32g474xx.o(.text)
    TIM20_BRK_IRQHandler                     0x080002cb   Thumb Code     0  startup_stm32g474xx.o(.text)
    TIM20_CC_IRQHandler                      0x080002cb   Thumb Code     0  startup_stm32g474xx.o(.text)
    TIM20_TRG_COM_IRQHandler                 0x080002cb   Thumb Code     0  startup_stm32g474xx.o(.text)
    TIM20_UP_IRQHandler                      0x080002cb   Thumb Code     0  startup_stm32g474xx.o(.text)
    TIM2_IRQHandler                          0x080002cb   Thumb Code     0  startup_stm32g474xx.o(.text)
    TIM4_IRQHandler                          0x080002cb   Thumb Code     0  startup_stm32g474xx.o(.text)
    TIM5_IRQHandler                          0x080002cb   Thumb Code     0  startup_stm32g474xx.o(.text)
    TIM8_BRK_IRQHandler                      0x080002cb   Thumb Code     0  startup_stm32g474xx.o(.text)
    TIM8_CC_IRQHandler                       0x080002cb   Thumb Code     0  startup_stm32g474xx.o(.text)
    TIM8_TRG_COM_IRQHandler                  0x080002cb   Thumb Code     0  startup_stm32g474xx.o(.text)
    TIM8_UP_IRQHandler                       0x080002cb   Thumb Code     0  startup_stm32g474xx.o(.text)
    UART4_IRQHandler                         0x080002cb   Thumb Code     0  startup_stm32g474xx.o(.text)
    UART5_IRQHandler                         0x080002cb   Thumb Code     0  startup_stm32g474xx.o(.text)
    UCPD1_IRQHandler                         0x080002cb   Thumb Code     0  startup_stm32g474xx.o(.text)
    USART1_IRQHandler                        0x080002cb   Thumb Code     0  startup_stm32g474xx.o(.text)
    USART2_IRQHandler                        0x080002cb   Thumb Code     0  startup_stm32g474xx.o(.text)
    USART3_IRQHandler                        0x080002cb   Thumb Code     0  startup_stm32g474xx.o(.text)
    USBWakeUp_IRQHandler                     0x080002cb   Thumb Code     0  startup_stm32g474xx.o(.text)
    USB_HP_IRQHandler                        0x080002cb   Thumb Code     0  startup_stm32g474xx.o(.text)
    USB_LP_IRQHandler                        0x080002cb   Thumb Code     0  startup_stm32g474xx.o(.text)
    WWDG_IRQHandler                          0x080002cb   Thumb Code     0  startup_stm32g474xx.o(.text)
    __aeabi_memcpy                           0x080002d5   Thumb Code    36  memcpya.o(.text)
    __aeabi_memcpy4                          0x080002d5   Thumb Code     0  memcpya.o(.text)
    __aeabi_memcpy8                          0x080002d5   Thumb Code     0  memcpya.o(.text)
    __aeabi_memset                           0x080002f9   Thumb Code    14  memseta.o(.text)
    __aeabi_memset4                          0x080002f9   Thumb Code     0  memseta.o(.text)
    __aeabi_memset8                          0x080002f9   Thumb Code     0  memseta.o(.text)
    __aeabi_memclr                           0x08000307   Thumb Code     4  memseta.o(.text)
    __aeabi_memclr4                          0x08000307   Thumb Code     0  memseta.o(.text)
    __aeabi_memclr8                          0x08000307   Thumb Code     0  memseta.o(.text)
    memset                                   0x0800030b   Thumb Code    18  memseta.o(.text)
    __aeabi_dadd                             0x0800031d   Thumb Code   322  dadd.o(.text)
    __aeabi_dsub                             0x0800045f   Thumb Code     6  dadd.o(.text)
    __aeabi_drsub                            0x08000465   Thumb Code     6  dadd.o(.text)
    __aeabi_dmul                             0x0800046b   Thumb Code   228  dmul.o(.text)
    __aeabi_ddiv                             0x0800054f   Thumb Code   222  ddiv.o(.text)
    __aeabi_f2d                              0x0800062d   Thumb Code    38  f2d.o(.text)
    __aeabi_uidiv                            0x08000653   Thumb Code     0  uidiv.o(.text)
    __aeabi_uidivmod                         0x08000653   Thumb Code    44  uidiv.o(.text)
    __aeabi_uldivmod                         0x0800067f   Thumb Code    98  uldiv.o(.text)
    __aeabi_llsl                             0x080006e1   Thumb Code    30  llshl.o(.text)
    _ll_shift_l                              0x080006e1   Thumb Code     0  llshl.o(.text)
    __aeabi_lasr                             0x080006ff   Thumb Code    36  llsshr.o(.text)
    _ll_sshift_r                             0x080006ff   Thumb Code     0  llsshr.o(.text)
    __I$use$fp                               0x08000723   Thumb Code     0  iusefp.o(.text)
    _float_round                             0x08000723   Thumb Code    18  fepilogue.o(.text)
    _float_epilogue                          0x08000735   Thumb Code    92  fepilogue.o(.text)
    _frem                                    0x08000791   Thumb Code    82  frem.o(.text)
    _double_round                            0x080007e3   Thumb Code    30  depilogue.o(.text)
    _double_epilogue                         0x08000801   Thumb Code   156  depilogue.o(.text)
    __aeabi_d2ulz                            0x0800089d   Thumb Code    48  dfixul.o(.text)
    __aeabi_cdrcmple                         0x080008cd   Thumb Code    48  cdrcmple.o(.text)
    __scatterload                            0x080008fd   Thumb Code    28  init.o(.text)
    __scatterload_rt2                        0x080008fd   Thumb Code     0  init.o(.text)
    __aeabi_llsr                             0x08000921   Thumb Code    32  llushr.o(.text)
    _ll_ushift_r                             0x08000921   Thumb Code     0  llushr.o(.text)
    __decompress                             0x08000941   Thumb Code     0  __dczerorl.o(.text)
    __decompress0                            0x08000941   Thumb Code    58  __dczerorl.o(.text)
    arm_sin_cos_f32                          0x0800097d   Thumb Code   292  arm_sin_cos_f32.o(.text.arm_sin_cos_f32)
    ADC1_2_IRQHandler                        0x08000aa1   Thumb Code     6  stm32g4xx_it.o(i.ADC1_2_IRQHandler)
    ADC_Disable                              0x08000aad   Thumb Code   106  stm32g4xx_hal_adc.o(i.ADC_Disable)
    ADC_Enable                               0x08000b1d   Thumb Code   176  stm32g4xx_hal_adc.o(i.ADC_Enable)
    BusFault_Handler                         0x08000be5   Thumb Code     2  stm32g4xx_it.o(i.BusFault_Handler)
    Clarke                                   0x08000be9   Thumb Code    34  foc_function.o(i.Clarke)
    CurrentPI                                0x08000c15   Thumb Code   362  foc_function.o(i.CurrentPI)
    DMA1_Channel1_IRQHandler                 0x08000dc9   Thumb Code     6  stm32g4xx_it.o(i.DMA1_Channel1_IRQHandler)
    DWT_Timer_Init                           0x08000e79   Thumb Code    26  dwt_timer.o(i.DWT_Timer_Init)
    DWT_Timer_Start                          0x08000e9d   Thumb Code    12  dwt_timer.o(i.DWT_Timer_Start)
    DWT_Timer_Stop                           0x08000ead   Thumb Code    44  dwt_timer.o(i.DWT_Timer_Stop)
    DebugMon_Handler                         0x08000ee5   Thumb Code     2  stm32g4xx_it.o(i.DebugMon_Handler)
    Error_Handler                            0x08000ee7   Thumb Code     4  main.o(i.Error_Handler)
    HAL_ADCEx_Calibration_Start              0x08000eed   Thumb Code   138  stm32g4xx_hal_adc_ex.o(i.HAL_ADCEx_Calibration_Start)
    HAL_ADCEx_EndOfSamplingCallback          0x08000f81   Thumb Code     2  stm32g4xx_hal_adc_ex.o(i.HAL_ADCEx_EndOfSamplingCallback)
    HAL_ADCEx_InjectedConfigChannel          0x08000f85   Thumb Code  1314  stm32g4xx_hal_adc_ex.o(i.HAL_ADCEx_InjectedConfigChannel)
    HAL_ADCEx_InjectedConvCpltCallback       0x080014dd   Thumb Code  1176  main.o(i.HAL_ADCEx_InjectedConvCpltCallback)
    HAL_ADCEx_InjectedQueueOverflowCallback  0x08001979   Thumb Code     2  stm32g4xx_hal_adc_ex.o(i.HAL_ADCEx_InjectedQueueOverflowCallback)
    HAL_ADCEx_InjectedStart_IT               0x0800197d   Thumb Code   320  stm32g4xx_hal_adc_ex.o(i.HAL_ADCEx_InjectedStart_IT)
    HAL_ADCEx_LevelOutOfWindow2Callback      0x08001ad5   Thumb Code     2  stm32g4xx_hal_adc_ex.o(i.HAL_ADCEx_LevelOutOfWindow2Callback)
    HAL_ADCEx_LevelOutOfWindow3Callback      0x08001ad7   Thumb Code     2  stm32g4xx_hal_adc_ex.o(i.HAL_ADCEx_LevelOutOfWindow3Callback)
    HAL_ADCEx_MultiModeConfigChannel         0x08001ad9   Thumb Code   312  stm32g4xx_hal_adc_ex.o(i.HAL_ADCEx_MultiModeConfigChannel)
    HAL_ADC_ConfigChannel                    0x08001c29   Thumb Code  1058  stm32g4xx_hal_adc.o(i.HAL_ADC_ConfigChannel)
    HAL_ADC_ConvCpltCallback                 0x0800208d   Thumb Code     2  stm32g4xx_hal_adc.o(i.HAL_ADC_ConvCpltCallback)
    HAL_ADC_ErrorCallback                    0x0800208f   Thumb Code     2  stm32g4xx_hal_adc.o(i.HAL_ADC_ErrorCallback)
    HAL_ADC_GetValue                         0x08002091   Thumb Code     6  stm32g4xx_hal_adc.o(i.HAL_ADC_GetValue)
    HAL_ADC_IRQHandler                       0x08002099   Thumb Code   674  stm32g4xx_hal_adc.o(i.HAL_ADC_IRQHandler)
    HAL_ADC_Init                             0x08002351   Thumb Code   514  stm32g4xx_hal_adc.o(i.HAL_ADC_Init)
    HAL_ADC_LevelOutOfWindowCallback         0x08002585   Thumb Code     2  stm32g4xx_hal_adc.o(i.HAL_ADC_LevelOutOfWindowCallback)
    HAL_ADC_MspInit                          0x08002589   Thumb Code   160  adc.o(i.HAL_ADC_MspInit)
    HAL_ADC_PollForConversion                0x08002631   Thumb Code   290  stm32g4xx_hal_adc.o(i.HAL_ADC_PollForConversion)
    HAL_ADC_Start                            0x08002769   Thumb Code   288  stm32g4xx_hal_adc.o(i.HAL_ADC_Start)
    HAL_DMA_Abort_IT                         0x080028a1   Thumb Code   120  stm32g4xx_hal_dma.o(i.HAL_DMA_Abort_IT)
    HAL_DMA_IRQHandler                       0x08002919   Thumb Code   186  stm32g4xx_hal_dma.o(i.HAL_DMA_IRQHandler)
    HAL_DMA_Init                             0x080029d5   Thumb Code   178  stm32g4xx_hal_dma.o(i.HAL_DMA_Init)
    HAL_DMA_Start_IT                         0x08002a95   Thumb Code   140  stm32g4xx_hal_dma.o(i.HAL_DMA_Start_IT)
    HAL_GPIO_Init                            0x08002b21   Thumb Code   400  stm32g4xx_hal_gpio.o(i.HAL_GPIO_Init)
    HAL_GPIO_ReadPin                         0x08002cd1   Thumb Code    10  stm32g4xx_hal_gpio.o(i.HAL_GPIO_ReadPin)
    HAL_GPIO_TogglePin                       0x08002cdb   Thumb Code    16  stm32g4xx_hal_gpio.o(i.HAL_GPIO_TogglePin)
    HAL_GPIO_WritePin                        0x08002ceb   Thumb Code    10  stm32g4xx_hal_gpio.o(i.HAL_GPIO_WritePin)
    HAL_GetTick                              0x08002cf5   Thumb Code     6  stm32g4xx_hal.o(i.HAL_GetTick)
    HAL_IncTick                              0x08002d01   Thumb Code    12  stm32g4xx_hal.o(i.HAL_IncTick)
    HAL_Init                                 0x08002d11   Thumb Code    30  stm32g4xx_hal.o(i.HAL_Init)
    HAL_InitTick                             0x08002d31   Thumb Code   116  stm32g4xx_hal_timebase_tim.o(i.HAL_InitTick)
    HAL_MspInit                              0x08002db9   Thumb Code    70  stm32g4xx_hal_msp.o(i.HAL_MspInit)
    HAL_NVIC_EnableIRQ                       0x08002e05   Thumb Code    26  stm32g4xx_hal_cortex.o(i.HAL_NVIC_EnableIRQ)
    HAL_NVIC_SetPriority                     0x08002e21   Thumb Code    60  stm32g4xx_hal_cortex.o(i.HAL_NVIC_SetPriority)
    HAL_NVIC_SetPriorityGrouping             0x08002e61   Thumb Code    26  stm32g4xx_hal_cortex.o(i.HAL_NVIC_SetPriorityGrouping)
    HAL_PWREx_ControlVoltageScaling          0x08002e85   Thumb Code   174  stm32g4xx_hal_pwr_ex.o(i.HAL_PWREx_ControlVoltageScaling)
    HAL_PWREx_DisableUCPDDeadBattery         0x08002f41   Thumb Code    12  stm32g4xx_hal_pwr_ex.o(i.HAL_PWREx_DisableUCPDDeadBattery)
    HAL_PWREx_PVD_PVM_IRQHandler             0x08002f51   Thumb Code    82  stm32g4xx_hal_pwr_ex.o(i.HAL_PWREx_PVD_PVM_IRQHandler)
    HAL_PWREx_PVM1Callback                   0x08002fa9   Thumb Code     2  stm32g4xx_hal_pwr_ex.o(i.HAL_PWREx_PVM1Callback)
    HAL_PWREx_PVM2Callback                   0x08002fab   Thumb Code     2  stm32g4xx_hal_pwr_ex.o(i.HAL_PWREx_PVM2Callback)
    HAL_PWREx_PVM3Callback                   0x08002fad   Thumb Code     2  stm32g4xx_hal_pwr_ex.o(i.HAL_PWREx_PVM3Callback)
    HAL_PWREx_PVM4Callback                   0x08002faf   Thumb Code     2  stm32g4xx_hal_pwr_ex.o(i.HAL_PWREx_PVM4Callback)
    HAL_PWR_PVDCallback                      0x08002fb1   Thumb Code     2  stm32g4xx_hal_pwr.o(i.HAL_PWR_PVDCallback)
    HAL_RCCEx_PeriphCLKConfig                0x08002fb5   Thumb Code   782  stm32g4xx_hal_rcc_ex.o(i.HAL_RCCEx_PeriphCLKConfig)
    HAL_RCC_ClockConfig                      0x080032cd   Thumb Code   442  stm32g4xx_hal_rcc.o(i.HAL_RCC_ClockConfig)
    HAL_RCC_GetClockConfig                   0x080034a9   Thumb Code    54  stm32g4xx_hal_rcc.o(i.HAL_RCC_GetClockConfig)
    HAL_RCC_GetPCLK1Freq                     0x080034e9   Thumb Code    24  stm32g4xx_hal_rcc.o(i.HAL_RCC_GetPCLK1Freq)
    HAL_RCC_GetSysClockFreq                  0x0800350d   Thumb Code    98  stm32g4xx_hal_rcc.o(i.HAL_RCC_GetSysClockFreq)
    HAL_RCC_OscConfig                        0x08003579   Thumb Code   992  stm32g4xx_hal_rcc.o(i.HAL_RCC_OscConfig)
    HAL_SPI_ErrorCallback                    0x0800396d   Thumb Code     2  stm32g4xx_hal_spi.o(i.HAL_SPI_ErrorCallback)
    HAL_SPI_IRQHandler                       0x08003971   Thumb Code   246  stm32g4xx_hal_spi.o(i.HAL_SPI_IRQHandler)
    HAL_SPI_Init                             0x08003a6d   Thumb Code   234  stm32g4xx_hal_spi.o(i.HAL_SPI_Init)
    HAL_SPI_MspInit                          0x08003b59   Thumb Code   146  spi.o(i.HAL_SPI_MspInit)
    HAL_SPI_Transmit                         0x08003c01   Thumb Code   398  stm32g4xx_hal_spi.o(i.HAL_SPI_Transmit)
    HAL_SPI_Transmit_DMA                     0x08003d91   Thumb Code   260  stm32g4xx_hal_spi.o(i.HAL_SPI_Transmit_DMA)
    HAL_SPI_TxCpltCallback                   0x08003ea1   Thumb Code    22  lcd_spi.o(i.HAL_SPI_TxCpltCallback)
    HAL_SPI_TxHalfCpltCallback               0x08003ec1   Thumb Code     2  stm32g4xx_hal_spi.o(i.HAL_SPI_TxHalfCpltCallback)
    HAL_TIMEx_Break2Callback                 0x08003ec3   Thumb Code     2  stm32g4xx_hal_tim_ex.o(i.HAL_TIMEx_Break2Callback)
    HAL_TIMEx_BreakCallback                  0x08003ec5   Thumb Code     2  stm32g4xx_hal_tim_ex.o(i.HAL_TIMEx_BreakCallback)
    HAL_TIMEx_CommutCallback                 0x08003ec7   Thumb Code     2  stm32g4xx_hal_tim_ex.o(i.HAL_TIMEx_CommutCallback)
    HAL_TIMEx_ConfigBreakDeadTime            0x08003ec9   Thumb Code   154  stm32g4xx_hal_tim_ex.o(i.HAL_TIMEx_ConfigBreakDeadTime)
    HAL_TIMEx_DirectionChangeCallback        0x08003f71   Thumb Code     2  stm32g4xx_hal_tim_ex.o(i.HAL_TIMEx_DirectionChangeCallback)
    HAL_TIMEx_EncoderIndexCallback           0x08003f73   Thumb Code     2  stm32g4xx_hal_tim_ex.o(i.HAL_TIMEx_EncoderIndexCallback)
    HAL_TIMEx_IndexErrorCallback             0x08003f75   Thumb Code     2  stm32g4xx_hal_tim_ex.o(i.HAL_TIMEx_IndexErrorCallback)
    HAL_TIMEx_MasterConfigSynchronization    0x08003f79   Thumb Code   150  stm32g4xx_hal_tim_ex.o(i.HAL_TIMEx_MasterConfigSynchronization)
    HAL_TIMEx_PWMN_Start                     0x08004031   Thumb Code   176  stm32g4xx_hal_tim_ex.o(i.HAL_TIMEx_PWMN_Start)
    HAL_TIMEx_PWMN_Stop                      0x08004101   Thumb Code   104  stm32g4xx_hal_tim_ex.o(i.HAL_TIMEx_PWMN_Stop)
    HAL_TIMEx_TransitionErrorCallback        0x08004169   Thumb Code     2  stm32g4xx_hal_tim_ex.o(i.HAL_TIMEx_TransitionErrorCallback)
    HAL_TIM_Base_Init                        0x0800416b   Thumb Code    98  stm32g4xx_hal_tim.o(i.HAL_TIM_Base_Init)
    HAL_TIM_Base_MspInit                     0x080041cd   Thumb Code    72  tim.o(i.HAL_TIM_Base_MspInit)
    HAL_TIM_Base_Start                       0x08004221   Thumb Code    96  stm32g4xx_hal_tim.o(i.HAL_TIM_Base_Start)
    HAL_TIM_Base_Start_IT                    0x080042a1   Thumb Code   106  stm32g4xx_hal_tim.o(i.HAL_TIM_Base_Start_IT)
    HAL_TIM_ConfigClockSource                0x0800432d   Thumb Code   236  stm32g4xx_hal_tim.o(i.HAL_TIM_ConfigClockSource)
    HAL_TIM_Encoder_Init                     0x0800441d   Thumb Code   162  stm32g4xx_hal_tim.o(i.HAL_TIM_Encoder_Init)
    HAL_TIM_Encoder_MspInit                  0x080044c5   Thumb Code   102  tim.o(i.HAL_TIM_Encoder_MspInit)
    HAL_TIM_Encoder_Stop                     0x08004535   Thumb Code   102  stm32g4xx_hal_tim.o(i.HAL_TIM_Encoder_Stop)
    HAL_TIM_IC_CaptureCallback               0x0800459b   Thumb Code     2  stm32g4xx_hal_tim.o(i.HAL_TIM_IC_CaptureCallback)
    HAL_TIM_IRQHandler                       0x0800459d   Thumb Code   418  stm32g4xx_hal_tim.o(i.HAL_TIM_IRQHandler)
    HAL_TIM_MspPostInit                      0x08004741   Thumb Code   136  tim.o(i.HAL_TIM_MspPostInit)
    HAL_TIM_OC_DelayElapsedCallback          0x080047d5   Thumb Code     2  stm32g4xx_hal_tim.o(i.HAL_TIM_OC_DelayElapsedCallback)
    HAL_TIM_PWM_ConfigChannel                0x080047d7   Thumb Code   292  stm32g4xx_hal_tim.o(i.HAL_TIM_PWM_ConfigChannel)
    HAL_TIM_PWM_Init                         0x080048fb   Thumb Code    98  stm32g4xx_hal_tim.o(i.HAL_TIM_PWM_Init)
    HAL_TIM_PWM_MspInit                      0x0800495d   Thumb Code     2  stm32g4xx_hal_tim.o(i.HAL_TIM_PWM_MspInit)
    HAL_TIM_PWM_PulseFinishedCallback        0x0800495f   Thumb Code     2  stm32g4xx_hal_tim.o(i.HAL_TIM_PWM_PulseFinishedCallback)
    HAL_TIM_PWM_Start                        0x08004961   Thumb Code   246  stm32g4xx_hal_tim.o(i.HAL_TIM_PWM_Start)
    HAL_TIM_PWM_Stop                         0x08004a81   Thumb Code   158  stm32g4xx_hal_tim.o(i.HAL_TIM_PWM_Stop)
    HAL_TIM_PeriodElapsedCallback            0x08004b39   Thumb Code    14  main.o(i.HAL_TIM_PeriodElapsedCallback)
    HAL_TIM_TriggerCallback                  0x08004b4d   Thumb Code     2  stm32g4xx_hal_tim.o(i.HAL_TIM_TriggerCallback)
    HardFault_Handler                        0x08004b4f   Thumb Code     2  stm32g4xx_it.o(i.HardFault_Handler)
    IF_OpenLoop                              0x08004b51   Thumb Code    68  foc_function.o(i.IF_OpenLoop)
    IF_SMO_Blend                             0x08004b95   Thumb Code   222  observer.o(i.IF_SMO_Blend)
    Invpark                                  0x08004c81   Thumb Code    74  foc_function.o(i.Invpark)
    LCD_Clear                                0x08004cd5   Thumb Code    52  lcd_spi.o(i.LCD_Clear)
    LCD_Draw_String_To_Buffer_X2             0x08004d09   Thumb Code   184  lcd_spi.o(i.LCD_Draw_String_To_Buffer_X2)
    LCD_Fill_DMA                             0x08004dc5   Thumb Code   162  lcd_spi.o(i.LCD_Fill_DMA)
    LCD_Init                                 0x08004e79   Thumb Code   462  lcd_spi.o(i.LCD_Init)
    LPF1_Update                              0x08005185   Thumb Code    78  filter.o(i.LPF1_Update)
    MX_ADC1_Init                             0x080051d9   Thumb Code   252  adc.o(i.MX_ADC1_Init)
    MX_DMA_Init                              0x080052e9   Thumb Code    56  dma.o(i.MX_DMA_Init)
    MX_FREERTOS_Init                         0x08005325   Thumb Code    46  app_freertos.o(i.MX_FREERTOS_Init)
    MX_GPIO_Init                             0x08005369   Thumb Code   268  gpio.o(i.MX_GPIO_Init)
    MX_SPI1_Init                             0x08005485   Thumb Code    72  spi.o(i.MX_SPI1_Init)
    MX_TIM1_Init                             0x080054d5   Thumb Code   270  tim.o(i.MX_TIM1_Init)
    MX_TIM3_Init                             0x080055ed   Thumb Code   102  tim.o(i.MX_TIM3_Init)
    MX_TIM7_Init                             0x0800565d   Thumb Code    62  tim.o(i.MX_TIM7_Init)
    MemManage_Handler                        0x080056a5   Thumb Code     2  stm32g4xx_it.o(i.MemManage_Handler)
    Motor_SoftwareTrip_StopAll               0x080056a9   Thumb Code    98  main.o(i.Motor_SoftwareTrip_StopAll)
    NMI_Handler                              0x08005721   Thumb Code     2  stm32g4xx_it.o(i.NMI_Handler)
    Normalize_theta                          0x08005725   Thumb Code    36  foc_function.o(i.Normalize_theta)
    PLL_calculate                            0x08005751   Thumb Code   282  observer.o(i.PLL_calculate)
    PR_Update                                0x0800589d   Thumb Code   248  foc_function.o(i.PR_Update)
    PVD_PVM_IRQHandler                       0x080059a5   Thumb Code     4  stm32g4xx_it.o(i.PVD_PVM_IRQHandler)
    Park                                     0x080059a9   Thumb Code    74  foc_function.o(i.Park)
    SMO_C_Control                            0x080059fd   Thumb Code    76  foc_function.o(i.SMO_C_Control)
    SMO_PLL_Update                           0x08005a4d   Thumb Code   188  observer.o(i.SMO_PLL_Update)
    SPI1_IRQHandler                          0x08005b11   Thumb Code     6  stm32g4xx_it.o(i.SPI1_IRQHandler)
    SpeedPI                                  0x08005d9d   Thumb Code   118  foc_function.o(i.SpeedPI)
    StartTask_10ms                           0x08005e2d   Thumb Code   182  app_freertos.o(i.StartTask_10ms)
    StartTask_1ms                            0x08005f19   Thumb Code    50  app_freertos.o(i.StartTask_1ms)
    StartTask_500ms                          0x08005f55   Thumb Code   386  app_freertos.o(i.StartTask_500ms)
    Svpwm                                    0x0800610d   Thumb Code   402  foc_function.o(i.Svpwm)
    SysTick_Handler                          0x080062c1   Thumb Code    26  cmsis_os2.o(i.SysTick_Handler)
    SystemClock_Config                       0x080062db   Thumb Code   102  main.o(i.SystemClock_Config)
    SystemInit                               0x08006341   Thumb Code    12  system_stm32g4xx.o(i.SystemInit)
    TIM3_IRQHandler                          0x08006351   Thumb Code     6  stm32g4xx_it.o(i.TIM3_IRQHandler)
    TIM6_DAC_IRQHandler                      0x0800635d   Thumb Code     6  stm32g4xx_it.o(i.TIM6_DAC_IRQHandler)
    TIM7_DAC_IRQHandler                      0x08006369   Thumb Code     6  stm32g4xx_it.o(i.TIM7_DAC_IRQHandler)
    TIM_Base_SetConfig                       0x08006375   Thumb Code   190  stm32g4xx_hal_tim.o(i.TIM_Base_SetConfig)
    TIM_CCxChannelCmd                        0x08006459   Thumb Code    26  stm32g4xx_hal_tim.o(i.TIM_CCxChannelCmd)
    TIM_ETR_SetConfig                        0x0800648d   Thumb Code    20  stm32g4xx_hal_tim.o(i.TIM_ETR_SetConfig)
    TIM_OC2_SetConfig                        0x08006561   Thumb Code   132  stm32g4xx_hal_tim.o(i.TIM_OC2_SetConfig)
    UsageFault_Handler                       0x0800687b   Thumb Code     2  stm32g4xx_it.o(i.UsageFault_Handler)
    __0sprintf                               0x0800687d   Thumb Code    34  printfa.o(i.__0sprintf)
    __1sprintf                               0x0800687d   Thumb Code     0  printfa.o(i.__0sprintf)
    __2sprintf                               0x0800687d   Thumb Code     0  printfa.o(i.__0sprintf)
    __c89sprintf                             0x0800687d   Thumb Code     0  printfa.o(i.__0sprintf)
    sprintf                                  0x0800687d   Thumb Code     0  printfa.o(i.__0sprintf)
    __hardfp_fmodf                           0x080068c5   Thumb Code   176  fmodf.o(i.__hardfp_fmodf)
    __hardfp_sqrtf                           0x08006975   Thumb Code    58  sqrtf.o(i.__hardfp_sqrtf)
    __mathlib_flt_invalid                    0x080069b1   Thumb Code    10  funder.o(i.__mathlib_flt_invalid)
    __scatterload_copy                       0x080069c1   Thumb Code    14  handlers.o(i.__scatterload_copy)
    __scatterload_null                       0x080069cf   Thumb Code     2  handlers.o(i.__scatterload_null)
    __scatterload_zeroinit                   0x080069d1   Thumb Code    14  handlers.o(i.__scatterload_zeroinit)
    __set_errno                              0x080069e1   Thumb Code     6  errno.o(i.__set_errno)
    key_scan                                 0x08007281   Thumb Code   132  led_key.o(i.key_scan)
    main                                     0x0800730d   Thumb Code   236  main.o(i.main)
    osDelay                                  0x0800741d   Thumb Code    26  cmsis_os2.o(i.osDelay)
    osDelayUntil                             0x08007437   Thumb Code    46  cmsis_os2.o(i.osDelayUntil)
    osKernelGetTickCount                     0x08007465   Thumb Code    14  cmsis_os2.o(i.osKernelGetTickCount)
    osKernelInitialize                       0x08007475   Thumb Code    32  cmsis_os2.o(i.osKernelInitialize)
    osKernelStart                            0x08007499   Thumb Code    48  cmsis_os2.o(i.osKernelStart)
    osSemaphoreAcquire                       0x080074d1   Thumb Code    86  cmsis_os2.o(i.osSemaphoreAcquire)
    osSemaphoreNew                           0x0800752d   Thumb Code   160  cmsis_os2.o(i.osSemaphoreNew)
    osSemaphoreRelease                       0x080075cd   Thumb Code    80  cmsis_os2.o(i.osSemaphoreRelease)
    osThreadNew                              0x08007621   Thumb Code   136  cmsis_os2.o(i.osThreadNew)
    pvPortMalloc                             0x08007e35   Thumb Code   216  heap_4.o(i.pvPortMalloc)
    pvTaskIncrementMutexHeldCount            0x08007f11   Thumb Code    18  tasks.o(i.pvTaskIncrementMutexHeldCount)
    pxPortInitialiseStack                    0x08007f29   Thumb Code    40  port.o(i.pxPortInitialiseStack)
    sat                                      0x08007f55   Thumb Code    42  observer.o(i.sat)
    uxListRemove                             0x08007f7f   Thumb Code    38  list.o(i.uxListRemove)
    vApplicationGetIdleTaskMemory            0x08007fa5   Thumb Code    16  cmsis_os2.o(i.vApplicationGetIdleTaskMemory)
    vApplicationGetTimerTaskMemory           0x08007fb9   Thumb Code    18  cmsis_os2.o(i.vApplicationGetTimerTaskMemory)
    vListInitialise                          0x08007fd1   Thumb Code    22  list.o(i.vListInitialise)
    vListInitialiseItem                      0x08007fe7   Thumb Code     6  list.o(i.vListInitialiseItem)
    vListInsert                              0x08007fed   Thumb Code    48  list.o(i.vListInsert)
    vListInsertEnd                           0x0800801d   Thumb Code    24  list.o(i.vListInsertEnd)
    vPortEnterCritical                       0x08008035   Thumb Code    54  port.o(i.vPortEnterCritical)
    vPortExitCritical                        0x08008075   Thumb Code    34  port.o(i.vPortExitCritical)
    vPortFree                                0x0800809d   Thumb Code    94  heap_4.o(i.vPortFree)
    vPortSetupTimerInterrupt                 0x08008101   Thumb Code    32  port.o(i.vPortSetupTimerInterrupt)
    vPortValidateInterruptPriority           0x08008125   Thumb Code    74  port.o(i.vPortValidateInterruptPriority)
    vQueueAddToRegistry                      0x08008179   Thumb Code    32  queue.o(i.vQueueAddToRegistry)
    vQueueDelete                             0x0800819d   Thumb Code    46  queue.o(i.vQueueDelete)
    vQueueUnregisterQueue                    0x080081cd   Thumb Code    36  queue.o(i.vQueueUnregisterQueue)
    vQueueWaitForMessageRestricted           0x080081f5   Thumb Code    68  queue.o(i.vQueueWaitForMessageRestricted)
    vTaskDelay                               0x08008239   Thumb Code    66  tasks.o(i.vTaskDelay)
    vTaskDelayUntil                          0x08008285   Thumb Code   136  tasks.o(i.vTaskDelayUntil)
    vTaskInternalSetTimeOutState             0x08008315   Thumb Code    12  tasks.o(i.vTaskInternalSetTimeOutState)
    vTaskMissedYield                         0x08008325   Thumb Code     8  tasks.o(i.vTaskMissedYield)
    vTaskPlaceOnEventList                    0x08008331   Thumb Code    44  tasks.o(i.vTaskPlaceOnEventList)
    vTaskPlaceOnEventListRestricted          0x08008361   Thumb Code    52  tasks.o(i.vTaskPlaceOnEventListRestricted)
    vTaskPriorityDisinheritAfterTimeout      0x08008399   Thumb Code   136  tasks.o(i.vTaskPriorityDisinheritAfterTimeout)
    vTaskStartScheduler                      0x08008429   Thumb Code   116  tasks.o(i.vTaskStartScheduler)
    vTaskSuspendAll                          0x080084ad   Thumb Code    10  tasks.o(i.vTaskSuspendAll)
    vTaskSwitchContext                       0x080084bd   Thumb Code    90  tasks.o(i.vTaskSwitchContext)
    xPortStartScheduler                      0x08008521   Thumb Code   224  port.o(i.xPortStartScheduler)
    xPortSysTickHandler                      0x08008615   Thumb Code    38  port.o(i.xPortSysTickHandler)
    xQueueCreateCountingSemaphore            0x08008641   Thumb Code    58  queue.o(i.xQueueCreateCountingSemaphore)
    xQueueCreateCountingSemaphoreStatic      0x0800867b   Thumb Code    64  queue.o(i.xQueueCreateCountingSemaphoreStatic)
    xQueueGenericCreate                      0x080086bb   Thumb Code    66  queue.o(i.xQueueGenericCreate)
    xQueueGenericCreateStatic                0x080086fd   Thumb Code   102  queue.o(i.xQueueGenericCreateStatic)
    xQueueGenericReset                       0x08008765   Thumb Code   132  queue.o(i.xQueueGenericReset)
    xQueueGenericSend                        0x080087ed   Thumb Code   350  queue.o(i.xQueueGenericSend)
    xQueueGenericSendFromISR                 0x08008951   Thumb Code   190  queue.o(i.xQueueGenericSendFromISR)
    xQueueGiveFromISR                        0x08008a0f   Thumb Code   156  queue.o(i.xQueueGiveFromISR)
    xQueueReceive                            0x08008aad   Thumb Code   308  queue.o(i.xQueueReceive)
    xQueueReceiveFromISR                     0x08008be5   Thumb Code   154  queue.o(i.xQueueReceiveFromISR)
    xQueueSemaphoreTake                      0x08008c81   Thumb Code   372  queue.o(i.xQueueSemaphoreTake)
    xTaskCheckForTimeOut                     0x08008df9   Thumb Code   112  tasks.o(i.xTaskCheckForTimeOut)
    xTaskCreate                              0x08008e6d   Thumb Code    90  tasks.o(i.xTaskCreate)
    xTaskCreateStatic                        0x08008ec7   Thumb Code    90  tasks.o(i.xTaskCreateStatic)
    xTaskGetSchedulerState                   0x08008f21   Thumb Code    22  tasks.o(i.xTaskGetSchedulerState)
    xTaskGetTickCount                        0x08008f3d   Thumb Code     6  tasks.o(i.xTaskGetTickCount)
    xTaskGetTickCountFromISR                 0x08008f49   Thumb Code    12  tasks.o(i.xTaskGetTickCountFromISR)
    xTaskIncrementTick                       0x08008f59   Thumb Code   192  tasks.o(i.xTaskIncrementTick)
    xTaskPriorityDisinherit                  0x08009021   Thumb Code   116  tasks.o(i.xTaskPriorityDisinherit)
    xTaskPriorityInherit                     0x0800909d   Thumb Code   114  tasks.o(i.xTaskPriorityInherit)
    xTaskRemoveFromEventList                 0x08009119   Thumb Code    98  tasks.o(i.xTaskRemoveFromEventList)
    xTaskResumeAll                           0x08009189   Thumb Code   180  tasks.o(i.xTaskResumeAll)
    xTimerCreateTimerTask                    0x08009249   Thumb Code    78  timers.o(i.xTimerCreateTimerTask)
    xTimerGenericCommand                     0x080092a9   Thumb Code    94  timers.o(i.xTimerGenericCommand)
    Task_10ms_attributes                     0x0800930c   Data          36  app_freertos.o(.constdata)
    Task_1ms_attributes                      0x08009330   Data          36  app_freertos.o(.constdata)
    Task_500ms_attributes                    0x08009354   Data          36  app_freertos.o(.constdata)
    AHBPrescTable                            0x08009378   Data          16  system_stm32g4xx.o(.constdata)
    APBPrescTable                            0x08009388   Data           8  system_stm32g4xx.o(.constdata)
    asc2_1608                                0x08009390   Data        1520  lcd_spi.o(.constdata)
    sinTable_f32                             0x080099a4   Data        2052  arm_common_tables.o(.rodata.sinTable_f32)
    Region$$Table$$Base                      0x0800a1a8   Number         0  anon$$obj.o(Region$$Table)
    Region$$Table$$Limit                     0x0800a1c8   Number         0  anon$$obj.o(Region$$Table)
    ADC_Vbus                                 0x20000000   Data           2  main.o(.data)
    Offset_Flag                              0x20000004   Data           1  main.o(.data)
    Run_Flag                                 0x20000005   Data           1  main.o(.data)
    g_fault_oc                               0x20000006   Data           1  main.o(.data)
    ADC_IsensU                               0x2000000c   Data           2  main.o(.data)
    ADC_IsensV                               0x2000000e   Data           2  main.o(.data)
    ADC_IsensW                               0x20000010   Data           2  main.o(.data)
    U_Offset                                 0x20000012   Data           2  main.o(.data)
    V_Offset                                 0x20000014   Data           2  main.o(.data)
    W_Offset                                 0x20000016   Data           2  main.o(.data)
    IsensU                                   0x2000001c   Data           4  main.o(.data)
    IsensV                                   0x20000020   Data           4  main.o(.data)
    IsensW                                   0x20000024   Data           4  main.o(.data)
    my_theta                                 0x20000028   Data           4  main.o(.data)
    my_step                                  0x2000002c   Data           4  main.o(.data)
    my_add                                   0x20000030   Data           4  main.o(.data)
    smo_pll_e_theta                          0x20000034   Data           4  main.o(.data)
    smo_speed_raw                            0x20000038   Data           4  main.o(.data)
    smo_speed                                0x2000003c   Data           4  main.o(.data)
    final_theta                              0x20000040   Data           4  main.o(.data)
    kp                                       0x20000044   Data           4  main.o(.data)
    ki                                       0x20000048   Data           4  main.o(.data)
    skp                                      0x2000004c   Data           4  main.o(.data)
    ski                                      0x20000050   Data           4  main.o(.data)
    Iqref_start                              0x20000054   Data           4  main.o(.data)
    Iqref                                    0x20000058   Data           4  main.o(.data)
    Speedref                                 0x2000005c   Data           4  main.o(.data)
    SMO_K                                    0x20000060   Data           4  main.o(.data)
    Kr                                       0x20000064   Data           4  main.o(.data)
    Ud                                       0x20000070   Data           4  main.o(.data)
    Uq                                       0x20000074   Data           4  main.o(.data)
    Ualpha                                   0x20000078   Data           4  main.o(.data)
    Ubeta                                    0x2000007c   Data           4  main.o(.data)
    Id                                       0x20000080   Data           4  main.o(.data)
    Iq                                       0x20000084   Data           4  main.o(.data)
    Ialpha                                   0x20000088   Data           4  main.o(.data)
    Ibeta                                    0x2000008c   Data           4  main.o(.data)
    g_smo_speed_lpf                          0x20000090   Data           8  main.o(.data)
    Vbus                                     0x20000098   Data           4  main.o(.data)
    key                                      0x2000009c   Data           1  main.o(.data)
    Task_10msHandle                          0x200000a4   Data           4  app_freertos.o(.data)
    Task_1msHandle                           0x200000a8   Data           4  app_freertos.o(.data)
    Task_500msHandle                         0x200000ac   Data           4  app_freertos.o(.data)
    uwTickPrio                               0x200000b0   Data           4  stm32g4xx_hal.o(.data)
    uwTickFreq                               0x200000b4   Data           4  stm32g4xx_hal.o(.data)
    uwTick                                   0x200000b8   Data           4  stm32g4xx_hal.o(.data)
    SystemCoreClock                          0x200000bc   Data           4  system_stm32g4xx.o(.data)
    PR_Id                                    0x200000c4   Data          24  foc_function.o(.data)
    PR_Iq                                    0x200000dc   Data          24  foc_function.o(.data)
    g_smo_ealpha_lpf                         0x200000f8   Data           8  observer.o(.data)
    g_smo_ebeta_lpf                          0x20000100   Data           8  observer.o(.data)
    SMO                                      0x20000108   Data          56  observer.o(.data)
    PLL                                      0x20000140   Data          44  observer.o(.data)
    Blend                                    0x2000016c   Data          24  observer.o(.data)
    pxCurrentTCB                             0x2000018c   Data           4  tasks.o(.data)
    t                                        0x20000210   Data          12  main.o(.bss)
    UI_Buf                                   0x2000021c   Data        9216  app_freertos.o(.bss)
    Task_10msBuffer                          0x2000261c   Data        1024  app_freertos.o(.bss)
    Task_10msControlBlock                    0x20002a1c   Data          92  app_freertos.o(.bss)
    Task_1msBuffer                           0x20002a78   Data        1024  app_freertos.o(.bss)
    Task_1msControlBlock                     0x20002e78   Data          92  app_freertos.o(.bss)
    Task_500msBuffer                         0x20002ed4   Data        2048  app_freertos.o(.bss)
    Task_500msControlBlock                   0x200036d4   Data          92  app_freertos.o(.bss)
    hadc1                                    0x20003730   Data         108  adc.o(.bss)
    hspi1                                    0x2000379c   Data         100  spi.o(.bss)
    hdma_spi1_tx                             0x20003800   Data          96  spi.o(.bss)
    htim1                                    0x20003860   Data          76  tim.o(.bss)
    htim3                                    0x200038ac   Data          76  tim.o(.bss)
    htim7                                    0x200038f8   Data          76  tim.o(.bss)
    htim6                                    0x20003944   Data          76  stm32g4xx_hal_timebase_tim.o(.bss)
    MyFoc                                    0x20003990   Data          84  foc_function.o(.bss)
    C_PI                                     0x200039e4   Data          32  foc_function.o(.bss)
    S_PI                                     0x20003a04   Data          20  foc_function.o(.bss)
    xQueueRegistry                           0x20003a18   Data          64  queue.o(.bss)
    __initial_sp                             0x20006af0   Data           0  startup_stm32g474xx.o(STACK)



==============================================================================

Memory Map of the image

  Image Entry point : 0x080001d9

  Load Region LR_IROM1 (Base: 0x08000000, Size: 0x0000a3d8, Max: 0x00080000, ABSOLUTE, COMPRESSED[0x0000a230])

    Execution Region ER_IROM1 (Exec base: 0x08000000, Load base: 0x08000000, Size: 0x0000a1c8, Max: 0x00080000, ABSOLUTE)

    Exec Addr    Load Addr    Size         Type   Attr      Idx    E Section Name        Object

    0x08000000   0x08000000   0x000001d8   Data   RO            3    RESET               startup_stm32g474xx.o
    0x080001d8   0x080001d8   0x00000000   Code   RO         6571  * .ARM.Collect$$$$00000000  mc_w.l(entry.o)
    0x080001d8   0x080001d8   0x00000004   Code   RO         6885    .ARM.Collect$$$$00000001  mc_w.l(entry2.o)
    0x080001dc   0x080001dc   0x00000004   Code   RO         6888    .ARM.Collect$$$$00000004  mc_w.l(entry5.o)
    0x080001e0   0x080001e0   0x00000000   Code   RO         6890    .ARM.Collect$$$$00000008  mc_w.l(entry7b.o)
    0x080001e0   0x080001e0   0x00000000   Code   RO         6892    .ARM.Collect$$$$0000000A  mc_w.l(entry8b.o)
    0x080001e0   0x080001e0   0x00000008   Code   RO         6893    .ARM.Collect$$$$0000000B  mc_w.l(entry9a.o)
    0x080001e8   0x080001e8   0x00000004   Code   RO         6900    .ARM.Collect$$$$0000000E  mc_w.l(entry12b.o)
    0x080001ec   0x080001ec   0x00000000   Code   RO         6895    .ARM.Collect$$$$0000000F  mc_w.l(entry10a.o)
    0x080001ec   0x080001ec   0x00000000   Code   RO         6897    .ARM.Collect$$$$00000011  mc_w.l(entry11a.o)
    0x080001ec   0x080001ec   0x00000004   Code   RO         6886    .ARM.Collect$$$$00002712  mc_w.l(entry2.o)
    0x080001f0   0x080001f0   0x000000be   Code   RO         6317    .emb_text           port.o
    0x080002ae   0x080002ae   0x00000002   PAD
    0x080002b0   0x080002b0   0x00000024   Code   RO            4    .text               startup_stm32g474xx.o
    0x080002d4   0x080002d4   0x00000024   Code   RO         6574    .text               mc_w.l(memcpya.o)
    0x080002f8   0x080002f8   0x00000024   Code   RO         6578    .text               mc_w.l(memseta.o)
    0x0800031c   0x0800031c   0x0000014e   Code   RO         6843    .text               mf_w.l(dadd.o)
    0x0800046a   0x0800046a   0x000000e4   Code   RO         6845    .text               mf_w.l(dmul.o)
    0x0800054e   0x0800054e   0x000000de   Code   RO         6847    .text               mf_w.l(ddiv.o)
    0x0800062c   0x0800062c   0x00000026   Code   RO         6851    .text               mf_w.l(f2d.o)
    0x08000652   0x08000652   0x0000002c   Code   RO         6904    .text               mc_w.l(uidiv.o)
    0x0800067e   0x0800067e   0x00000062   Code   RO         6906    .text               mc_w.l(uldiv.o)
    0x080006e0   0x080006e0   0x0000001e   Code   RO         6908    .text               mc_w.l(llshl.o)
    0x080006fe   0x080006fe   0x00000024   Code   RO         6910    .text               mc_w.l(llsshr.o)
    0x08000722   0x08000722   0x00000000   Code   RO         6919    .text               mc_w.l(iusefp.o)
    0x08000722   0x08000722   0x0000006e   Code   RO         6920    .text               mf_w.l(fepilogue.o)
    0x08000790   0x08000790   0x00000052   Code   RO         6922    .text               mf_w.l(frem.o)
    0x080007e2   0x080007e2   0x000000ba   Code   RO         6924    .text               mf_w.l(depilogue.o)
    0x0800089c   0x0800089c   0x00000030   Code   RO         6926    .text               mf_w.l(dfixul.o)
    0x080008cc   0x080008cc   0x00000030   Code   RO         6928    .text               mf_w.l(cdrcmple.o)
    0x080008fc   0x080008fc   0x00000024   Code   RO         6930    .text               mc_w.l(init.o)
    0x08000920   0x08000920   0x00000020   Code   RO         6933    .text               mc_w.l(llushr.o)
    0x08000940   0x08000940   0x0000003a   Code   RO         6946    .text               mc_w.l(__dczerorl.o)
    0x0800097a   0x0800097a   0x00000002   PAD
    0x0800097c   0x0800097c   0x00000124   Code   RO         6395    .text.arm_sin_cos_f32  arm_cortexM4lf_math.lib(arm_sin_cos_f32.o)
    0x08000aa0   0x08000aa0   0x0000000c   Code   RO          573    i.ADC1_2_IRQHandler  stm32g4xx_it.o
    0x08000aac   0x08000aac   0x00000070   Code   RO          740    i.ADC_Disable       stm32g4xx_hal_adc.o
    0x08000b1c   0x08000b1c   0x000000c8   Code   RO          741    i.ADC_Enable        stm32g4xx_hal_adc.o
    0x08000be4   0x08000be4   0x00000002   Code   RO          574    i.BusFault_Handler  stm32g4xx_it.o
    0x08000be6   0x08000be6   0x00000002   PAD
    0x08000be8   0x08000be8   0x0000002c   Code   RO         4236    i.Clarke            foc_function.o
    0x08000c14   0x08000c14   0x000001b4   Code   RO         4238    i.CurrentPI         foc_function.o
    0x08000dc8   0x08000dc8   0x0000000c   Code   RO          575    i.DMA1_Channel1_IRQHandler  stm32g4xx_it.o
    0x08000dd4   0x08000dd4   0x00000040   Code   RO         2060    i.DMA_CalcDMAMUXChannelBaseAndMask  stm32g4xx_hal_dma.o
    0x08000e14   0x08000e14   0x00000024   Code   RO         2061    i.DMA_CalcDMAMUXRequestGenBaseAndMask  stm32g4xx_hal_dma.o
    0x08000e38   0x08000e38   0x0000003e   Code   RO         2062    i.DMA_SetConfig     stm32g4xx_hal_dma.o
    0x08000e76   0x08000e76   0x00000002   PAD
    0x08000e78   0x08000e78   0x00000024   Code   RO         4579    i.DWT_Timer_Init    dwt_timer.o
    0x08000e9c   0x08000e9c   0x00000010   Code   RO         4580    i.DWT_Timer_Start   dwt_timer.o
    0x08000eac   0x08000eac   0x00000038   Code   RO         4581    i.DWT_Timer_Stop    dwt_timer.o
    0x08000ee4   0x08000ee4   0x00000002   Code   RO          576    i.DebugMon_Handler  stm32g4xx_it.o
    0x08000ee6   0x08000ee6   0x00000004   Code   RO           13    i.Error_Handler     main.o
    0x08000eea   0x08000eea   0x00000002   PAD
    0x08000eec   0x08000eec   0x00000094   Code   RO          979    i.HAL_ADCEx_Calibration_Start  stm32g4xx_hal_adc_ex.o
    0x08000f80   0x08000f80   0x00000002   Code   RO          983    i.HAL_ADCEx_EndOfSamplingCallback  stm32g4xx_hal_adc_ex.o
    0x08000f82   0x08000f82   0x00000002   PAD
    0x08000f84   0x08000f84   0x00000558   Code   RO          985    i.HAL_ADCEx_InjectedConfigChannel  stm32g4xx_hal_adc_ex.o
    0x080014dc   0x080014dc   0x0000049c   Code   RO           14    i.HAL_ADCEx_InjectedConvCpltCallback  main.o
    0x08001978   0x08001978   0x00000002   Code   RO          989    i.HAL_ADCEx_InjectedQueueOverflowCallback  stm32g4xx_hal_adc_ex.o
    0x0800197a   0x0800197a   0x00000002   PAD
    0x0800197c   0x0800197c   0x00000158   Code   RO          991    i.HAL_ADCEx_InjectedStart_IT  stm32g4xx_hal_adc_ex.o
    0x08001ad4   0x08001ad4   0x00000002   Code   RO          994    i.HAL_ADCEx_LevelOutOfWindow2Callback  stm32g4xx_hal_adc_ex.o
    0x08001ad6   0x08001ad6   0x00000002   Code   RO          995    i.HAL_ADCEx_LevelOutOfWindow3Callback  stm32g4xx_hal_adc_ex.o
    0x08001ad8   0x08001ad8   0x00000150   Code   RO          996    i.HAL_ADCEx_MultiModeConfigChannel  stm32g4xx_hal_adc_ex.o
    0x08001c28   0x08001c28   0x00000464   Code   RO          743    i.HAL_ADC_ConfigChannel  stm32g4xx_hal_adc.o
    0x0800208c   0x0800208c   0x00000002   Code   RO          744    i.HAL_ADC_ConvCpltCallback  stm32g4xx_hal_adc.o
    0x0800208e   0x0800208e   0x00000002   Code   RO          747    i.HAL_ADC_ErrorCallback  stm32g4xx_hal_adc.o
    0x08002090   0x08002090   0x00000006   Code   RO          750    i.HAL_ADC_GetValue  stm32g4xx_hal_adc.o
    0x08002096   0x08002096   0x00000002   PAD
    0x08002098   0x08002098   0x000002b8   Code   RO          751    i.HAL_ADC_IRQHandler  stm32g4xx_hal_adc.o
    0x08002350   0x08002350   0x00000234   Code   RO          752    i.HAL_ADC_Init      stm32g4xx_hal_adc.o
    0x08002584   0x08002584   0x00000002   Code   RO          753    i.HAL_ADC_LevelOutOfWindowCallback  stm32g4xx_hal_adc.o
    0x08002586   0x08002586   0x00000002   PAD
    0x08002588   0x08002588   0x000000a8   Code   RO          394    i.HAL_ADC_MspInit   adc.o
    0x08002630   0x08002630   0x00000138   Code   RO          756    i.HAL_ADC_PollForConversion  stm32g4xx_hal_adc.o
    0x08002768   0x08002768   0x00000138   Code   RO          758    i.HAL_ADC_Start     stm32g4xx_hal_adc.o
    0x080028a0   0x080028a0   0x00000078   Code   RO         2064    i.HAL_DMA_Abort_IT  stm32g4xx_hal_dma.o
    0x08002918   0x08002918   0x000000ba   Code   RO         2068    i.HAL_DMA_IRQHandler  stm32g4xx_hal_dma.o
    0x080029d2   0x080029d2   0x00000002   PAD
    0x080029d4   0x080029d4   0x000000c0   Code   RO         2069    i.HAL_DMA_Init      stm32g4xx_hal_dma.o
    0x08002a94   0x08002a94   0x0000008c   Code   RO         2073    i.HAL_DMA_Start_IT  stm32g4xx_hal_dma.o
    0x08002b20   0x08002b20   0x000001b0   Code   RO         1925    i.HAL_GPIO_Init     stm32g4xx_hal_gpio.o
    0x08002cd0   0x08002cd0   0x0000000a   Code   RO         1927    i.HAL_GPIO_ReadPin  stm32g4xx_hal_gpio.o
    0x08002cda   0x08002cda   0x00000010   Code   RO         1928    i.HAL_GPIO_TogglePin  stm32g4xx_hal_gpio.o
    0x08002cea   0x08002cea   0x0000000a   Code   RO         1929    i.HAL_GPIO_WritePin  stm32g4xx_hal_gpio.o
    0x08002cf4   0x08002cf4   0x0000000c   Code   RO         1204    i.HAL_GetTick       stm32g4xx_hal.o
    0x08002d00   0x08002d00   0x00000010   Code   RO         1210    i.HAL_IncTick       stm32g4xx_hal.o
    0x08002d10   0x08002d10   0x0000001e   Code   RO         1211    i.HAL_Init          stm32g4xx_hal.o
    0x08002d2e   0x08002d2e   0x00000002   PAD
    0x08002d30   0x08002d30   0x00000088   Code   RO          697    i.HAL_InitTick      stm32g4xx_hal_timebase_tim.o
    0x08002db8   0x08002db8   0x0000004c   Code   RO          673    i.HAL_MspInit       stm32g4xx_hal_msp.o
    0x08002e04   0x08002e04   0x0000001a   Code   RO         2572    i.HAL_NVIC_EnableIRQ  stm32g4xx_hal_cortex.o
    0x08002e1e   0x08002e1e   0x00000002   PAD
    0x08002e20   0x08002e20   0x00000040   Code   RO         2578    i.HAL_NVIC_SetPriority  stm32g4xx_hal_cortex.o
    0x08002e60   0x08002e60   0x00000024   Code   RO         2579    i.HAL_NVIC_SetPriorityGrouping  stm32g4xx_hal_cortex.o
    0x08002e84   0x08002e84   0x000000bc   Code   RO         2328    i.HAL_PWREx_ControlVoltageScaling  stm32g4xx_hal_pwr_ex.o
    0x08002f40   0x08002f40   0x00000010   Code   RO         2340    i.HAL_PWREx_DisableUCPDDeadBattery  stm32g4xx_hal_pwr_ex.o
    0x08002f50   0x08002f50   0x00000058   Code   RO         2359    i.HAL_PWREx_PVD_PVM_IRQHandler  stm32g4xx_hal_pwr_ex.o
    0x08002fa8   0x08002fa8   0x00000002   Code   RO         2360    i.HAL_PWREx_PVM1Callback  stm32g4xx_hal_pwr_ex.o
    0x08002faa   0x08002faa   0x00000002   Code   RO         2361    i.HAL_PWREx_PVM2Callback  stm32g4xx_hal_pwr_ex.o
    0x08002fac   0x08002fac   0x00000002   Code   RO         2362    i.HAL_PWREx_PVM3Callback  stm32g4xx_hal_pwr_ex.o
    0x08002fae   0x08002fae   0x00000002   Code   RO         2363    i.HAL_PWREx_PVM4Callback  stm32g4xx_hal_pwr_ex.o
    0x08002fb0   0x08002fb0   0x00000002   Code   RO         2228    i.HAL_PWR_PVDCallback  stm32g4xx_hal_pwr.o
    0x08002fb2   0x08002fb2   0x00000002   PAD
    0x08002fb4   0x08002fb4   0x00000318   Code   RO         1571    i.HAL_RCCEx_PeriphCLKConfig  stm32g4xx_hal_rcc_ex.o
    0x080032cc   0x080032cc   0x000001dc   Code   RO         1446    i.HAL_RCC_ClockConfig  stm32g4xx_hal_rcc.o
    0x080034a8   0x080034a8   0x00000040   Code   RO         1451    i.HAL_RCC_GetClockConfig  stm32g4xx_hal_rcc.o
    0x080034e8   0x080034e8   0x00000024   Code   RO         1454    i.HAL_RCC_GetPCLK1Freq  stm32g4xx_hal_rcc.o
    0x0800350c   0x0800350c   0x0000006c   Code   RO         1456    i.HAL_RCC_GetSysClockFreq  stm32g4xx_hal_rcc.o
    0x08003578   0x08003578   0x000003f4   Code   RO         1459    i.HAL_RCC_OscConfig  stm32g4xx_hal_rcc.o
    0x0800396c   0x0800396c   0x00000002   Code   RO         2709    i.HAL_SPI_ErrorCallback  stm32g4xx_hal_spi.o
    0x0800396e   0x0800396e   0x00000002   PAD
    0x08003970   0x08003970   0x000000fc   Code   RO         2712    i.HAL_SPI_IRQHandler  stm32g4xx_hal_spi.o
    0x08003a6c   0x08003a6c   0x000000ea   Code   RO         2713    i.HAL_SPI_Init      stm32g4xx_hal_spi.o
    0x08003b56   0x08003b56   0x00000002   PAD
    0x08003b58   0x08003b58   0x000000a8   Code   RO          460    i.HAL_SPI_MspInit   spi.o
    0x08003c00   0x08003c00   0x0000018e   Code   RO         2721    i.HAL_SPI_Transmit  stm32g4xx_hal_spi.o
    0x08003d8e   0x08003d8e   0x00000002   PAD
    0x08003d90   0x08003d90   0x00000110   Code   RO         2725    i.HAL_SPI_Transmit_DMA  stm32g4xx_hal_spi.o
    0x08003ea0   0x08003ea0   0x00000020   Code   RO         4505    i.HAL_SPI_TxCpltCallback  lcd_spi.o
    0x08003ec0   0x08003ec0   0x00000002   Code   RO         2728    i.HAL_SPI_TxHalfCpltCallback  stm32g4xx_hal_spi.o
    0x08003ec2   0x08003ec2   0x00000002   Code   RO         3769    i.HAL_TIMEx_Break2Callback  stm32g4xx_hal_tim_ex.o
    0x08003ec4   0x08003ec4   0x00000002   Code   RO         3770    i.HAL_TIMEx_BreakCallback  stm32g4xx_hal_tim_ex.o
    0x08003ec6   0x08003ec6   0x00000002   Code   RO         3771    i.HAL_TIMEx_CommutCallback  stm32g4xx_hal_tim_ex.o
    0x08003ec8   0x08003ec8   0x000000a8   Code   RO         3774    i.HAL_TIMEx_ConfigBreakDeadTime  stm32g4xx_hal_tim_ex.o
    0x08003f70   0x08003f70   0x00000002   Code   RO         3782    i.HAL_TIMEx_DirectionChangeCallback  stm32g4xx_hal_tim_ex.o
    0x08003f72   0x08003f72   0x00000002   Code   RO         3796    i.HAL_TIMEx_EncoderIndexCallback  stm32g4xx_hal_tim_ex.o
    0x08003f74   0x08003f74   0x00000002   Code   RO         3810    i.HAL_TIMEx_IndexErrorCallback  stm32g4xx_hal_tim_ex.o
    0x08003f76   0x08003f76   0x00000002   PAD
    0x08003f78   0x08003f78   0x000000b8   Code   RO         3811    i.HAL_TIMEx_MasterConfigSynchronization  stm32g4xx_hal_tim_ex.o
    0x08004030   0x08004030   0x000000d0   Code   RO         3823    i.HAL_TIMEx_PWMN_Start  stm32g4xx_hal_tim_ex.o
    0x08004100   0x08004100   0x00000068   Code   RO         3826    i.HAL_TIMEx_PWMN_Stop  stm32g4xx_hal_tim_ex.o
    0x08004168   0x08004168   0x00000002   Code   RO         3832    i.HAL_TIMEx_TransitionErrorCallback  stm32g4xx_hal_tim_ex.o
    0x0800416a   0x0800416a   0x00000062   Code   RO         3055    i.HAL_TIM_Base_Init  stm32g4xx_hal_tim.o
    0x080041cc   0x080041cc   0x00000054   Code   RO          502    i.HAL_TIM_Base_MspInit  tim.o
    0x08004220   0x08004220   0x00000080   Code   RO         3058    i.HAL_TIM_Base_Start  stm32g4xx_hal_tim.o
    0x080042a0   0x080042a0   0x0000008c   Code   RO         3060    i.HAL_TIM_Base_Start_IT  stm32g4xx_hal_tim.o
    0x0800432c   0x0800432c   0x000000f0   Code   RO         3064    i.HAL_TIM_ConfigClockSource  stm32g4xx_hal_tim.o
    0x0800441c   0x0800441c   0x000000a8   Code   RO         3076    i.HAL_TIM_Encoder_Init  stm32g4xx_hal_tim.o
    0x080044c4   0x080044c4   0x00000070   Code   RO          504    i.HAL_TIM_Encoder_MspInit  tim.o
    0x08004534   0x08004534   0x00000066   Code   RO         3082    i.HAL_TIM_Encoder_Stop  stm32g4xx_hal_tim.o
    0x0800459a   0x0800459a   0x00000002   Code   RO         3089    i.HAL_TIM_IC_CaptureCallback  stm32g4xx_hal_tim.o
    0x0800459c   0x0800459c   0x000001a2   Code   RO         3103    i.HAL_TIM_IRQHandler  stm32g4xx_hal_tim.o
    0x0800473e   0x0800473e   0x00000002   PAD
    0x08004740   0x08004740   0x00000094   Code   RO          505    i.HAL_TIM_MspPostInit  tim.o
    0x080047d4   0x080047d4   0x00000002   Code   RO         3106    i.HAL_TIM_OC_DelayElapsedCallback  stm32g4xx_hal_tim.o
    0x080047d6   0x080047d6   0x00000124   Code   RO         3127    i.HAL_TIM_PWM_ConfigChannel  stm32g4xx_hal_tim.o
    0x080048fa   0x080048fa   0x00000062   Code   RO         3130    i.HAL_TIM_PWM_Init  stm32g4xx_hal_tim.o
    0x0800495c   0x0800495c   0x00000002   Code   RO         3132    i.HAL_TIM_PWM_MspInit  stm32g4xx_hal_tim.o
    0x0800495e   0x0800495e   0x00000002   Code   RO         3133    i.HAL_TIM_PWM_PulseFinishedCallback  stm32g4xx_hal_tim.o
    0x08004960   0x08004960   0x00000120   Code   RO         3135    i.HAL_TIM_PWM_Start  stm32g4xx_hal_tim.o
    0x08004a80   0x08004a80   0x000000b8   Code   RO         3138    i.HAL_TIM_PWM_Stop  stm32g4xx_hal_tim.o
    0x08004b38   0x08004b38   0x00000014   Code   RO           15    i.HAL_TIM_PeriodElapsedCallback  main.o
    0x08004b4c   0x08004b4c   0x00000002   Code   RO         3146    i.HAL_TIM_TriggerCallback  stm32g4xx_hal_tim.o
    0x08004b4e   0x08004b4e   0x00000002   Code   RO          577    i.HardFault_Handler  stm32g4xx_it.o
    0x08004b50   0x08004b50   0x00000044   Code   RO         4239    i.IF_OpenLoop       foc_function.o
    0x08004b94   0x08004b94   0x000000ec   Code   RO         4355    i.IF_SMO_Blend      observer.o
    0x08004c80   0x08004c80   0x00000054   Code   RO         4240    i.Invpark           foc_function.o
    0x08004cd4   0x08004cd4   0x00000034   Code   RO         4506    i.LCD_Clear         lcd_spi.o
    0x08004d08   0x08004d08   0x000000bc   Code   RO         4508    i.LCD_Draw_String_To_Buffer_X2  lcd_spi.o
    0x08004dc4   0x08004dc4   0x000000b4   Code   RO         4509    i.LCD_Fill_DMA      lcd_spi.o
    0x08004e78   0x08004e78   0x000001d8   Code   RO         4510    i.LCD_Init          lcd_spi.o
    0x08005050   0x08005050   0x00000040   Code   RO         4511    i.LCD_Write_Cmd     lcd_spi.o
    0x08005090   0x08005090   0x00000040   Code   RO         4512    i.LCD_Write_Data    lcd_spi.o
    0x080050d0   0x080050d0   0x0000000c   Code   RO          766    i.LL_ADC_GetOffsetChannel  stm32g4xx_hal_adc.o
    0x080050dc   0x080050dc   0x0000000c   Code   RO         1004    i.LL_ADC_GetOffsetChannel  stm32g4xx_hal_adc_ex.o
    0x080050e8   0x080050e8   0x00000008   Code   RO          767    i.LL_ADC_INJ_IsConversionOngoing  stm32g4xx_hal_adc.o
    0x080050f0   0x080050f0   0x00000008   Code   RO         1005    i.LL_ADC_INJ_IsConversionOngoing  stm32g4xx_hal_adc_ex.o
    0x080050f8   0x080050f8   0x00000008   Code   RO          768    i.LL_ADC_IsEnabled  stm32g4xx_hal_adc.o
    0x08005100   0x08005100   0x00000008   Code   RO         1006    i.LL_ADC_IsEnabled  stm32g4xx_hal_adc_ex.o
    0x08005108   0x08005108   0x00000008   Code   RO          769    i.LL_ADC_REG_IsConversionOngoing  stm32g4xx_hal_adc.o
    0x08005110   0x08005110   0x00000008   Code   RO         1007    i.LL_ADC_REG_IsConversionOngoing  stm32g4xx_hal_adc_ex.o
    0x08005118   0x08005118   0x00000010   Code   RO          770    i.LL_ADC_REG_IsTriggerSourceSWStart  stm32g4xx_hal_adc.o
    0x08005128   0x08005128   0x0000001e   Code   RO          772    i.LL_ADC_SetChannelSamplingTime  stm32g4xx_hal_adc.o
    0x08005146   0x08005146   0x0000001e   Code   RO         1008    i.LL_ADC_SetChannelSamplingTime  stm32g4xx_hal_adc_ex.o
    0x08005164   0x08005164   0x00000010   Code   RO          773    i.LL_ADC_SetOffsetState  stm32g4xx_hal_adc.o
    0x08005174   0x08005174   0x00000010   Code   RO         1009    i.LL_ADC_SetOffsetState  stm32g4xx_hal_adc_ex.o
    0x08005184   0x08005184   0x00000054   Code   RO         4616    i.LPF1_Update       filter.o
    0x080051d8   0x080051d8   0x00000110   Code   RO          395    i.MX_ADC1_Init      adc.o
    0x080052e8   0x080052e8   0x0000003c   Code   RO          435    i.MX_DMA_Init       dma.o
    0x08005324   0x08005324   0x00000044   Code   RO          294    i.MX_FREERTOS_Init  app_freertos.o
    0x08005368   0x08005368   0x0000011c   Code   RO          369    i.MX_GPIO_Init      gpio.o
    0x08005484   0x08005484   0x00000050   Code   RO          461    i.MX_SPI1_Init      spi.o
    0x080054d4   0x080054d4   0x00000118   Code   RO          506    i.MX_TIM1_Init      tim.o
    0x080055ec   0x080055ec   0x00000070   Code   RO          507    i.MX_TIM3_Init      tim.o
    0x0800565c   0x0800565c   0x00000048   Code   RO          508    i.MX_TIM7_Init      tim.o
    0x080056a4   0x080056a4   0x00000002   Code   RO          578    i.MemManage_Handler  stm32g4xx_it.o
    0x080056a6   0x080056a6   0x00000002   PAD
    0x080056a8   0x080056a8   0x00000078   Code   RO           17    i.Motor_SoftwareTrip_StopAll  main.o
    0x08005720   0x08005720   0x00000002   Code   RO          579    i.NMI_Handler       stm32g4xx_it.o
    0x08005722   0x08005722   0x00000002   PAD
    0x08005724   0x08005724   0x0000002c   Code   RO         4243    i.Normalize_theta   foc_function.o
    0x08005750   0x08005750   0x0000014c   Code   RO         4356    i.PLL_calculate     observer.o
    0x0800589c   0x0800589c   0x00000108   Code   RO         4244    i.PR_Update         foc_function.o
    0x080059a4   0x080059a4   0x00000004   Code   RO          580    i.PVD_PVM_IRQHandler  stm32g4xx_it.o
    0x080059a8   0x080059a8   0x00000054   Code   RO         4245    i.Park              foc_function.o
    0x080059fc   0x080059fc   0x00000050   Code   RO         4246    i.SMO_C_Control     foc_function.o
    0x08005a4c   0x08005a4c   0x000000c4   Code   RO         4358    i.SMO_PLL_Update    observer.o
    0x08005b10   0x08005b10   0x0000000c   Code   RO          581    i.SPI1_IRQHandler   stm32g4xx_it.o
    0x08005b1c   0x08005b1c   0x00000012   Code   RO         2740    i.SPI_DMAAbortOnError  stm32g4xx_hal_spi.o
    0x08005b2e   0x08005b2e   0x00000022   Code   RO         2741    i.SPI_DMAError      stm32g4xx_hal_spi.o
    0x08005b50   0x08005b50   0x0000000a   Code   RO         2743    i.SPI_DMAHalfTransmitCplt  stm32g4xx_hal_spi.o
    0x08005b5a   0x08005b5a   0x00000064   Code   RO         2747    i.SPI_DMATransmitCplt  stm32g4xx_hal_spi.o
    0x08005bbe   0x08005bbe   0x00000048   Code   RO         2751    i.SPI_EndRxTxTransaction  stm32g4xx_hal_spi.o
    0x08005c06   0x08005c06   0x00000002   PAD
    0x08005c08   0x08005c08   0x000000dc   Code   RO         2756    i.SPI_WaitFifoStateUntilTimeout  stm32g4xx_hal_spi.o
    0x08005ce4   0x08005ce4   0x000000b8   Code   RO         2757    i.SPI_WaitFlagStateUntilTimeout  stm32g4xx_hal_spi.o
    0x08005d9c   0x08005d9c   0x00000090   Code   RO         4248    i.SpeedPI           foc_function.o
    0x08005e2c   0x08005e2c   0x000000ec   Code   RO          295    i.StartTask_10ms    app_freertos.o
    0x08005f18   0x08005f18   0x0000003c   Code   RO          296    i.StartTask_1ms     app_freertos.o
    0x08005f54   0x08005f54   0x000001b8   Code   RO          297    i.StartTask_500ms   app_freertos.o
    0x0800610c   0x0800610c   0x000001b4   Code   RO         4249    i.Svpwm             foc_function.o
    0x080062c0   0x080062c0   0x0000001a   Code   RO         5749    i.SysTick_Handler   cmsis_os2.o
    0x080062da   0x080062da   0x00000066   Code   RO           18    i.SystemClock_Config  main.o
    0x08006340   0x08006340   0x00000010   Code   RO         4199    i.SystemInit        system_stm32g4xx.o
    0x08006350   0x08006350   0x0000000c   Code   RO          582    i.TIM3_IRQHandler   stm32g4xx_it.o
    0x0800635c   0x0800635c   0x0000000c   Code   RO          583    i.TIM6_DAC_IRQHandler  stm32g4xx_it.o
    0x08006368   0x08006368   0x0000000c   Code   RO          584    i.TIM7_DAC_IRQHandler  stm32g4xx_it.o
    0x08006374   0x08006374   0x000000e4   Code   RO         3148    i.TIM_Base_SetConfig  stm32g4xx_hal_tim.o
    0x08006458   0x08006458   0x0000001a   Code   RO         3149    i.TIM_CCxChannelCmd  stm32g4xx_hal_tim.o
    0x08006472   0x08006472   0x0000001a   Code   RO         3835    i.TIM_CCxNChannelCmd  stm32g4xx_hal_tim_ex.o
    0x0800648c   0x0800648c   0x00000014   Code   RO         3159    i.TIM_ETR_SetConfig  stm32g4xx_hal_tim.o
    0x080064a0   0x080064a0   0x00000014   Code   RO         3160    i.TIM_ITRx_SetConfig  stm32g4xx_hal_tim.o
    0x080064b4   0x080064b4   0x000000ac   Code   RO         3161    i.TIM_OC1_SetConfig  stm32g4xx_hal_tim.o
    0x08006560   0x08006560   0x000000a0   Code   RO         3162    i.TIM_OC2_SetConfig  stm32g4xx_hal_tim.o
    0x08006600   0x08006600   0x000000a0   Code   RO         3163    i.TIM_OC3_SetConfig  stm32g4xx_hal_tim.o
    0x080066a0   0x080066a0   0x000000a0   Code   RO         3164    i.TIM_OC4_SetConfig  stm32g4xx_hal_tim.o
    0x08006740   0x08006740   0x00000078   Code   RO         3165    i.TIM_OC5_SetConfig  stm32g4xx_hal_tim.o
    0x080067b8   0x080067b8   0x0000007c   Code   RO         3166    i.TIM_OC6_SetConfig  stm32g4xx_hal_tim.o
    0x08006834   0x08006834   0x00000022   Code   RO         3168    i.TIM_TI1_ConfigInputStage  stm32g4xx_hal_tim.o
    0x08006856   0x08006856   0x00000024   Code   RO         3170    i.TIM_TI2_ConfigInputStage  stm32g4xx_hal_tim.o
    0x0800687a   0x0800687a   0x00000002   Code   RO          585    i.UsageFault_Handler  stm32g4xx_it.o
    0x0800687c   0x0800687c   0x00000028   Code   RO         6817    i.__0sprintf        mc_w.l(printfa.o)
    0x080068a4   0x080068a4   0x00000020   Code   RO         2585    i.__NVIC_SetPriority  stm32g4xx_hal_cortex.o
    0x080068c4   0x080068c4   0x000000b0   Code   RO         6535    i.__hardfp_fmodf    m_wm.l(fmodf.o)
    0x08006974   0x08006974   0x0000003a   Code   RO         6547    i.__hardfp_sqrtf    m_wm.l(sqrtf.o)
    0x080069ae   0x080069ae   0x00000002   PAD
    0x080069b0   0x080069b0   0x00000010   Code   RO         6874    i.__mathlib_flt_invalid  m_wm.l(funder.o)
    0x080069c0   0x080069c0   0x0000000e   Code   RO         6940    i.__scatterload_copy  mc_w.l(handlers.o)
    0x080069ce   0x080069ce   0x00000002   Code   RO         6941    i.__scatterload_null  mc_w.l(handlers.o)
    0x080069d0   0x080069d0   0x0000000e   Code   RO         6942    i.__scatterload_zeroinit  mc_w.l(handlers.o)
    0x080069de   0x080069de   0x00000002   PAD
    0x080069e0   0x080069e0   0x0000000c   Code   RO         6914    i.__set_errno       mc_w.l(errno.o)
    0x080069ec   0x080069ec   0x00000184   Code   RO         6822    i._fp_digits        mc_w.l(printfa.o)
    0x08006b70   0x08006b70   0x000006b4   Code   RO         6823    i._printf_core      mc_w.l(printfa.o)
    0x08007224   0x08007224   0x00000024   Code   RO         6824    i._printf_post_padding  mc_w.l(printfa.o)
    0x08007248   0x08007248   0x0000002e   Code   RO         6825    i._printf_pre_padding  mc_w.l(printfa.o)
    0x08007276   0x08007276   0x0000000a   Code   RO         6827    i._sputc            mc_w.l(printfa.o)
    0x08007280   0x08007280   0x0000008c   Code   RO         4477    i.key_scan          led_key.o
    0x0800730c   0x0800730c   0x00000110   Code   RO           19    i.main              main.o
    0x0800741c   0x0800741c   0x0000001a   Code   RO         5751    i.osDelay           cmsis_os2.o
    0x08007436   0x08007436   0x0000002e   Code   RO         5752    i.osDelayUntil      cmsis_os2.o
    0x08007464   0x08007464   0x0000000e   Code   RO         5763    i.osKernelGetTickCount  cmsis_os2.o
    0x08007472   0x08007472   0x00000002   PAD
    0x08007474   0x08007474   0x00000024   Code   RO         5765    i.osKernelInitialize  cmsis_os2.o
    0x08007498   0x08007498   0x00000038   Code   RO         5768    i.osKernelStart     cmsis_os2.o
    0x080074d0   0x080074d0   0x0000005c   Code   RO         5793    i.osSemaphoreAcquire  cmsis_os2.o
    0x0800752c   0x0800752c   0x000000a0   Code   RO         5796    i.osSemaphoreNew    cmsis_os2.o
    0x080075cc   0x080075cc   0x00000054   Code   RO         5797    i.osSemaphoreRelease  cmsis_os2.o
    0x08007620   0x08007620   0x00000088   Code   RO         5810    i.osThreadNew       cmsis_os2.o
    0x080076a8   0x080076a8   0x0000005c   Code   RO         5210    i.prvAddCurrentTaskToDelayedList  tasks.o
    0x08007704   0x08007704   0x000000d0   Code   RO         5211    i.prvAddNewTaskToReadyList  tasks.o
    0x080077d4   0x080077d4   0x00000058   Code   RO         5575    i.prvCheckForValidListAndQueue  timers.o
    0x0800782c   0x0800782c   0x00000026   Code   RO         4807    i.prvCopyDataFromQueue  queue.o
    0x08007852   0x08007852   0x0000006c   Code   RO         4808    i.prvCopyDataToQueue  queue.o
    0x080078be   0x080078be   0x00000034   Code   RO         5212    i.prvDeleteTCB      tasks.o
    0x080078f2   0x080078f2   0x00000002   PAD
    0x080078f4   0x080078f4   0x0000004c   Code   RO         6262    i.prvHeapInit       heap_4.o
    0x08007940   0x08007940   0x0000005c   Code   RO         5213    i.prvIdleTask       tasks.o
    0x0800799c   0x0800799c   0x00000020   Code   RO         4810    i.prvInitialiseNewQueue  queue.o
    0x080079bc   0x080079bc   0x000000aa   Code   RO         5214    i.prvInitialiseNewTask  tasks.o
    0x08007a66   0x08007a66   0x00000002   PAD
    0x08007a68   0x08007a68   0x0000004c   Code   RO         6263    i.prvInsertBlockIntoFreeList  heap_4.o
    0x08007ab4   0x08007ab4   0x00000038   Code   RO         5577    i.prvInsertTimerInActiveList  timers.o
    0x08007aec   0x08007aec   0x0000001a   Code   RO         4811    i.prvIsQueueEmpty   queue.o
    0x08007b06   0x08007b06   0x00000002   PAD
    0x08007b08   0x08007b08   0x000000fc   Code   RO         5578    i.prvProcessReceivedCommands  timers.o
    0x08007c04   0x08007c04   0x000000c0   Code   RO         5579    i.prvProcessTimerOrBlockTask  timers.o
    0x08007cc4   0x08007cc4   0x00000020   Code   RO         5216    i.prvResetNextTaskUnblockTime  tasks.o
    0x08007ce4   0x08007ce4   0x00000028   Code   RO         5580    i.prvSampleTimeNow  timers.o
    0x08007d0c   0x08007d0c   0x0000006c   Code   RO         5581    i.prvSwitchTimerLists  timers.o
    0x08007d78   0x08007d78   0x00000028   Code   RO         6318    i.prvTaskExitError  port.o
    0x08007da0   0x08007da0   0x00000028   Code   RO         5582    i.prvTimerTask      timers.o
    0x08007dc8   0x08007dc8   0x0000006a   Code   RO         4812    i.prvUnlockQueue    queue.o
    0x08007e32   0x08007e32   0x00000002   PAD
    0x08007e34   0x08007e34   0x000000dc   Code   RO         6264    i.pvPortMalloc      heap_4.o
    0x08007f10   0x08007f10   0x00000018   Code   RO         5219    i.pvTaskIncrementMutexHeldCount  tasks.o
    0x08007f28   0x08007f28   0x0000002c   Code   RO         6319    i.pxPortInitialiseStack  port.o
    0x08007f54   0x08007f54   0x0000002a   Code   RO         4360    i.sat               observer.o
    0x08007f7e   0x08007f7e   0x00000026   Code   RO         4767    i.uxListRemove      list.o
    0x08007fa4   0x08007fa4   0x00000014   Code   RO         5822    i.vApplicationGetIdleTaskMemory  cmsis_os2.o
    0x08007fb8   0x08007fb8   0x00000018   Code   RO         5823    i.vApplicationGetTimerTaskMemory  cmsis_os2.o
    0x08007fd0   0x08007fd0   0x00000016   Code   RO         4768    i.vListInitialise   list.o
    0x08007fe6   0x08007fe6   0x00000006   Code   RO         4769    i.vListInitialiseItem  list.o
    0x08007fec   0x08007fec   0x00000030   Code   RO         4770    i.vListInsert       list.o
    0x0800801c   0x0800801c   0x00000018   Code   RO         4771    i.vListInsertEnd    list.o
    0x08008034   0x08008034   0x00000040   Code   RO         6321    i.vPortEnterCritical  port.o
    0x08008074   0x08008074   0x00000028   Code   RO         6322    i.vPortExitCritical  port.o
    0x0800809c   0x0800809c   0x00000064   Code   RO         6265    i.vPortFree         heap_4.o
    0x08008100   0x08008100   0x00000024   Code   RO         6323    i.vPortSetupTimerInterrupt  port.o
    0x08008124   0x08008124   0x00000054   Code   RO         6324    i.vPortValidateInterruptPriority  port.o
    0x08008178   0x08008178   0x00000024   Code   RO         4818    i.vQueueAddToRegistry  queue.o
    0x0800819c   0x0800819c   0x0000002e   Code   RO         4819    i.vQueueDelete      queue.o
    0x080081ca   0x080081ca   0x00000002   PAD
    0x080081cc   0x080081cc   0x00000028   Code   RO         4821    i.vQueueUnregisterQueue  queue.o
    0x080081f4   0x080081f4   0x00000044   Code   RO         4822    i.vQueueWaitForMessageRestricted  queue.o
    0x08008238   0x08008238   0x0000004c   Code   RO         5229    i.vTaskDelay        tasks.o
    0x08008284   0x08008284   0x00000090   Code   RO         5230    i.vTaskDelayUntil   tasks.o
    0x08008314   0x08008314   0x00000010   Code   RO         5234    i.vTaskInternalSetTimeOutState  tasks.o
    0x08008324   0x08008324   0x0000000c   Code   RO         5235    i.vTaskMissedYield  tasks.o
    0x08008330   0x08008330   0x00000030   Code   RO         5237    i.vTaskPlaceOnEventList  tasks.o
    0x08008360   0x08008360   0x00000038   Code   RO         5238    i.vTaskPlaceOnEventListRestricted  tasks.o
    0x08008398   0x08008398   0x00000090   Code   RO         5240    i.vTaskPriorityDisinheritAfterTimeout  tasks.o
    0x08008428   0x08008428   0x00000084   Code   RO         5246    i.vTaskStartScheduler  tasks.o
    0x080084ac   0x080084ac   0x00000010   Code   RO         5248    i.vTaskSuspendAll   tasks.o
    0x080084bc   0x080084bc   0x00000064   Code   RO         5249    i.vTaskSwitchContext  tasks.o
    0x08008520   0x08008520   0x000000f4   Code   RO         6325    i.xPortStartScheduler  port.o
    0x08008614   0x08008614   0x0000002c   Code   RO         6326    i.xPortSysTickHandler  port.o
    0x08008640   0x08008640   0x0000003a   Code   RO         4823    i.xQueueCreateCountingSemaphore  queue.o
    0x0800867a   0x0800867a   0x00000040   Code   RO         4824    i.xQueueCreateCountingSemaphoreStatic  queue.o
    0x080086ba   0x080086ba   0x00000042   Code   RO         4827    i.xQueueGenericCreate  queue.o
    0x080086fc   0x080086fc   0x00000066   Code   RO         4828    i.xQueueGenericCreateStatic  queue.o
    0x08008762   0x08008762   0x00000002   PAD
    0x08008764   0x08008764   0x00000088   Code   RO         4829    i.xQueueGenericReset  queue.o
    0x080087ec   0x080087ec   0x00000164   Code   RO         4830    i.xQueueGenericSend  queue.o
    0x08008950   0x08008950   0x000000be   Code   RO         4831    i.xQueueGenericSendFromISR  queue.o
    0x08008a0e   0x08008a0e   0x0000009c   Code   RO         4834    i.xQueueGiveFromISR  queue.o
    0x08008aaa   0x08008aaa   0x00000002   PAD
    0x08008aac   0x08008aac   0x00000138   Code   RO         4840    i.xQueueReceive     queue.o
    0x08008be4   0x08008be4   0x0000009a   Code   RO         4841    i.xQueueReceiveFromISR  queue.o
    0x08008c7e   0x08008c7e   0x00000002   PAD
    0x08008c80   0x08008c80   0x00000178   Code   RO         4842    i.xQueueSemaphoreTake  queue.o
    0x08008df8   0x08008df8   0x00000074   Code   RO         5251    i.xTaskCheckForTimeOut  tasks.o
    0x08008e6c   0x08008e6c   0x0000005a   Code   RO         5252    i.xTaskCreate       tasks.o
    0x08008ec6   0x08008ec6   0x0000005a   Code   RO         5253    i.xTaskCreateStatic  tasks.o
    0x08008f20   0x08008f20   0x0000001c   Code   RO         5257    i.xTaskGetSchedulerState  tasks.o
    0x08008f3c   0x08008f3c   0x0000000c   Code   RO         5258    i.xTaskGetTickCount  tasks.o
    0x08008f48   0x08008f48   0x00000010   Code   RO         5259    i.xTaskGetTickCountFromISR  tasks.o
    0x08008f58   0x08008f58   0x000000c8   Code   RO         5260    i.xTaskIncrementTick  tasks.o
    0x08009020   0x08009020   0x0000007c   Code   RO         5263    i.xTaskPriorityDisinherit  tasks.o
    0x0800909c   0x0800909c   0x0000007c   Code   RO         5264    i.xTaskPriorityInherit  tasks.o
    0x08009118   0x08009118   0x00000070   Code   RO         5265    i.xTaskRemoveFromEventList  tasks.o
    0x08009188   0x08009188   0x000000c0   Code   RO         5266    i.xTaskResumeAll    tasks.o
    0x08009248   0x08009248   0x00000060   Code   RO         5591    i.xTimerCreateTimerTask  timers.o
    0x080092a8   0x080092a8   0x00000064   Code   RO         5592    i.xTimerGenericCommand  timers.o
    0x0800930c   0x0800930c   0x0000006c   Data   RO          305    .constdata          app_freertos.o
    0x08009378   0x08009378   0x00000010   Data   RO         4200    .constdata          system_stm32g4xx.o
    0x08009388   0x08009388   0x00000008   Data   RO         4201    .constdata          system_stm32g4xx.o
    0x08009390   0x08009390   0x000005f0   Data   RO         4513    .constdata          lcd_spi.o
    0x08009980   0x08009980   0x00000021   Data   RO          306    .conststring        app_freertos.o
    0x080099a1   0x080099a1   0x00000003   PAD
    0x080099a4   0x080099a4   0x00000804   Data   RO         6516    .rodata.sinTable_f32  arm_cortexM4lf_math.lib(arm_common_tables.o)
    0x0800a1a8   0x0800a1a8   0x00000020   Data   RO         6938    Region$$Table       anon$$obj.o


    Execution Region RW_IRAM1 (Exec base: 0x20000000, Load base: 0x0800a1c8, Size: 0x00006af0, Max: 0x00020000, ABSOLUTE, COMPRESSED[0x00000068])

    Exec Addr    Load Addr    Size         Type   Attr      Idx    E Section Name        Object

    0x20000000   COMPRESSED   0x00000002   Data   RW           21    .data               main.o
    0x20000002   COMPRESSED   0x00000002   PAD
    0x20000004   COMPRESSED   0x00000094   Data   RW           22    .data               main.o
    0x20000098   COMPRESSED   0x00000004   Data   RW           23    .data               main.o
    0x2000009c   COMPRESSED   0x00000001   Data   RW           38    .data               main.o
    0x2000009d   COMPRESSED   0x00000003   PAD
    0x200000a0   COMPRESSED   0x00000010   Data   RW          308    .data               app_freertos.o
    0x200000b0   COMPRESSED   0x0000000c   Data   RW         1231    .data               stm32g4xx_hal.o
    0x200000bc   COMPRESSED   0x00000004   Data   RW         4202    .data               system_stm32g4xx.o
    0x200000c0   COMPRESSED   0x00000034   Data   RW         4255    .data               foc_function.o
    0x200000f4   COMPRESSED   0x00000014   Data   RW         4363    .data               observer.o
    0x20000108   COMPRESSED   0x00000038   Data   RW         4365    .data               observer.o
    0x20000140   COMPRESSED   0x0000002c   Data   RW         4366    .data               observer.o
    0x2000016c   COMPRESSED   0x00000018   Data   RW         4367    .data               observer.o
    0x20000184   COMPRESSED   0x00000002   Data   RW         4478    .data               led_key.o
    0x20000186   COMPRESSED   0x00000002   PAD
    0x20000188   COMPRESSED   0x00000004   Data   RW         4514    .data               lcd_spi.o
    0x2000018c   COMPRESSED   0x0000003c   Data   RW         5269    .data               tasks.o
    0x200001c8   COMPRESSED   0x00000014   Data   RW         5600    .data               timers.o
    0x200001dc   COMPRESSED   0x00000004   Data   RW         5825    .data               cmsis_os2.o
    0x200001e0   COMPRESSED   0x00000020   Data   RW         6271    .data               heap_4.o
    0x20000200   COMPRESSED   0x0000000c   Data   RW         6327    .data               port.o
    0x2000020c   COMPRESSED   0x00000004   Data   RW         6915    .data               mc_w.l(errno.o)
    0x20000210        -       0x0000000c   Zero   RW           20    .bss                main.o
    0x2000021c        -       0x00002400   Zero   RW          298    .bss                app_freertos.o
    0x2000261c        -       0x00000400   Zero   RW          299    .bss                app_freertos.o
    0x20002a1c        -       0x0000005c   Zero   RW          300    .bss                app_freertos.o
    0x20002a78        -       0x00000400   Zero   RW          301    .bss                app_freertos.o
    0x20002e78        -       0x0000005c   Zero   RW          302    .bss                app_freertos.o
    0x20002ed4        -       0x00000800   Zero   RW          303    .bss                app_freertos.o
    0x200036d4        -       0x0000005c   Zero   RW          304    .bss                app_freertos.o
    0x20003730        -       0x0000006c   Zero   RW          396    .bss                adc.o
    0x2000379c        -       0x000000c4   Zero   RW          462    .bss                spi.o
    0x20003860        -       0x000000e4   Zero   RW          509    .bss                tim.o
    0x20003944        -       0x0000004c   Zero   RW          700    .bss                stm32g4xx_hal_timebase_tim.o
    0x20003990        -       0x00000054   Zero   RW         4251    .bss                foc_function.o
    0x200039e4        -       0x00000020   Zero   RW         4252    .bss                foc_function.o
    0x20003a04        -       0x00000014   Zero   RW         4253    .bss                foc_function.o
    0x20003a18        -       0x00000040   Zero   RW         4844    .bss                queue.o
    0x20003a58        -       0x000004c4   Zero   RW         5268    .bss                tasks.o
    0x20003f1c        -       0x00000118   Zero   RW         5599    .bss                timers.o
    0x20004034        -       0x000006b8   Zero   RW         5824    .bss                cmsis_os2.o
    0x200046ec        -       0x00002000   Zero   RW         6270    .bss                heap_4.o
    0x200066ec   COMPRESSED   0x00000004   PAD
    0x200066f0        -       0x00000400   Zero   RW            1    STACK               startup_stm32g474xx.o


==============================================================================

Image component sizes


      Code (inc. data)   RO Data    RW Data    ZI Data      Debug   Object Name

       440         28          0          0        108       2177   adc.o
       804        140        141         16      13588       4511   app_freertos.o
       720         32          0          4       1720      70648   cmsis_os2.o
        60          4          0          0          0        894   dma.o
       108         26          0          0          0       2380   dwt_timer.o
         0          0          0          0          0      19652   event_groups.o
        84          6          0          0          0       1086   filter.o
      1684        208          0         52        136      11665   foc_function.o
       284         16          0          0          0       1175   gpio.o
       472         24          0         32       8192       5191   heap_4.o
      1052         66       1520          4          0       6454   lcd_spi.o
       140          8          0          2          0        799   led_key.o
       138          0          0          0          0       3790   list.o
      1698        164          0        155         12     929861   main.o
       806         72          0        144          0       8376   observer.o
       786         80          0         12          0      11981   port.o
      2470         26          0          0         64      27436   queue.o
       248         30          0          0        196       1934   spi.o
        36          8        472          0       1024        868   startup_stm32g474xx.o
        58         10          0         12          0       3206   stm32g4xx_hal.o
      3430        214          0          0          0      85204   stm32g4xx_hal_adc.o
      2286        128          0          0          0      80664   stm32g4xx_hal_adc_ex.o
       158         14          0          0          0      33214   stm32g4xx_hal_cortex.o
       800         30          0          0          0       6162   stm32g4xx_hal_dma.o
       468         32          0          0          0       3724   stm32g4xx_hal_gpio.o
        76          6          0          0          0        962   stm32g4xx_hal_msp.o
         2          0          0          0          0        570   stm32g4xx_hal_pwr.o
       300         24          0          0          0       4552   stm32g4xx_hal_pwr_ex.o
      1696         86          0          0          0       6830   stm32g4xx_hal_rcc.o
       792         10          0          0          0       2148   stm32g4xx_hal_rcc_ex.o
      1798         28          0          0          0      12171   stm32g4xx_hal_spi.o
      3426        358          0          0          0      24216   stm32g4xx_hal_tim.o
       704         80          0          0          0       9401   stm32g4xx_hal_tim_ex.o
       136         20          0          0         76       1547   stm32g4xx_hal_timebase_tim.o
        88         36          0          0          0       6613   stm32g4xx_it.o
         0          0          0          0          0        392   stream_buffer.o
        16          4         24          4          0       1247   system_stm32g4xx.o
      2518        196          0         60       1220      32654   tasks.o
       808         64          0          0        228       4916   tim.o
       972         82          0         20        280      32859   timers.o

    ----------------------------------------------------------------------
     32620       2360       2192        524      26848    1464130   Object Totals
         0          0         32          0          0          0   (incl. Generated)
        58          0          3          7          4          0   (incl. Padding)

    ----------------------------------------------------------------------

      Code (inc. data)   RO Data    RW Data    ZI Data      Debug   Library Member Name

         0          0       2052          0          0       6294   arm_common_tables.o
       292         16          0          0          0       1600   arm_sin_cos_f32.o
       176          0          0          0          0        168   fmodf.o
        16          6          0          0          0        116   funder.o
        58          0          0          0          0        136   sqrtf.o
        58          0          0          0          0          0   __dczerorl.o
         0          0          0          0          0          0   entry.o
         0          0          0          0          0          0   entry10a.o
         0          0          0          0          0          0   entry11a.o
         4          0          0          0          0          0   entry12b.o
         8          4          0          0          0          0   entry2.o
         4          0          0          0          0          0   entry5.o
         0          0          0          0          0          0   entry7b.o
         0          0          0          0          0          0   entry8b.o
         8          4          0          0          0          0   entry9a.o
        12          6          0          4          0         68   errno.o
        30          0          0          0          0          0   handlers.o
        36          8          0          0          0         68   init.o
         0          0          0          0          0          0   iusefp.o
        30          0          0          0          0         68   llshl.o
        36          0          0          0          0         68   llsshr.o
        32          0          0          0          0         68   llushr.o
        36          0          0          0          0         68   memcpya.o
        36          0          0          0          0        108   memseta.o
      2236         86          0          0          0        532   printfa.o
        44          0          0          0          0         80   uidiv.o
        98          0          0          0          0         92   uldiv.o
        48          0          0          0          0         68   cdrcmple.o
       334          0          0          0          0        148   dadd.o
       222          0          0          0          0        100   ddiv.o
       186          0          0          0          0        176   depilogue.o
        48          0          0          0          0         68   dfixul.o
       228          0          0          0          0         96   dmul.o
        38          0          0          0          0         68   f2d.o
       110          0          0          0          0        168   fepilogue.o
        82          0          0          0          0         96   frem.o

    ----------------------------------------------------------------------
      4552        130       2052          4          0      10522   Library Totals
         6          0          0          0          0          0   (incl. Padding)

    ----------------------------------------------------------------------

      Code (inc. data)   RO Data    RW Data    ZI Data      Debug   Library Name

       292         16       2052          0          0       7894   arm_cortexM4lf_math.lib
       250          6          0          0          0        420   m_wm.l
      2708        108          0          4          0       1220   mc_w.l
      1296          0          0          0          0        988   mf_w.l

    ----------------------------------------------------------------------
      4552        130       2052          4          0      10522   Library Totals

    ----------------------------------------------------------------------

==============================================================================


      Code (inc. data)   RO Data    RW Data    ZI Data      Debug   

     37172       2490       4244        528      26848    1448244   Grand Totals
     37172       2490       4244        104      26848    1448244   ELF Image Totals (compressed)
     37172       2490       4244        104          0          0   ROM Totals

==============================================================================

    Total RO  Size (Code + RO Data)                41416 (  40.45kB)
    Total RW  Size (RW Data + ZI Data)             27376 (  26.73kB)
    Total ROM Size (Code + RO Data + RW Data)      41520 (  40.55kB)

==============================================================================

